Archive member included because of file (symbol)

c:/program files/emblocks/2.10/share/em_armgcc/bin/../lib/gcc/arm-none-eabi/4.7.3/../../../../arm-none-eabi/lib/armv7e-m/fpu\libc_n.a(lib_a-__atexit2.o)
                              c:/program files/emblocks/2.10/share/em_armgcc/bin/../lib/gcc/arm-none-eabi/4.7.3/../../../../arm-none-eabi/lib/armv7e-m/fpu/crt0.o (__register_exitproc)
c:/program files/emblocks/2.10/share/em_armgcc/bin/../lib/gcc/arm-none-eabi/4.7.3/../../../../arm-none-eabi/lib/armv7e-m/fpu\libc_n.a(lib_a-atoi.o)
                              obj\debug\src\spliturl.o (atoi)
c:/program files/emblocks/2.10/share/em_armgcc/bin/../lib/gcc/arm-none-eabi/4.7.3/../../../../arm-none-eabi/lib/armv7e-m/fpu\libc_n.a(lib_a-exit.o)
                              c:/program files/emblocks/2.10/share/em_armgcc/bin/../lib/gcc/arm-none-eabi/4.7.3/../../../../arm-none-eabi/lib/armv7e-m/fpu/crt0.o (exit)
c:/program files/emblocks/2.10/share/em_armgcc/bin/../lib/gcc/arm-none-eabi/4.7.3/../../../../arm-none-eabi/lib/armv7e-m/fpu\libc_n.a(lib_a-fini.o)
                              c:/program files/emblocks/2.10/share/em_armgcc/bin/../lib/gcc/arm-none-eabi/4.7.3/../../../../arm-none-eabi/lib/armv7e-m/fpu/crt0.o (__libc_fini_array)
c:/program files/emblocks/2.10/share/em_armgcc/bin/../lib/gcc/arm-none-eabi/4.7.3/../../../../arm-none-eabi/lib/armv7e-m/fpu\libc_n.a(lib_a-impure.o)
                              c:/program files/emblocks/2.10/share/em_armgcc/bin/../lib/gcc/arm-none-eabi/4.7.3/../../../../arm-none-eabi/lib/armv7e-m/fpu\libc_n.a(lib_a-exit.o) (_global_impure_ptr)
c:/program files/emblocks/2.10/share/em_armgcc/bin/../lib/gcc/arm-none-eabi/4.7.3/../../../../arm-none-eabi/lib/armv7e-m/fpu\libc_n.a(lib_a-init.o)
                              c:/program files/emblocks/2.10/share/em_armgcc/bin/../lib/gcc/arm-none-eabi/4.7.3/../../../../arm-none-eabi/lib/armv7e-m/fpu/crt0.o (__libc_init_array)
c:/program files/emblocks/2.10/share/em_armgcc/bin/../lib/gcc/arm-none-eabi/4.7.3/../../../../arm-none-eabi/lib/armv7e-m/fpu\libc_n.a(lib_a-memchr.o)
                              obj\debug\src\spliturl.o (memchr)
c:/program files/emblocks/2.10/share/em_armgcc/bin/../lib/gcc/arm-none-eabi/4.7.3/../../../../arm-none-eabi/lib/armv7e-m/fpu\libc_n.a(lib_a-memcmp.o)
                              obj\debug\freertos\src\tasks.o (memcmp)
c:/program files/emblocks/2.10/share/em_armgcc/bin/../lib/gcc/arm-none-eabi/4.7.3/../../../../arm-none-eabi/lib/armv7e-m/fpu\libc_n.a(lib_a-memcpy.o)
                              obj\debug\freertos\src\queue.o (memcpy)
c:/program files/emblocks/2.10/share/em_armgcc/bin/../lib/gcc/arm-none-eabi/4.7.3/../../../../arm-none-eabi/lib/armv7e-m/fpu\libc_n.a(lib_a-memset.o)
                              c:/program files/emblocks/2.10/share/em_armgcc/bin/../lib/gcc/arm-none-eabi/4.7.3/../../../../arm-none-eabi/lib/armv7e-m/fpu/crt0.o (memset)
c:/program files/emblocks/2.10/share/em_armgcc/bin/../lib/gcc/arm-none-eabi/4.7.3/../../../../arm-none-eabi/lib/armv7e-m/fpu\libc_n.a(lib_a-printf.o)
                              obj\debug\src\vs10xx.o (printf)
c:/program files/emblocks/2.10/share/em_armgcc/bin/../lib/gcc/arm-none-eabi/4.7.3/../../../../arm-none-eabi/lib/armv7e-m/fpu\libc_n.a(lib_a-snprintf.o)
                              obj\debug\src\main.o (snprintf)
c:/program files/emblocks/2.10/share/em_armgcc/bin/../lib/gcc/arm-none-eabi/4.7.3/../../../../arm-none-eabi/lib/armv7e-m/fpu\libc_n.a(lib_a-sprintf.o)
                              obj\debug\src\main.o (sprintf)
c:/program files/emblocks/2.10/share/em_armgcc/bin/../lib/gcc/arm-none-eabi/4.7.3/../../../../arm-none-eabi/lib/armv7e-m/fpu\libc_n.a(lib_a-strchr.o)
                              obj\debug\src\dns.o (strchr)
c:/program files/emblocks/2.10/share/em_armgcc/bin/../lib/gcc/arm-none-eabi/4.7.3/../../../../arm-none-eabi/lib/armv7e-m/fpu\libc_n.a(lib_a-strcpy.o)
                              obj\debug\src\dns.o (strcpy)
c:/program files/emblocks/2.10/share/em_armgcc/bin/../lib/gcc/arm-none-eabi/4.7.3/../../../../arm-none-eabi/lib/armv7e-m/fpu\libc_n.a(lib_a-strlen.o)
                              obj\debug\src\dns.o (strlen)
c:/program files/emblocks/2.10/share/em_armgcc/bin/../lib/gcc/arm-none-eabi/4.7.3/../../../../arm-none-eabi/lib/armv7e-m/fpu\libc_n.a(lib_a-strncasecmp.o)
                              obj\debug\src\spliturl.o (strncasecmp)
c:/program files/emblocks/2.10/share/em_armgcc/bin/../lib/gcc/arm-none-eabi/4.7.3/../../../../arm-none-eabi/lib/armv7e-m/fpu\libc_n.a(lib_a-strncpy.o)
                              obj\debug\src\dns.o (strncpy)
c:/program files/emblocks/2.10/share/em_armgcc/bin/../lib/gcc/arm-none-eabi/4.7.3/../../../../arm-none-eabi/lib/armv7e-m/fpu\libc_n.a(lib_a-strtol.o)
                              c:/program files/emblocks/2.10/share/em_armgcc/bin/../lib/gcc/arm-none-eabi/4.7.3/../../../../arm-none-eabi/lib/armv7e-m/fpu\libc_n.a(lib_a-atoi.o) (_strtol_r)
[...]
Memory Configuration

Name             Origin             Length             Attributes
ROM              0x08000000         0x00080000         xr
RAM              0x20000000         0x00018000         xrw
*default*        0x00000000         0xffffffff

Linker script and memory map

LOAD c:/program files/emblocks/2.10/share/em_armgcc/bin/../lib/gcc/arm-none-eabi/4.7.3/armv7e-m/fpu/crti.o
LOAD c:/program files/emblocks/2.10/share/em_armgcc/bin/../lib/gcc/arm-none-eabi/4.7.3/armv7e-m/fpu/crtbegin.o
LOAD c:/program files/emblocks/2.10/share/em_armgcc/bin/../lib/gcc/arm-none-eabi/4.7.3/../../../../arm-none-eabi/lib/armv7e-m/fpu/crt0.o
                0x00000000                __HEAP_SIZE = 0x0
                0x00000100                __STACK_SIZE = 0x100

.text           0x08000000    0x12ce0
 *(.isr_vector)
 .isr_vector    0x08000000      0x188 obj\debug\src\startup_stm32f4xx.o
                0x08000000                __isr_vector
 *(.text*)
 .text          0x08000188       0x54 c:/program files/emblocks/2.10/share/em_armgcc/bin/../lib/gcc/arm-none-eabi/4.7.3/armv7e-m/fpu/crtbegin.o
 .text          0x080001dc       0x70 c:/program files/emblocks/2.10/share/em_armgcc/bin/../lib/gcc/arm-none-eabi/4.7.3/../../../../arm-none-eabi/lib/armv7e-m/fpu/crt0.o
                0x080001dc                _start
                0x080001dc                start
                0x080001dc                _mainCRTStartup
 .text.NVIC_Init
                0x0800024c       0x9c obj\debug\spl\src\misc.o
                0x0800024c                NVIC_Init
 .text.ADC_Init
                0x080002e8      0x154 obj\debug\spl\src\stm32f4xx_adc.o
                0x080002e8                ADC_Init
 .text.ADC_StructInit
                0x0800043c       0x14 obj\debug\spl\src\stm32f4xx_adc.o
                0x0800043c                ADC_StructInit
 .text.ADC_CommonInit
                0x08000450      0x10c obj\debug\spl\src\stm32f4xx_adc.o
                0x08000450                ADC_CommonInit
 .text.ADC_Cmd  0x0800055c       0x54 obj\debug\spl\src\stm32f4xx_adc.o
                0x0800055c                ADC_Cmd
 .text.ADC_RegularChannelConfig
                0x080005b0      0x100 obj\debug\spl\src\stm32f4xx_adc.o
                0x080005b0                ADC_RegularChannelConfig
 .text.ADC_SoftwareStartConv
                0x080006b0       0x38 obj\debug\spl\src\stm32f4xx_adc.o
                0x080006b0                ADC_SoftwareStartConv
 .text.ADC_GetConversionValue
                0x080006e8       0x34 obj\debug\spl\src\stm32f4xx_adc.o
                0x080006e8                ADC_GetConversionValue
 .text.ADC_GetFlagStatus
                0x0800071c       0x5c obj\debug\spl\src\stm32f4xx_adc.o
                0x0800071c                ADC_GetFlagStatus
 .text.GPIO_Init
                0x08000778      0x138 obj\debug\spl\src\stm32f4xx_gpio.o
                0x08000778                GPIO_Init
 .text.GPIO_StructInit
                0x080008b0       0x12 obj\debug\spl\src\stm32f4xx_gpio.o
                0x080008b0                GPIO_StructInit
 *fill*         0x080008c2        0x2 
 .text.GPIO_ReadInputDataBit
                0x080008c4       0xd4 obj\debug\spl\src\stm32f4xx_gpio.o
                0x080008c4                GPIO_ReadInputDataBit
 .text.GPIO_SetBits
                0x08000998       0x80 obj\debug\spl\src\stm32f4xx_gpio.o
                0x08000998                GPIO_SetBits
 .text.GPIO_ResetBits
                0x08000a18       0x80 obj\debug\spl\src\stm32f4xx_gpio.o
                0x08000a18                GPIO_ResetBits
 .text.GPIO_WriteBit
                0x08000a98       0xe4 obj\debug\spl\src\stm32f4xx_gpio.o
                0x08000a98                GPIO_WriteBit
 .text.GPIO_PinAFConfig
                0x08000b7c       0xe8 obj\debug\spl\src\stm32f4xx_gpio.o
                0x08000b7c                GPIO_PinAFConfig
 .text.RCC_GetClocksFreq
                0x08000c64       0x8c obj\debug\spl\src\stm32f4xx_rcc.o
                0x08000c64                RCC_GetClocksFreq
 .text.RCC_AHB1PeriphClockCmd
                0x08000cf0       0x48 obj\debug\spl\src\stm32f4xx_rcc.o
                0x08000cf0                RCC_AHB1PeriphClockCmd
 .text.RCC_APB1PeriphClockCmd
                0x08000d38       0x48 obj\debug\spl\src\stm32f4xx_rcc.o
                0x08000d38                RCC_APB1PeriphClockCmd
 .text.RCC_APB2PeriphClockCmd
                0x08000d80       0x48 obj\debug\spl\src\stm32f4xx_rcc.o
                0x08000d80                RCC_APB2PeriphClockCmd
 .text.SPI_Init
                0x08000dc8      0x14c obj\debug\spl\src\stm32f4xx_spi.o
                0x08000dc8                SPI_Init
 .text.SPI_StructInit
                0x08000f14       0x18 obj\debug\spl\src\stm32f4xx_spi.o
                0x08000f14                SPI_StructInit
 .text.SPI_Cmd  0x08000f2c       0x70 obj\debug\spl\src\stm32f4xx_spi.o
                0x08000f2c                SPI_Cmd
 .text.SPI_I2S_ReceiveData
                0x08000f9c       0x58 obj\debug\spl\src\stm32f4xx_spi.o
                0x08000f9c                SPI_I2S_ReceiveData
 .text.SPI_I2S_SendData
                0x08000ff4       0x58 obj\debug\spl\src\stm32f4xx_spi.o
                0x08000ff4                SPI_I2S_SendData
 .text.SPI_I2S_GetFlagStatus
                0x0800104c       0x90 obj\debug\spl\src\stm32f4xx_spi.o
                0x0800104c                SPI_I2S_GetFlagStatus
 .text.USART_Init
                0x080010dc      0x1c8 obj\debug\spl\src\stm32f4xx_usart.o
                0x080010dc                USART_Init
 .text.USART_Cmd
                0x080012a4       0x80 obj\debug\spl\src\stm32f4xx_usart.o
                0x080012a4                USART_Cmd
 .text.USART_SendData
                0x08001324       0x70 obj\debug\spl\src\stm32f4xx_usart.o
                0x08001324                USART_SendData
 .text.USART_ITConfig
                0x08001394      0x108 obj\debug\spl\src\stm32f4xx_usart.o
                0x08001394                USART_ITConfig
 .text.USART_GetFlagStatus
                0x0800149c       0xc4 obj\debug\spl\src\stm32f4xx_usart.o
                0x0800149c                USART_GetFlagStatus
 .text.USART_GetITStatus
                0x08001560      0x114 obj\debug\spl\src\stm32f4xx_usart.o
                0x08001560                USART_GetITStatus
 .text.xEventGroupCreate
                0x08001674       0x1a obj\debug\freertos\src\event_groups.o
                0x08001674                xEventGroupCreate
 .text.xEventGroupWaitBits
                0x0800168e       0xe2 obj\debug\freertos\src\event_groups.o
                0x0800168e                xEventGroupWaitBits
 .text.xEventGroupSetBits
                0x08001770       0x6a obj\debug\freertos\src\event_groups.o
                0x08001770                xEventGroupSetBits
 *fill*         0x080017da        0x2 
 .text.prvInsertBlockIntoFreeList
                0x080017dc       0x4c obj\debug\freertos\src\heap_4.o
 .text.pvPortMalloc
                0x08001828       0xec obj\debug\freertos\src\heap_4.o
                0x08001828                pvPortMalloc
 .text.vPortFree
                0x08001914       0x58 obj\debug\freertos\src\heap_4.o
                0x08001914                vPortFree
 .text.vListInitialise
                0x0800196c       0x16 obj\debug\freertos\src\list.o
                0x0800196c                vListInitialise
 .text.vListInitialiseItem
                0x08001982        0x6 obj\debug\freertos\src\list.o
                0x08001982                vListInitialiseItem
 .text.vListInsertEnd
                0x08001988       0x18 obj\debug\freertos\src\list.o
                0x08001988                vListInsertEnd
 .text.vListInsert
                0x080019a0       0x30 obj\debug\freertos\src\list.o
                0x080019a0                vListInsert
 .text.uxListRemove
                0x080019d0       0x24 obj\debug\freertos\src\list.o
                0x080019d0                uxListRemove
 .text.prvPortStartFirstTask
                0x080019f4       0x1c obj\debug\freertos\src\port.o
 .text.vPortEnableVFP
                0x08001a10       0x14 obj\debug\freertos\src\port.o
 .text.pxPortInitialiseStack
                0x08001a24       0x24 obj\debug\freertos\src\port.o
                0x08001a24                pxPortInitialiseStack
 .text.SVC_Handler
                0x08001a48       0x20 obj\debug\freertos\src\port.o
                0x08001a48                SVC_Handler
 .text.vPortYield
                0x08001a68       0x18 obj\debug\freertos\src\port.o
                0x08001a68                vPortYield
 .text.ulPortSetInterruptMask
                0x08001a80       0x10 obj\debug\freertos\src\port.o
                0x08001a80                ulPortSetInterruptMask
 .text.vPortEnterCritical
                0x08001a90       0x1c obj\debug\freertos\src\port.o
                0x08001a90                vPortEnterCritical
 .text.prvTaskExitError
                0x08001aac       0x1c obj\debug\freertos\src\port.o
 .text.vPortClearInterruptMask
                0x08001ac8        0x6 obj\debug\freertos\src\port.o
                0x08001ac8                vPortClearInterruptMask
 *fill*         0x08001ace        0x2 
 .text.vPortExitCritical
                0x08001ad0       0x24 obj\debug\freertos\src\port.o
                0x08001ad0                vPortExitCritical
 .text.PendSV_Handler
                0x08001af4       0x58 obj\debug\freertos\src\port.o
                0x08001af4                PendSV_Handler
 .text.SysTick_Handler
                0x08001b4c       0x24 obj\debug\freertos\src\port.o
                0x08001b4c                SysTick_Handler
 .text.vPortSetupTimerInterrupt
                0x08001b70       0x24 obj\debug\freertos\src\port.o
                0x08001b70                vPortSetupTimerInterrupt
 .text.xPortStartScheduler
                0x08001b94       0x9c obj\debug\freertos\src\port.o
                0x08001b94                xPortStartScheduler
 .text.vPortValidateInterruptPriority
                0x08001c30       0x44 obj\debug\freertos\src\port.o
                0x08001c30                vPortValidateInterruptPriority
 .text.prvUnlockQueue
                0x08001c74       0x68 obj\debug\freertos\src\queue.o
 .text.unlikely.prvCopyDataFromQueue
                0x08001cdc       0x26 obj\debug\freertos\src\queue.o
 .text.prvCopyDataToQueue
                0x08001d02       0x66 obj\debug\freertos\src\queue.o
 .text.xQueueGenericReset
                0x08001d68       0x64 obj\debug\freertos\src\queue.o
                0x08001d68                xQueueGenericReset
 .text.xQueueGenericCreate
                0x08001dcc       0x46 obj\debug\freertos\src\queue.o
                0x08001dcc                xQueueGenericCreate
 .text.xQueueGenericSend
                0x08001e12      0x12e obj\debug\freertos\src\queue.o
                0x08001e12                xQueueGenericSend
 .text.xQueueCreateMutex
                0x08001f40       0x56 obj\debug\freertos\src\queue.o
                0x08001f40                xQueueCreateMutex
 .text.xQueueGenericSendFromISR
                0x08001f96       0x94 obj\debug\freertos\src\queue.o
                0x08001f96                xQueueGenericSendFromISR
 .text.xQueueGenericReceive
                0x0800202a      0x146 obj\debug\freertos\src\queue.o
                0x0800202a                xQueueGenericReceive
 .text.vQueueAddToRegistry
                0x08002170       0x28 obj\debug\freertos\src\queue.o
                0x08002170                vQueueAddToRegistry
 .text.vQueueWaitForMessageRestricted
                0x08002198       0x3a obj\debug\freertos\src\queue.o
                0x08002198                vQueueWaitForMessageRestricted
 *fill*         0x080021d2        0x2 
 .text.prvResetNextTaskUnblockTime
                0x080021d4       0x24 obj\debug\freertos\src\tasks.o
 .text.prvAddCurrentTaskToDelayedList
                0x080021f8       0x50 obj\debug\freertos\src\tasks.o
 .text.xTaskGenericCreate
                0x08002248      0x190 obj\debug\freertos\src\tasks.o
                0x08002248                xTaskGenericCreate
 .text.vTaskStartScheduler
                0x080023d8       0x5c obj\debug\freertos\src\tasks.o
                0x080023d8                vTaskStartScheduler
 .text.vTaskSuspendAll
                0x08002434       0x10 obj\debug\freertos\src\tasks.o
                0x08002434                vTaskSuspendAll
 .text.xTaskGetTickCount
                0x08002444       0x18 obj\debug\freertos\src\tasks.o
                0x08002444                xTaskGetTickCount
 .text.xTaskIncrementTick
                0x0800245c      0x118 obj\debug\freertos\src\tasks.o
                0x0800245c                xTaskIncrementTick
 .text.xTaskResumeAll
                0x08002574       0xd4 obj\debug\freertos\src\tasks.o
                0x08002574                xTaskResumeAll
 .text.prvIdleTask
                0x08002648       0x64 obj\debug\freertos\src\tasks.o
 .text.vTaskDelay
                0x080026ac       0x4c obj\debug\freertos\src\tasks.o
                0x080026ac                vTaskDelay
 .text.vTaskSwitchContext
                0x080026f8       0xa8 obj\debug\freertos\src\tasks.o
                0x080026f8                vTaskSwitchContext
 .text.vTaskPlaceOnEventList
                0x080027a0       0x34 obj\debug\freertos\src\tasks.o
                0x080027a0                vTaskPlaceOnEventList
 .text.vTaskPlaceOnUnorderedEventList
                0x080027d4       0x4c obj\debug\freertos\src\tasks.o
                0x080027d4                vTaskPlaceOnUnorderedEventList
 .text.vTaskPlaceOnEventListRestricted
                0x08002820       0x34 obj\debug\freertos\src\tasks.o
                0x08002820                vTaskPlaceOnEventListRestricted
 .text.xTaskRemoveFromEventList
                0x08002854       0x74 obj\debug\freertos\src\tasks.o
                0x08002854                xTaskRemoveFromEventList
 .text.xTaskRemoveFromUnorderedEventList
                0x080028c8       0x70 obj\debug\freertos\src\tasks.o
                0x080028c8                xTaskRemoveFromUnorderedEventList
 .text.vTaskSetTimeOutState
                0x08002938       0x20 obj\debug\freertos\src\tasks.o
                0x08002938                vTaskSetTimeOutState
 .text.xTaskCheckForTimeOut
                0x08002958       0x58 obj\debug\freertos\src\tasks.o
                0x08002958                xTaskCheckForTimeOut
 .text.vTaskMissedYield
                0x080029b0        0xc obj\debug\freertos\src\tasks.o
                0x080029b0                vTaskMissedYield
 .text.xTaskGetCurrentTaskHandle
                0x080029bc        0xc obj\debug\freertos\src\tasks.o
                0x080029bc                xTaskGetCurrentTaskHandle
 .text.xTaskGetSchedulerState
                0x080029c8       0x20 obj\debug\freertos\src\tasks.o
                0x080029c8                xTaskGetSchedulerState
 .text.vTaskPriorityInherit
                0x080029e8       0x78 obj\debug\freertos\src\tasks.o
                0x080029e8                vTaskPriorityInherit
 .text.vTaskPriorityDisinherit
                0x08002a60       0x4c obj\debug\freertos\src\tasks.o
                0x08002a60                vTaskPriorityDisinherit
 .text.uxTaskResetEventItemValue
                0x08002aac       0x18 obj\debug\freertos\src\tasks.o
                0x08002aac                uxTaskResetEventItemValue
 .text.prvCheckForValidListAndQueue
                0x08002ac4       0x60 obj\debug\freertos\src\timers.o
 .text.prvInsertTimerInActiveList
                0x08002b24       0x3c obj\debug\freertos\src\timers.o
 .text.xTimerCreateTimerTask
                0x08002b60       0x40 obj\debug\freertos\src\timers.o
                0x08002b60                xTimerCreateTimerTask
 .text.xTimerCreate
                0x08002ba0       0x40 obj\debug\freertos\src\timers.o
                0x08002ba0                xTimerCreate
 .text.xTimerGenericCommand
                0x08002be0       0x44 obj\debug\freertos\src\timers.o
                0x08002be0                xTimerGenericCommand
 .text.prvSwitchTimerLists
                0x08002c24       0x74 obj\debug\freertos\src\timers.o
 .text.prvTimerTask
                0x08002c98      0x174 obj\debug\freertos\src\timers.o
 .text._lcd_write_byte
                0x08002e0c       0x9a obj\debug\src\lcdshield.o
 .text._lcd_write_command
                0x08002ea6       0x1c obj\debug\src\lcdshield.o
 *fill*         0x08002ec2        0x2 
 .text.lcd_init_context
                0x08002ec4       0x48 obj\debug\src\lcdshield.o
                0x08002ec4                lcd_init_context
 .text.lcd_write
                0x08002f0c       0x26 obj\debug\src\lcdshield.o
                0x08002f0c                lcd_write
 .text.lcd_set_backlight
                0x08002f32       0x10 obj\debug\src\lcdshield.o
                0x08002f32                lcd_set_backlight
 .text.lcd_cls  0x08002f42        0x6 obj\debug\src\lcdshield.o
                0x08002f42                lcd_cls
 .text.lcd_init_gpio
                0x08002f48       0xd2 obj\debug\src\lcdshield.o
                0x08002f48                lcd_init_gpio
 .text.lcd_home
                0x0800301a        0x6 obj\debug\src\lcdshield.o
                0x0800301a                lcd_home
 .text.adc_configure
                0x08003020       0x90 obj\debug\src\analog_input.o
                0x08003020                adc_configure
 .text.adc_convert
                0x080030b0       0x24 obj\debug\src\analog_input.o
                0x080030b0                adc_convert
 .text.val2key  0x080030d4       0x38 obj\debug\src\analog_input.o
                0x080030d4                val2key
 .text.comm_put
                0x0800310c       0x20 obj\debug\src\comm.o
                0x0800310c                comm_put
 .text.default_ip_assign
                0x0800312c       0x38 obj\debug\src\dhcp.o
                0x0800312c                default_ip_assign
 .text.default_ip_update
                0x08003164       0x28 obj\debug\src\dhcp.o
                0x08003164                default_ip_update
 .text.makeDHCPMSG
                0x0800318c       0xd8 obj\debug\src\dhcp.o
                0x0800318c                makeDHCPMSG
 .text.send_DHCP_DISCOVER
                0x08003264      0x160 obj\debug\src\dhcp.o
                0x08003264                send_DHCP_DISCOVER
 .text.send_DHCP_REQUEST
                0x080033c4      0x230 obj\debug\src\dhcp.o
                0x080033c4                send_DHCP_REQUEST
 .text.send_DHCP_DECLINE
                0x080035f4       0xf0 obj\debug\src\dhcp.o
                0x080035f4                send_DHCP_DECLINE
 .text.parseDHCPMSG
                0x080036e4      0x180 obj\debug\src\dhcp.o
                0x080036e4                parseDHCPMSG
 .text.check_DHCP_leasedIP
                0x08003864       0x70 obj\debug\src\dhcp.o
                0x08003864                check_DHCP_leasedIP
 .text.reset_DHCP_timeout
                0x080038d4       0x20 obj\debug\src\dhcp.o
                0x080038d4                reset_DHCP_timeout
 .text.DHCP_init
                0x080038f4       0xa4 obj\debug\src\dhcp.o
                0x080038f4                DHCP_init
 .text.check_DHCP_timeout
                0x08003998       0x90 obj\debug\src\dhcp.o
                0x08003998                check_DHCP_timeout
 .text.DHCP_run
                0x08003a28      0x17c obj\debug\src\dhcp.o
                0x08003a28                DHCP_run
 .text.DHCP_time_handler
                0x08003ba4       0x10 obj\debug\src\dhcp.o
                0x08003ba4                DHCP_time_handler
 .text.getIPfromDHCP
                0x08003bb4       0x18 obj\debug\src\dhcp.o
                0x08003bb4                getIPfromDHCP
 .text.getGWfromDHCP
                0x08003bcc       0x18 obj\debug\src\dhcp.o
                0x08003bcc                getGWfromDHCP
 .text.getSNfromDHCP
                0x08003be4       0x18 obj\debug\src\dhcp.o
                0x08003be4                getSNfromDHCP
 .text.getDNSfromDHCP
                0x08003bfc       0x18 obj\debug\src\dhcp.o
                0x08003bfc                getDNSfromDHCP
 .text.getDHCPLeasetime
                0x08003c14        0xc obj\debug\src\dhcp.o
                0x08003c14                getDHCPLeasetime
 .text.parse_name
                0x08003c20       0x94 obj\debug\src\dns.o
                0x08003c20                parse_name
 .text.dns_question
                0x08003cb4       0x1a obj\debug\src\dns.o
                0x08003cb4                dns_question
 .text.dns_answer
                0x08003cce       0xaa obj\debug\src\dns.o
                0x08003cce                dns_answer
 .text.parseDNSMSG
                0x08003d78       0xda obj\debug\src\dns.o
                0x08003d78                parseDNSMSG
 *fill*         0x08003e52        0x2 
 .text.dns_makequery
                0x08003e54       0xac obj\debug\src\dns.o
                0x08003e54                dns_makequery
 .text.check_DNS_timeout
                0x08003f00       0x30 obj\debug\src\dns.o
                0x08003f00                check_DNS_timeout
 .text.DNS_init
                0x08003f30       0x1c obj\debug\src\dns.o
                0x08003f30                DNS_init
 .text.DNS_run  0x08003f4c       0xbc obj\debug\src\dns.o
                0x08003f4c                DNS_run
 .text.DNS_time_handler
                0x08004008       0x10 obj\debug\src\dns.o
                0x08004008                DNS_time_handler
 .text.SERIAL_puts
                0x08004018       0x58 obj\debug\src\main.o
                0x08004018                SERIAL_puts
 .text.vTask1   0x08004070       0x20 obj\debug\src\main.o
 .text.wiz_chip_deselect
                0x08004090       0x10 obj\debug\src\main.o
                0x08004090                wiz_chip_deselect
 .text.wiz_chip_select
                0x080040a0       0x10 obj\debug\src\main.o
                0x080040a0                wiz_chip_select
 .text.vTask2   0x080040b0       0x70 obj\debug\src\main.o
 .text.vTask5   0x08004120      0x39c obj\debug\src\main.o
                0x08004120                vTask5
 .text.vTimerCallback
                0x080044bc        0xe obj\debug\src\main.o
                0x080044bc                vTimerCallback
 *fill*         0x080044ca        0x2 
 .text.SPI_SendByte
                0x080044cc       0x34 obj\debug\src\main.o
                0x080044cc                SPI_SendByte
 .text.SPI_ReadByte
                0x08004500        0x6 obj\debug\src\main.o
                0x08004500                SPI_ReadByte
 *fill*         0x08004506        0x2 
 .text.wizchip_unlock
                0x08004508       0x14 obj\debug\src\main.o
                0x08004508                wizchip_unlock
 .text.wizchip_lock
                0x0800451c       0x14 obj\debug\src\main.o
                0x0800451c                wizchip_lock
 .text.USART1_IRQHandler
                0x08004530       0x18 obj\debug\src\main.o
                0x08004530                USART1_IRQHandler
 .text.USART2_IRQHandler
                0x08004548       0x84 obj\debug\src\main.o
                0x08004548                USART2_IRQHandler
 .text.GPIO_Init_edwin
                0x080045cc       0x74 obj\debug\src\main.o
                0x080045cc                GPIO_Init_edwin
 .text.init_USART1
                0x08004640       0xb4 obj\debug\src\main.o
                0x08004640                init_USART1
 .text.init_USART2
                0x080046f4       0xc0 obj\debug\src\main.o
                0x080046f4                init_USART2
 .text.init_Wiz_SPI_GPIO
                0x080047b4       0xe0 obj\debug\src\main.o
                0x080047b4                init_Wiz_SPI_GPIO
 .text.vTaskDHCP
                0x08004894      0x240 obj\debug\src\main.o
 .text.startup.main
                0x08004ad4      0x158 obj\debug\src\main.o
                0x08004ad4                main
 .text.vApplicationStackOverflowHook
                0x08004c2c        0x2 obj\debug\src\main.o
                0x08004c2c                vApplicationStackOverflowHook
 *fill*         0x08004c2e        0x2 
 .text.assert_failed
                0x08004c30       0x54 obj\debug\src\main.o
                0x08004c30                assert_failed
 .text.dump_mac
                0x08004c84       0x44 obj\debug\src\my_helpers.o
                0x08004c84                dump_mac
 .text.dump_ip  0x08004cc8       0x38 obj\debug\src\my_helpers.o
                0x08004cc8                dump_ip
 .text.dump_network_info
                0x08004d00       0xec obj\debug\src\my_helpers.o
                0x08004d00                dump_network_info
 .text.close    0x08004dec       0x6c obj\debug\src\socket.o
                0x08004dec                close
 .text.socket   0x08004e58      0x110 obj\debug\src\socket.o
                0x08004e58                socket
 .text.connect  0x08004f68       0xd8 obj\debug\src\socket.o
                0x08004f68                connect
 .text.send     0x08005040      0x12c obj\debug\src\socket.o
                0x08005040                send
 .text.recv     0x0800516c       0xe4 obj\debug\src\socket.o
                0x0800516c                recv
 .text.sendto   0x08005250      0x14c obj\debug\src\socket.o
                0x08005250                sendto
 .text.recvfrom
                0x0800539c      0x1cc obj\debug\src\socket.o
                0x0800539c                recvfrom
 .text          0x08005568      0x110 obj\debug\src\startup_stm32f4xx.o
                0x08005568                Reset_Handler
                0x080055b6                NMI_Handler
                0x080055b8                HardFault_Handler
                0x080055ba                MemManage_Handler
                0x080055bc                BusFault_Handler
                0x080055be                UsageFault_Handler
                0x080055c2                DebugMon_Handler
                0x080055c8                Default_Handler
                0x080055ca                WWDG_IRQHandler
                0x080055cc                PVD_IRQHandler
                0x080055ce                TAMP_STAMP_IRQHandler
                0x080055d0                RTC_WKUP_IRQHandler
                0x080055d2                FLASH_IRQHandler
                0x080055d4                RCC_IRQHandler
                0x080055d6                EXTI0_IRQHandler
                0x080055d8                EXTI1_IRQHandler
                0x080055da                EXTI2_IRQHandler
                0x080055dc                EXTI3_IRQHandler
                0x080055de                EXTI4_IRQHandler
                0x080055e0                DMA1_Stream0_IRQHandler
                0x080055e2                DMA1_Stream1_IRQHandler
                0x080055e4                DMA1_Stream2_IRQHandler
                0x080055e6                DMA1_Stream3_IRQHandler
                0x080055e8                DMA1_Stream4_IRQHandler
                0x080055ea                DMA1_Stream5_IRQHandler
                0x080055ec                DMA1_Stream6_IRQHandler
                0x080055ee                ADC_IRQHandler
                0x080055f0                CAN1_TX_IRQHandler
                0x080055f2                CAN1_RX0_IRQHandler
                0x080055f4                CAN1_RX1_IRQHandler
                0x080055f6                CAN1_SCE_IRQHandler
                0x080055f8                EXTI9_5_IRQHandler
                0x080055fa                TIM1_BRK_TIM9_IRQHandler
                0x080055fc                TIM1_UP_TIM10_IRQHandler
                0x080055fe                TIM1_TRG_COM_TIM11_IRQHandler
                0x08005600                TIM1_CC_IRQHandler
                0x08005602                TIM2_IRQHandler
                0x08005604                TIM3_IRQHandler
                0x08005606                TIM4_IRQHandler
                0x08005608                I2C1_EV_IRQHandler
                0x0800560a                I2C1_ER_IRQHandler
                0x0800560c                I2C2_EV_IRQHandler
                0x0800560e                I2C2_ER_IRQHandler
                0x08005610                SPI1_IRQHandler
                0x08005612                SPI2_IRQHandler
                0x08005618                USART3_IRQHandler
                0x0800561c                RTC_Alarm_IRQHandler
                0x0800561e                OTG_FS_WKUP_IRQHandler
                0x08005620                TIM8_BRK_TIM12_IRQHandler
                0x08005622                TIM8_UP_TIM13_IRQHandler
                0x08005624                TIM8_TRG_COM_TIM14_IRQHandler
                0x08005626                TIM8_CC_IRQHandler
                0x08005628                DMA1_Stream7_IRQHandler
                0x0800562a                FSMC_IRQHandler
                0x0800562c                SDIO_IRQHandler
                0x0800562e                TIM5_IRQHandler
                0x08005630                SPI3_IRQHandler
                0x08005632                UART4_IRQHandler
                0x08005634                UART5_IRQHandler
                0x08005636                TIM6_DAC_IRQHandler
                0x08005638                TIM7_IRQHandler
                0x0800563a                DMA2_Stream0_IRQHandler
                0x0800563c                DMA2_Stream1_IRQHandler
                0x0800563e                DMA2_Stream2_IRQHandler
                0x08005640                DMA2_Stream3_IRQHandler
                0x08005642                DMA2_Stream4_IRQHandler
                0x08005644                ETH_IRQHandler
                0x08005646                ETH_WKUP_IRQHandler
                0x08005648                CAN2_TX_IRQHandler
                0x0800564a                CAN2_RX0_IRQHandler
                0x0800564c                CAN2_RX1_IRQHandler
                0x0800564e                CAN2_SCE_IRQHandler
                0x08005650                OTG_FS_IRQHandler
                0x08005652                DMA2_Stream5_IRQHandler
                0x08005654                DMA2_Stream6_IRQHandler
                0x08005656                DMA2_Stream7_IRQHandler
                0x08005658                USART6_IRQHandler
                0x0800565a                I2C3_EV_IRQHandler
                0x0800565c                I2C3_ER_IRQHandler
                0x0800565e                OTG_HS_EP1_OUT_IRQHandler
                0x08005660                OTG_HS_EP1_IN_IRQHandler
                0x08005662                OTG_HS_WKUP_IRQHandler
                0x08005664                OTG_HS_IRQHandler
                0x08005666                DCMI_IRQHandler
                0x08005668                CRYP_IRQHandler
                0x0800566a                HASH_RNG_IRQHandler
                0x0800566c                FPU_IRQHandler
 .text.SystemInit
                0x08005678      0x130 obj\debug\src\system_stm32f4xx.o
                0x08005678                SystemInit
 .text.xputc    0x080057a8       0x18 obj\debug\src\term_io.o
                0x080057a8                xputc
 .text.xputs    0x080057c0       0x14 obj\debug\src\term_io.o
                0x080057c0                xputs
 .text.xitoa    0x080057d4       0x8c obj\debug\src\term_io.o
                0x080057d4                xitoa
 .text.xprintf  0x08005860       0xb6 obj\debug\src\term_io.o
                0x08005860                xprintf
 .text.EXTI15_10_IRQHandler
                0x08005916        0x2 obj\debug\src\vs10xx.o
                0x08005916                EXTI15_10_IRQHandler
 .text.VLSI_SPI_GPIO_Init
                0x08005918      0x100 obj\debug\src\vs10xx.o
                0x08005918                VLSI_SPI_GPIO_Init
 .text.VS_Dreq_Wait
                0x08005a18       0x50 obj\debug\src\vs10xx.o
                0x08005a18                VS_Dreq_Wait
 .text.SPI2_SendByte
                0x08005a68       0x34 obj\debug\src\vs10xx.o
                0x08005a68                SPI2_SendByte
 .text.SPI2_SendZeroBytes
                0x08005a9c       0x16 obj\debug\src\vs10xx.o
                0x08005a9c                SPI2_SendZeroBytes
 *fill*         0x08005ab2        0x2 
 .text.VS_Test_Sine
                0x08005ab4       0xd0 obj\debug\src\vs10xx.o
                0x08005ab4                VS_Test_Sine
 .text.VS_Read_SCI
                0x08005b84       0x74 obj\debug\src\vs10xx.o
                0x08005b84                VS_Read_SCI
 .text.VS_Write_SCI
                0x08005bf8       0x6c obj\debug\src\vs10xx.o
                0x08005bf8                VS_Write_SCI
 .text.VS_Volume_Set
                0x08005c64        0x8 obj\debug\src\vs10xx.o
                0x08005c64                VS_Volume_Set
 .text.LoadUserCode
                0x08005c6c       0x88 obj\debug\src\vs10xx.o
                0x08005c6c                LoadUserCode
 .text.VS_Soft_Reset
                0x08005cf4       0x64 obj\debug\src\vs10xx.o
                0x08005cf4                VS_Soft_Reset
 .text.VS_Registers_Init
                0x08005d58       0x2e obj\debug\src\vs10xx.o
                0x08005d58                VS_Registers_Init
 *fill*         0x08005d86        0x2 
 .text.VS_Hard_Reset
                0x08005d88       0x80 obj\debug\src\vs10xx.o
                0x08005d88                VS_Hard_Reset
 .text.VS_SDI_JAS_Buffer
                0x08005e08       0xe8 obj\debug\src\vs10xx.o
                0x08005e08                VS_SDI_JAS_Buffer
 .text.VS_Encoder_Init
                0x08005ef0      0x100 obj\debug\src\vs10xx.o
                0x08005ef0                VS_Encoder_Init
 .text.WIZCHIP_READ
                0x08005ff0       0x3c obj\debug\src\w5500.o
                0x08005ff0                WIZCHIP_READ
 .text.WIZCHIP_WRITE
                0x0800602c       0x40 obj\debug\src\w5500.o
                0x0800602c                WIZCHIP_WRITE
 .text.WIZCHIP_READ_BUF
                0x0800606c       0x50 obj\debug\src\w5500.o
                0x0800606c                WIZCHIP_READ_BUF
 .text.WIZCHIP_WRITE_BUF
                0x080060bc       0x54 obj\debug\src\w5500.o
                0x080060bc                WIZCHIP_WRITE_BUF
 .text.getSn_TX_FSR
                0x08006110       0x44 obj\debug\src\w5500.o
                0x08006110                getSn_TX_FSR
 .text.getSn_RX_RSR
                0x08006154       0x44 obj\debug\src\w5500.o
                0x08006154                getSn_RX_RSR
 .text.wiz_send_data
                0x08006198       0x62 obj\debug\src\w5500.o
                0x08006198                wiz_send_data
 .text.wiz_recv_data
                0x080061fa       0x62 obj\debug\src\w5500.o
                0x080061fa                wiz_recv_data
 .text.wiz_recv_ignore
                0x0800625c       0x3c obj\debug\src\w5500.o
                0x0800625c                wiz_recv_ignore
 .text.wizchip_cris_enter
                0x08006298        0x2 obj\debug\src\wizchip_conf.o
                0x08006298                wizchip_cris_enter
 .text.wizchip_cris_exit
                0x0800629a        0x2 obj\debug\src\wizchip_conf.o
                0x0800629a                wizchip_cris_exit
 .text.wizchip_cs_select
                0x0800629c        0x2 obj\debug\src\wizchip_conf.o
                0x0800629c                wizchip_cs_select
 .text.wizchip_cs_deselect
                0x0800629e        0x2 obj\debug\src\wizchip_conf.o
                0x0800629e                wizchip_cs_deselect
 .text.wizchip_spi_readbyte
                0x080062a0        0x4 obj\debug\src\wizchip_conf.o
                0x080062a0                wizchip_spi_readbyte
 .text.wizchip_spi_writebyte
                0x080062a4        0x2 obj\debug\src\wizchip_conf.o
                0x080062a4                wizchip_spi_writebyte
 *fill*         0x080062a6        0x2 
 .text.reg_wizchip_cris_cbfunc
                0x080062a8       0x24 obj\debug\src\wizchip_conf.o
                0x080062a8                reg_wizchip_cris_cbfunc
 .text.reg_wizchip_cs_cbfunc
                0x080062cc       0x24 obj\debug\src\wizchip_conf.o
                0x080062cc                reg_wizchip_cs_cbfunc
 .text.reg_wizchip_spi_cbfunc
                0x080062f0       0x34 obj\debug\src\wizchip_conf.o
                0x080062f0                reg_wizchip_spi_cbfunc
 .text.wizchip_sw_reset
                0x08006324       0x74 obj\debug\src\wizchip_conf.o
                0x08006324                wizchip_sw_reset
 .text.wizchip_init
                0x08006398       0x7c obj\debug\src\wizchip_conf.o
                0x08006398                wizchip_init
 .text.wizchip_clrinterrupt
                0x08006414       0x1e obj\debug\src\wizchip_conf.o
                0x08006414                wizchip_clrinterrupt
 .text.wizchip_getinterrupt
                0x08006432       0x22 obj\debug\src\wizchip_conf.o
                0x08006432                wizchip_getinterrupt
 .text.wizchip_setinterruptmask
                0x08006454       0x1c obj\debug\src\wizchip_conf.o
                0x08006454                wizchip_setinterruptmask
 .text.wizchip_getinterruptmask
                0x08006470       0x1c obj\debug\src\wizchip_conf.o
                0x08006470                wizchip_getinterruptmask
 .text.wizphy_getphylink
                0x0800648c       0x10 obj\debug\src\wizchip_conf.o
                0x0800648c                wizphy_getphylink
 .text.wizphy_getphypmode
                0x0800649c       0x16 obj\debug\src\wizchip_conf.o
                0x0800649c                wizphy_getphypmode
 .text.wizphy_reset
                0x080064b2       0x30 obj\debug\src\wizchip_conf.o
                0x080064b2                wizphy_reset
 .text.wizphy_setphyconf
                0x080064e2       0x4a obj\debug\src\wizchip_conf.o
                0x080064e2                wizphy_setphyconf
 .text.wizphy_getphyconf
                0x0800652c       0x66 obj\debug\src\wizchip_conf.o
                0x0800652c                wizphy_getphyconf
 .text.wizphy_setphypmode
                0x08006592       0x52 obj\debug\src\wizchip_conf.o
                0x08006592                wizphy_setphypmode
 .text.ctlwizchip
                0x080065e4       0xe0 obj\debug\src\wizchip_conf.o
                0x080065e4                ctlwizchip
 .text.wizchip_setnetinfo
                0x080066c4       0x5c obj\debug\src\wizchip_conf.o
                0x080066c4                wizchip_setnetinfo
 .text.wizchip_getnetinfo
                0x08006720       0x5c obj\debug\src\wizchip_conf.o
                0x08006720                wizchip_getnetinfo
 .text.wizchip_setnetmode
                0x0800677c       0x26 obj\debug\src\wizchip_conf.o
                0x0800677c                wizchip_setnetmode
 .text.wizchip_getnetmode
                0x080067a2        0x6 obj\debug\src\wizchip_conf.o
                0x080067a2                wizchip_getnetmode
 .text.wizchip_settimeout
                0x080067a8       0x28 obj\debug\src\wizchip_conf.o
                0x080067a8                wizchip_settimeout
 .text.wizchip_gettimeout
                0x080067d0       0x28 obj\debug\src\wizchip_conf.o
                0x080067d0                wizchip_gettimeout
 .text.ctlnetwork
                0x080067f8       0x4c obj\debug\src\wizchip_conf.o
                0x080067f8                ctlnetwork
 .text.__register_exitproc
                0x08006844       0x14 c:/program files/emblocks/2.10/share/em_armgcc/bin/../lib/gcc/arm-none-eabi/4.7.3/../../../../arm-none-eabi/lib/armv7e-m/fpu\libc_n.a(lib_a-__atexit2.o)
                0x08006844                __register_exitproc
 .text.exit     0x08006858       0x2c c:/program files/emblocks/2.10/share/em_armgcc/bin/../lib/gcc/arm-none-eabi/4.7.3/../../../../arm-none-eabi/lib/armv7e-m/fpu\libc_n.a(lib_a-exit.o)
                0x08006858                exit
 .text.__libc_fini_array
                0x08006884       0x30 c:/program files/emblocks/2.10/share/em_armgcc/bin/../lib/gcc/arm-none-eabi/4.7.3/../../../../arm-none-eabi/lib/armv7e-m/fpu\libc_n.a(lib_a-fini.o)
                0x08006884                __libc_fini_array
 .text.__libc_init_array
                0x080068b4       0x4c c:/program files/emblocks/2.10/share/em_armgcc/bin/../lib/gcc/arm-none-eabi/4.7.3/../../../../arm-none-eabi/lib/armv7e-m/fpu\libc_n.a(lib_a-init.o)
                0x080068b4                __libc_init_array
 .text.memchr   0x08006900       0x1c c:/program files/emblocks/2.10/share/em_armgcc/bin/../lib/gcc/arm-none-eabi/4.7.3/../../../../arm-none-eabi/lib/armv7e-m/fpu\libc_n.a(lib_a-memchr.o)
                0x08006900                memchr
 .text.memcmp   0x0800691c       0x20 c:/program files/emblocks/2.10/share/em_armgcc/bin/../lib/gcc/arm-none-eabi/4.7.3/../../../../arm-none-eabi/lib/armv7e-m/fpu\libc_n.a(lib_a-memcmp.o)
                0x0800691c                memcmp
 .text.memcpy   0x0800693c       0x12 c:/program files/emblocks/2.10/share/em_armgcc/bin/../lib/gcc/arm-none-eabi/4.7.3/../../../../arm-none-eabi/lib/armv7e-m/fpu\libc_n.a(lib_a-memcpy.o)
                0x0800693c                memcpy
 .text.memset   0x0800694e       0x10 c:/program files/emblocks/2.10/share/em_armgcc/bin/../lib/gcc/arm-none-eabi/4.7.3/../../../../arm-none-eabi/lib/armv7e-m/fpu\libc_n.a(lib_a-memset.o)
                0x0800694e                memset
 *fill*         0x0800695e        0x2 
 .text.printf   0x08006960       0x30 c:/program files/emblocks/2.10/share/em_armgcc/bin/../lib/gcc/arm-none-eabi/4.7.3/../../../../arm-none-eabi/lib/armv7e-m/fpu\libc_n.a(lib_a-printf.o)
                0x08006960                iprintf
                0x08006960                printf
 .text.snprintf
                0x08006990       0x64 c:/program files/emblocks/2.10/share/em_armgcc/bin/../lib/gcc/arm-none-eabi/4.7.3/../../../../arm-none-eabi/lib/armv7e-m/fpu\libc_n.a(lib_a-snprintf.o)
                0x08006990                sniprintf
                0x08006990                snprintf
 .text.sprintf  0x080069f4       0x48 c:/program files/emblocks/2.10/share/em_armgcc/bin/../lib/gcc/arm-none-eabi/4.7.3/../../../../arm-none-eabi/lib/armv7e-m/fpu\libc_n.a(lib_a-sprintf.o)
                0x080069f4                siprintf
                0x080069f4                sprintf
 .text.strchr   0x08006a3c       0x1a c:/program files/emblocks/2.10/share/em_armgcc/bin/../lib/gcc/arm-none-eabi/4.7.3/../../../../arm-none-eabi/lib/armv7e-m/fpu\libc_n.a(lib_a-strchr.o)
                0x08006a3c                strchr
 .text.strcpy   0x08006a56       0x10 c:/program files/emblocks/2.10/share/em_armgcc/bin/../lib/gcc/arm-none-eabi/4.7.3/../../../../arm-none-eabi/lib/armv7e-m/fpu\libc_n.a(lib_a-strcpy.o)
                0x08006a56                strcpy
 .text.strlen   0x08006a66       0x10 c:/program files/emblocks/2.10/share/em_armgcc/bin/../lib/gcc/arm-none-eabi/4.7.3/../../../../arm-none-eabi/lib/armv7e-m/fpu\libc_n.a(lib_a-strlen.o)
                0x08006a66                strlen
 .text.strncpy  0x08006a76       0x2e c:/program files/emblocks/2.10/share/em_armgcc/bin/../lib/gcc/arm-none-eabi/4.7.3/../../../../arm-none-eabi/lib/armv7e-m/fpu\libc_n.a(lib_a-strncpy.o)
                0x08006a76                strncpy
 .text.__ssputc_r
                0x08006aa4       0xb4 c:/program files/emblocks/2.10/share/em_armgcc/bin/../lib/gcc/arm-none-eabi/4.7.3/../../../../arm-none-eabi/lib/armv7e-m/fpu\libc_n.a(lib_a-svfprintf.o)
                0x08006aa4                __ssputc_r
 .text._svfprintf_r
                0x08006b58      0x1fc c:/program files/emblocks/2.10/share/em_armgcc/bin/../lib/gcc/arm-none-eabi/4.7.3/../../../../arm-none-eabi/lib/armv7e-m/fpu\libc_n.a(lib_a-svfprintf.o)
                0x08006b58                _svfiprintf_r
                0x08006b58                _svfprintf_r
 .text.__sfputc_r
                0x08006d54       0x2c c:/program files/emblocks/2.10/share/em_armgcc/bin/../lib/gcc/arm-none-eabi/4.7.3/../../../../arm-none-eabi/lib/armv7e-m/fpu\libc_n.a(lib_a-vfprintf.o)
                0x08006d54                __sfputc_r
 .text._vfprintf_r
                0x08006d80      0x228 c:/program files/emblocks/2.10/share/em_armgcc/bin/../lib/gcc/arm-none-eabi/4.7.3/../../../../arm-none-eabi/lib/armv7e-m/fpu\libc_n.a(lib_a-vfprintf.o)
                0x08006d80                _vfprintf_r
                0x08006d80                _vfiprintf_r
 .text._printf_common
                0x08006fa8       0xde c:/program files/emblocks/2.10/share/em_armgcc/bin/../lib/gcc/arm-none-eabi/4.7.3/../../../../arm-none-eabi/lib/armv7e-m/fpu\libc_n.a(lib_a-vfprintf_i.o)
                0x08006fa8                _printf_common
 *fill*         0x08007086        0x2 
 .text._printf_i
                0x08007088      0x24c c:/program files/emblocks/2.10/share/em_armgcc/bin/../lib/gcc/arm-none-eabi/4.7.3/../../../../arm-none-eabi/lib/armv7e-m/fpu\libc_n.a(lib_a-vfprintf_i.o)
                0x08007088                _printf_i
 .text.__swbuf_r
                0x080072d4       0xb4 c:/program files/emblocks/2.10/share/em_armgcc/bin/../lib/gcc/arm-none-eabi/4.7.3/../../../../arm-none-eabi/lib/armv7e-m/fpu\libc_n.a(lib_a-wbuf.o)
                0x080072d4                __swbuf_r
 .text.__swsetup_r
                0x08007388       0xec c:/program files/emblocks/2.10/share/em_armgcc/bin/../lib/gcc/arm-none-eabi/4.7.3/../../../../arm-none-eabi/lib/armv7e-m/fpu\libc_n.a(lib_a-wsetup.o)
                0x08007388                __swsetup_r
 .text._fflush_r
                0x08007474      0x14c c:/program files/emblocks/2.10/share/em_armgcc/bin/../lib/gcc/arm-none-eabi/4.7.3/../../../../arm-none-eabi/lib/armv7e-m/fpu\libc_n.a(lib_a-fflush.o)
                0x08007474                _fflush_r
 .text._cleanup_r
                0x080075c0       0x34 c:/program files/emblocks/2.10/share/em_armgcc/bin/../lib/gcc/arm-none-eabi/4.7.3/../../../../arm-none-eabi/lib/armv7e-m/fpu\libc_n.a(lib_a-findfp.o)
                0x080075c0                _cleanup_r
 .text.std.isra.0
                0x080075f4       0x48 c:/program files/emblocks/2.10/share/em_armgcc/bin/../lib/gcc/arm-none-eabi/4.7.3/../../../../arm-none-eabi/lib/armv7e-m/fpu\libc_n.a(lib_a-findfp.o)
 .text.__sfmoreglue
                0x0800763c       0x2a c:/program files/emblocks/2.10/share/em_armgcc/bin/../lib/gcc/arm-none-eabi/4.7.3/../../../../arm-none-eabi/lib/armv7e-m/fpu\libc_n.a(lib_a-findfp.o)
                0x0800763c                __sfmoreglue
 *fill*         0x08007666        0x2 
 .text.__sinit  0x08007668       0x58 c:/program files/emblocks/2.10/share/em_armgcc/bin/../lib/gcc/arm-none-eabi/4.7.3/../../../../arm-none-eabi/lib/armv7e-m/fpu\libc_n.a(lib_a-findfp.o)
                0x08007668                __sinit
 .text.__sfp    0x080076c0       0x78 c:/program files/emblocks/2.10/share/em_armgcc/bin/../lib/gcc/arm-none-eabi/4.7.3/../../../../arm-none-eabi/lib/armv7e-m/fpu\libc_n.a(lib_a-findfp.o)
                0x080076c0                __sfp
 .text._free_r  0x08007738       0x84 c:/program files/emblocks/2.10/share/em_armgcc/bin/../lib/gcc/arm-none-eabi/4.7.3/../../../../arm-none-eabi/lib/armv7e-m/fpu\libc_n.a(lib_a-freer.o)
                0x08007738                _free_r
 .text.__smakebuf_r
                0x080077bc       0xa8 c:/program files/emblocks/2.10/share/em_armgcc/bin/../lib/gcc/arm-none-eabi/4.7.3/../../../../arm-none-eabi/lib/armv7e-m/fpu\libc_n.a(lib_a-makebuf.o)
                0x080077bc                __smakebuf_r
 .text._malloc_r
                0x08007864       0x9c c:/program files/emblocks/2.10/share/em_armgcc/bin/../lib/gcc/arm-none-eabi/4.7.3/../../../../arm-none-eabi/lib/armv7e-m/fpu\libc_n.a(lib_a-mallocr.o)
                0x08007864                _malloc_r
 .text._realloc_r
                0x08007900       0x48 c:/program files/emblocks/2.10/share/em_armgcc/bin/../lib/gcc/arm-none-eabi/4.7.3/../../../../arm-none-eabi/lib/armv7e-m/fpu\libc_n.a(lib_a-reallocr.o)
                0x08007900                _realloc_r
 .text._sbrk_r  0x08007948       0x20 c:/program files/emblocks/2.10/share/em_armgcc/bin/../lib/gcc/arm-none-eabi/4.7.3/../../../../arm-none-eabi/lib/armv7e-m/fpu\libc_n.a(lib_a-sbrkr.o)
                0x08007948                _sbrk_r
 .text.__sread  0x08007968       0x22 c:/program files/emblocks/2.10/share/em_armgcc/bin/../lib/gcc/arm-none-eabi/4.7.3/../../../../arm-none-eabi/lib/armv7e-m/fpu\libc_n.a(lib_a-stdio.o)
                0x08007968                __sread
 .text.__swrite
                0x0800798a       0x3c c:/program files/emblocks/2.10/share/em_armgcc/bin/../lib/gcc/arm-none-eabi/4.7.3/../../../../arm-none-eabi/lib/armv7e-m/fpu\libc_n.a(lib_a-stdio.o)
                0x0800798a                __swrite
 .text.__sseek  0x080079c6       0x24 c:/program files/emblocks/2.10/share/em_armgcc/bin/../lib/gcc/arm-none-eabi/4.7.3/../../../../arm-none-eabi/lib/armv7e-m/fpu\libc_n.a(lib_a-stdio.o)
                0x080079c6                __sseek
 .text.__sclose
                0x080079ea        0x8 c:/program files/emblocks/2.10/share/em_armgcc/bin/../lib/gcc/arm-none-eabi/4.7.3/../../../../arm-none-eabi/lib/armv7e-m/fpu\libc_n.a(lib_a-stdio.o)
                0x080079ea                __sclose
 *fill*         0x080079f2        0x2 
 .text._write_r
                0x080079f4       0x24 c:/program files/emblocks/2.10/share/em_armgcc/bin/../lib/gcc/arm-none-eabi/4.7.3/../../../../arm-none-eabi/lib/armv7e-m/fpu\libc_n.a(lib_a-writer.o)
                0x080079f4                _write_r
 .text._close_r
                0x08007a18       0x20 c:/program files/emblocks/2.10/share/em_armgcc/bin/../lib/gcc/arm-none-eabi/4.7.3/../../../../arm-none-eabi/lib/armv7e-m/fpu\libc_n.a(lib_a-closer.o)
                0x08007a18                _close_r
 .text._fstat_r
                0x08007a38       0x24 c:/program files/emblocks/2.10/share/em_armgcc/bin/../lib/gcc/arm-none-eabi/4.7.3/../../../../arm-none-eabi/lib/armv7e-m/fpu\libc_n.a(lib_a-fstatr.o)
                0x08007a38                _fstat_r
 .text._isatty_r
                0x08007a5c       0x20 c:/program files/emblocks/2.10/share/em_armgcc/bin/../lib/gcc/arm-none-eabi/4.7.3/../../../../arm-none-eabi/lib/armv7e-m/fpu\libc_n.a(lib_a-isattyr.o)
                0x08007a5c                _isatty_r
 .text._lseek_r
                0x08007a7c       0x24 c:/program files/emblocks/2.10/share/em_armgcc/bin/../lib/gcc/arm-none-eabi/4.7.3/../../../../arm-none-eabi/lib/armv7e-m/fpu\libc_n.a(lib_a-lseekr.o)
                0x08007a7c                _lseek_r
 .text._malloc_usable_size_r
                0x08007aa0       0x12 c:/program files/emblocks/2.10/share/em_armgcc/bin/../lib/gcc/arm-none-eabi/4.7.3/../../../../arm-none-eabi/lib/armv7e-m/fpu\libc_n.a(lib_a-msizer.o)
                0x08007aa0                _malloc_usable_size_r
 *fill*         0x08007ab2        0x2 
 .text._read_r  0x08007ab4       0x24 c:/program files/emblocks/2.10/share/em_armgcc/bin/../lib/gcc/arm-none-eabi/4.7.3/../../../../arm-none-eabi/lib/armv7e-m/fpu\libc_n.a(lib_a-readr.o)
                0x08007ab4                _read_r
 .text._close   0x08007ad8       0x14 c:/program files/emblocks/2.10/share/em_armgcc/bin/../lib/gcc/arm-none-eabi/4.7.3/../../../../arm-none-eabi/lib/armv7e-m/fpu\libnosys.a(close.o)
                0x08007ad8                _close
 .text._fstat   0x08007aec       0x14 c:/program files/emblocks/2.10/share/em_armgcc/bin/../lib/gcc/arm-none-eabi/4.7.3/../../../../arm-none-eabi/lib/armv7e-m/fpu\libnosys.a(fstat.o)
                0x08007aec                _fstat
 .text._isatty  0x08007b00       0x10 c:/program files/emblocks/2.10/share/em_armgcc/bin/../lib/gcc/arm-none-eabi/4.7.3/../../../../arm-none-eabi/lib/armv7e-m/fpu\libnosys.a(isatty.o)
                0x08007b00                _isatty
 .text._lseek   0x08007b10       0x14 c:/program files/emblocks/2.10/share/em_armgcc/bin/../lib/gcc/arm-none-eabi/4.7.3/../../../../arm-none-eabi/lib/armv7e-m/fpu\libnosys.a(lseek.o)
                0x08007b10                _lseek
 .text._read    0x08007b24       0x14 c:/program files/emblocks/2.10/share/em_armgcc/bin/../lib/gcc/arm-none-eabi/4.7.3/../../../../arm-none-eabi/lib/armv7e-m/fpu\libnosys.a(read.o)
                0x08007b24                _read
 .text._sbrk    0x08007b38       0x20 c:/program files/emblocks/2.10/share/em_armgcc/bin/../lib/gcc/arm-none-eabi/4.7.3/../../../../arm-none-eabi/lib/armv7e-m/fpu\libnosys.a(sbrk.o)
                0x08007b38                _sbrk
 .text._write   0x08007b58       0x14 c:/program files/emblocks/2.10/share/em_armgcc/bin/../lib/gcc/arm-none-eabi/4.7.3/../../../../arm-none-eabi/lib/armv7e-m/fpu\libnosys.a(write.o)
                0x08007b58                _write
 .text._exit    0x08007b6c        0x4 c:/program files/emblocks/2.10/share/em_armgcc/bin/../lib/gcc/arm-none-eabi/4.7.3/../../../../arm-none-eabi/lib/armv7e-m/fpu\libnosys.a(_exit.o)
                0x08007b6c                _exit
 *(.init)
 .init          0x08007b70        0x4 c:/program files/emblocks/2.10/share/em_armgcc/bin/../lib/gcc/arm-none-eabi/4.7.3/armv7e-m/fpu/crti.o
                0x08007b70                _init
 .init          0x08007b74        0x8 c:/program files/emblocks/2.10/share/em_armgcc/bin/../lib/gcc/arm-none-eabi/4.7.3/armv7e-m/fpu/crtn.o
 *(.fini)
 .fini          0x08007b7c        0x4 c:/program files/emblocks/2.10/share/em_armgcc/bin/../lib/gcc/arm-none-eabi/4.7.3/armv7e-m/fpu/crti.o
                0x08007b7c                _fini
 .fini          0x08007b80        0x8 c:/program files/emblocks/2.10/share/em_armgcc/bin/../lib/gcc/arm-none-eabi/4.7.3/armv7e-m/fpu/crtn.o
 *crtbegin.o(.ctors)
 *crtbegin?.o(.ctors)
 *(EXCLUDE_FILE(*crtend.o *crtend?.o) .ctors)
 *(SORT(.ctors.*))
 *(.ctors)
 *crtbegin.o(.dtors)
 *crtbegin?.o(.dtors)
 *(EXCLUDE_FILE(*crtend.o *crtend?.o) .dtors)
 *(SORT(.dtors.*))
 *(.dtors)
 *(.rodata*)
 .rodata.str1.1
                0x08007b88        0xf obj\debug\spl\src\misc.o
 .rodata.str1.1
                0x08007b97       0x18 obj\debug\spl\src\stm32f4xx_adc.o
 .rodata.str1.1
                0x08007baf       0x19 obj\debug\spl\src\stm32f4xx_gpio.o
 .rodata.str1.1
                0x08007bc8       0x18 obj\debug\spl\src\stm32f4xx_rcc.o
 .rodata.str1.1
                0x08007be0       0x18 obj\debug\spl\src\stm32f4xx_spi.o
 .rodata.str1.1
                0x08007bf8       0x1a obj\debug\spl\src\stm32f4xx_usart.o
 .rodata.ucExpectedStackBytes.5250
                0x08007c12       0x14 obj\debug\freertos\src\tasks.o
 .rodata.str1.1
                0x08007c26        0x5 obj\debug\freertos\src\tasks.o
 .rodata.str1.1
                0x08007c2b        0xd obj\debug\freertos\src\timers.o
 .rodata.plugin
                0x08007c38     0x317c obj\debug\src\data_blobs.o
                0x08007c38                plugin
 .rodata.sample_edwin
                0x0800adb4     0x4e72 obj\debug\src\data_blobs.o
                0x0800adb4                sample_edwin
 .rodata.sample_ben
                0x0800fc26     0x28b6 obj\debug\src\data_blobs.o
                0x0800fc26                sample_ben
 .rodata.str1.1
                0x080124dc       0x1e obj\debug\src\dhcp.o
 .rodata        0x080124fa       0x27 obj\debug\src\main.o
 .rodata.str1.1
                0x08012521      0x2d2 obj\debug\src\main.o
                                0x2f6 (size before relaxing)
 .rodata.str1.1
                0x080127f3      0x248 obj\debug\src\my_helpers.o
                                0x24d (size before relaxing)
 .rodata.__FUNCTION__.8837
                0x08012a3b        0xe obj\debug\src\vs10xx.o
 .rodata.__FUNCTION__.8902
                0x08012a49        0xd obj\debug\src\vs10xx.o
 .rodata.__FUNCTION__.8855
                0x08012a56        0xe obj\debug\src\vs10xx.o
 .rodata.str1.1
                0x08012a64      0x1bf obj\debug\src\vs10xx.o
 *fill*         0x08012c23        0x1 
 .rodata.enc_presets
                0x08012c24       0x1e obj\debug\src\vs10xx.o
 .rodata.str1.1
                0x00000000      0x1bf c:/program files/emblocks/2.10/share/em_armgcc/bin/../lib/gcc/arm-none-eabi/4.7.3/../../../../arm-none-eabi/lib/armv7e-m/fpu\libc_n.a(lib_a-impure.o)
                                  0x2 (size before relaxing)
 *fill*         0x08012c42        0x2 
 .rodata._global_impure_ptr
                0x08012c44        0x4 c:/program files/emblocks/2.10/share/em_armgcc/bin/../lib/gcc/arm-none-eabi/4.7.3/../../../../arm-none-eabi/lib/armv7e-m/fpu\libc_n.a(lib_a-impure.o)
                0x08012c44                _global_impure_ptr
 .rodata.str1.1
                0x08012c48       0x11 c:/program files/emblocks/2.10/share/em_armgcc/bin/../lib/gcc/arm-none-eabi/4.7.3/../../../../arm-none-eabi/lib/armv7e-m/fpu\libc_n.a(lib_a-svfprintf.o)
 .rodata.str1.1
                0x00000000       0x11 c:/program files/emblocks/2.10/share/em_armgcc/bin/../lib/gcc/arm-none-eabi/4.7.3/../../../../arm-none-eabi/lib/armv7e-m/fpu\libc_n.a(lib_a-vfprintf.o)
 .rodata.str1.1
                0x08012c59       0x22 c:/program files/emblocks/2.10/share/em_armgcc/bin/../lib/gcc/arm-none-eabi/4.7.3/../../../../arm-none-eabi/lib/armv7e-m/fpu\libc_n.a(lib_a-vfprintf_i.o)
 *fill*         0x08012c7b        0x1 
 .rodata.__sf_fake_stdin
                0x08012c7c       0x20 c:/program files/emblocks/2.10/share/em_armgcc/bin/../lib/gcc/arm-none-eabi/4.7.3/../../../../arm-none-eabi/lib/armv7e-m/fpu\libc_n.a(lib_a-findfp.o)
                0x08012c7c                __sf_fake_stdin
 .rodata.__sf_fake_stdout
                0x08012c9c       0x20 c:/program files/emblocks/2.10/share/em_armgcc/bin/../lib/gcc/arm-none-eabi/4.7.3/../../../../arm-none-eabi/lib/armv7e-m/fpu\libc_n.a(lib_a-findfp.o)
                0x08012c9c                __sf_fake_stdout
 .rodata.__sf_fake_stderr
                0x08012cbc       0x20 c:/program files/emblocks/2.10/share/em_armgcc/bin/../lib/gcc/arm-none-eabi/4.7.3/../../../../arm-none-eabi/lib/armv7e-m/fpu\libc_n.a(lib_a-findfp.o)
                0x08012cbc                __sf_fake_stderr
 *(.eh_frame*)
 .eh_frame      0x08012cdc        0x0 c:/program files/emblocks/2.10/share/em_armgcc/bin/../lib/gcc/arm-none-eabi/4.7.3/armv7e-m/fpu/crtbegin.o
 .eh_frame      0x08012cdc        0x4 c:/program files/emblocks/2.10/share/em_armgcc/bin/../lib/gcc/arm-none-eabi/4.7.3/armv7e-m/fpu/crtend.o

.glue_7         0x08012ce0        0x0
 .glue_7        0x00000000        0x0 linker stubs

.glue_7t        0x08012ce0        0x0
 .glue_7t       0x00000000        0x0 linker stubs

.vfp11_veneer   0x08012ce0        0x0
 .vfp11_veneer  0x00000000        0x0 linker stubs

.v4_bx          0x08012ce0        0x0
 .v4_bx         0x00000000        0x0 linker stubs

.iplt           0x08012ce0        0x0
 .iplt          0x00000000        0x0 c:/program files/emblocks/2.10/share/em_armgcc/bin/../lib/gcc/arm-none-eabi/4.7.3/armv7e-m/fpu/crtbegin.o

.ARM.extab
 *(.ARM.extab* .gnu.linkonce.armextab.*)
                0x08012ce0                __exidx_start = .

.ARM.exidx      0x08012ce0        0x8
 *(.ARM.exidx* .gnu.linkonce.armexidx.*)
 .ARM.exidx     0x08012ce0        0x8 c:/program files/emblocks/2.10/share/em_armgcc/bin/../lib/gcc/arm-none-eabi/4.7.3/../../../../arm-none-eabi/lib/armv7e-m/fpu/crt0.o
                0x08012ce8                __exidx_end = .
                0x08012ce8                __etext = .

.rel.dyn        0x08012ce8        0x0
 .rel.iplt      0x00000000        0x0 c:/program files/emblocks/2.10/share/em_armgcc/bin/../lib/gcc/arm-none-eabi/4.7.3/armv7e-m/fpu/crtbegin.o

.data           0x20000000       0xd0 load address 0x08012ce8
                0x20000000                __data_start__ = .
 *(vtable)
 *(.data*)
 .data.APBAHBPrescTable
                0x20000000       0x10 obj\debug\spl\src\stm32f4xx_rcc.o
 .data.xMinimumEverFreeBytesRemaining
                0x20000010        0x4 obj\debug\freertos\src\heap_4.o
 .data.xFreeBytesRemaining
                0x20000014        0x4 obj\debug\freertos\src\heap_4.o
 .data.uxCriticalNesting
                0x20000018        0x4 obj\debug\freertos\src\port.o
 .data.xNextTaskUnblockTime
                0x2000001c        0x4 obj\debug\freertos\src\tasks.o
 .data.dhcp_tick_next
                0x20000020        0x4 obj\debug\src\dhcp.o
                0x20000020                dhcp_tick_next
 .data.dhcp_ip_update
                0x20000024        0x4 obj\debug\src\dhcp.o
                0x20000024                dhcp_ip_update
 .data.dhcp_ip_assign
                0x20000028        0x4 obj\debug\src\dhcp.o
                0x20000028                dhcp_ip_assign
 .data.dhcp_lease_time
                0x2000002c        0x4 obj\debug\src\dhcp.o
                0x2000002c                dhcp_lease_time
 .data.HOST_NAME
                0x20000030        0x8 obj\debug\src\dhcp.o
                0x20000030                HOST_NAME
 .data.sock_any_port
                0x20000038        0x2 obj\debug\src\socket.o
 *fill*         0x2000003a        0x2 
 .data.SystemCoreClock
                0x2000003c        0x4 obj\debug\src\system_stm32f4xx.o
                0x2000003c                SystemCoreClock
 .data.WIZCHIP  0x20000040       0x20 obj\debug\src\wizchip_conf.o
                0x20000040                WIZCHIP
 .data.impure_data
                0x20000060       0x64 c:/program files/emblocks/2.10/share/em_armgcc/bin/../lib/gcc/arm-none-eabi/4.7.3/../../../../arm-none-eabi/lib/armv7e-m/fpu\libc_n.a(lib_a-impure.o)
 .data._impure_ptr
                0x200000c4        0x4 c:/program files/emblocks/2.10/share/em_armgcc/bin/../lib/gcc/arm-none-eabi/4.7.3/../../../../arm-none-eabi/lib/armv7e-m/fpu\libc_n.a(lib_a-impure.o)
                0x200000c4                _impure_ptr
                0x200000c8                . = ALIGN (0x4)
                0x200000c8                PROVIDE (__preinit_array_start, .)
 *(.preinit_array)
                0x200000c8                PROVIDE (__preinit_array_end, .)
                0x200000c8                . = ALIGN (0x4)
                0x200000c8                PROVIDE (__init_array_start, .)
 *(SORT(.init_array.*))
 *(.init_array)
 .init_array    0x200000c8        0x4 c:/program files/emblocks/2.10/share/em_armgcc/bin/../lib/gcc/arm-none-eabi/4.7.3/armv7e-m/fpu/crtbegin.o
                0x200000cc                PROVIDE (__init_array_end, .)
                0x200000cc                . = ALIGN (0x4)
                0x200000cc                PROVIDE (__fini_array_start, .)
 *(SORT(.fini_array.*))
 *(.fini_array)
 .fini_array    0x200000cc        0x4 c:/program files/emblocks/2.10/share/em_armgcc/bin/../lib/gcc/arm-none-eabi/4.7.3/armv7e-m/fpu/crtbegin.o
                0x200000d0                PROVIDE (__fini_array_end, .)
                0x200000d0                . = ALIGN (0x4)
                0x200000d0                __data_end__ = .

.jcr            0x200000d0        0x0 load address 0x08012db8
 .jcr           0x200000d0        0x0 c:/program files/emblocks/2.10/share/em_armgcc/bin/../lib/gcc/arm-none-eabi/4.7.3/armv7e-m/fpu/crtbegin.o

.igot.plt       0x200000d0        0x0 load address 0x08012db8
 .igot.plt      0x00000000        0x0 c:/program files/emblocks/2.10/share/em_armgcc/bin/../lib/gcc/arm-none-eabi/4.7.3/armv7e-m/fpu/crtbegin.o

.bss            0x200000d0    0x17b24 load address 0x08012db8
                0x200000d0                __bss_start__ = .
 *(.bss*)
 .bss           0x200000d0       0x1c c:/program files/emblocks/2.10/share/em_armgcc/bin/../lib/gcc/arm-none-eabi/4.7.3/armv7e-m/fpu/crtbegin.o
 .bss.pxEnd     0x200000ec        0x4 obj\debug\freertos\src\heap_4.o
 .bss.xStart    0x200000f0        0x8 obj\debug\freertos\src\heap_4.o
 .bss.ucHeap    0x200000f8    0x17700 obj\debug\freertos\src\heap_4.o
 .bss.xBlockAllocatedBit
                0x200177f8        0x4 obj\debug\freertos\src\heap_4.o
 .bss.ucMaxSysCallPriority
                0x200177fc        0x1 obj\debug\freertos\src\port.o
 *fill*         0x200177fd        0x3 
 .bss.ulMaxPRIGROUPValue
                0x20017800        0x4 obj\debug\freertos\src\port.o
 .bss.xNumOfOverflows
                0x20017804        0x4 obj\debug\freertos\src\tasks.o
 .bss.pxDelayedTaskList
                0x20017808        0x4 obj\debug\freertos\src\tasks.o
 .bss.xSchedulerRunning
                0x2001780c        0x4 obj\debug\freertos\src\tasks.o
 .bss.uxTasksDeleted
                0x20017810        0x4 obj\debug\freertos\src\tasks.o
 .bss.xTasksWaitingTermination
                0x20017814       0x14 obj\debug\freertos\src\tasks.o
 .bss.xDelayedTaskList2
                0x20017828       0x14 obj\debug\freertos\src\tasks.o
 .bss.uxPendedTicks
                0x2001783c        0x4 obj\debug\freertos\src\tasks.o
 .bss.pxReadyTasksLists
                0x20017840       0x8c obj\debug\freertos\src\tasks.o
 .bss.uxSchedulerSuspended
                0x200178cc        0x4 obj\debug\freertos\src\tasks.o
 .bss.pxCurrentTCB
                0x200178d0        0x4 obj\debug\freertos\src\tasks.o
                0x200178d0                pxCurrentTCB
 .bss.xPendingReadyList
                0x200178d4       0x14 obj\debug\freertos\src\tasks.o
 .bss.xTickCount
                0x200178e8        0x4 obj\debug\freertos\src\tasks.o
 .bss.pxOverflowDelayedTaskList
                0x200178ec        0x4 obj\debug\freertos\src\tasks.o
 .bss.uxTaskNumber
                0x200178f0        0x4 obj\debug\freertos\src\tasks.o
 .bss.xDelayedTaskList1
                0x200178f4       0x14 obj\debug\freertos\src\tasks.o
 .bss.uxCurrentNumberOfTasks
                0x20017908        0x4 obj\debug\freertos\src\tasks.o
 .bss.uxTopReadyPriority
                0x2001790c        0x4 obj\debug\freertos\src\tasks.o
 .bss.xYieldPending
                0x20017910        0x4 obj\debug\freertos\src\tasks.o
 .bss.pxCurrentTimerList
                0x20017914        0x4 obj\debug\freertos\src\timers.o
 .bss.xActiveTimerList1
                0x20017918       0x14 obj\debug\freertos\src\timers.o
 .bss.xActiveTimerList2
                0x2001792c       0x14 obj\debug\freertos\src\timers.o
 .bss.xLastTime.5130
                0x20017940        0x4 obj\debug\freertos\src\timers.o
 .bss.xTimerQueue
                0x20017944        0x4 obj\debug\freertos\src\timers.o
 .bss.pxOverflowTimerList
                0x20017948        0x4 obj\debug\freertos\src\timers.o
 .bss.dhcp_state
                0x2001794c        0x1 obj\debug\src\dhcp.o
                0x2001794c                dhcp_state
 .bss.DHCP_allocated_sn
                0x2001794d        0x4 obj\debug\src\dhcp.o
                0x2001794d                DHCP_allocated_sn
 *fill*         0x20017951        0x3 
 .bss.dhcp_tick_1s
                0x20017954        0x4 obj\debug\src\dhcp.o
                0x20017954                dhcp_tick_1s
 .bss.OLD_allocated_ip
                0x20017958        0x4 obj\debug\src\dhcp.o
                0x20017958                OLD_allocated_ip
 .bss.DHCP_allocated_gw
                0x2001795c        0x4 obj\debug\src\dhcp.o
                0x2001795c                DHCP_allocated_gw
 .bss.DHCP_allocated_ip
                0x20017960        0x4 obj\debug\src\dhcp.o
                0x20017960                DHCP_allocated_ip
 .bss.DHCP_allocated_dns
                0x20017964        0x4 obj\debug\src\dhcp.o
                0x20017964                DHCP_allocated_dns
 .bss.dhcp_retry_count
                0x20017968        0x1 obj\debug\src\dhcp.o
                0x20017968                dhcp_retry_count
 .bss.retry_count.5220
                0x20017969        0x1 obj\debug\src\dns.o
 .bss.sock_io_mode
                0x2001796a        0x2 obj\debug\src\socket.o
 .bss.sock_is_sending
                0x2001796c        0x2 obj\debug\src\socket.o
 .bss.sock_pack_info
                0x2001796e        0x8 obj\debug\src\socket.o
 .bss.sock_remained_size
                0x20017976       0x10 obj\debug\src\socket.o
 .bss._DHCP_    0x20017986        0x1 obj\debug\src\wizchip_conf.o
 .bss._DNS_     0x20017987        0x4 obj\debug\src\wizchip_conf.o
 *fill*         0x2001798b        0x1 
 .bss.__malloc_free_list
                0x2001798c        0x4 c:/program files/emblocks/2.10/share/em_armgcc/bin/../lib/gcc/arm-none-eabi/4.7.3/../../../../arm-none-eabi/lib/armv7e-m/fpu\libc_n.a(lib_a-mallocr.o)
                0x2001798c                __malloc_free_list
 .bss.heap_end.4058
                0x20017990        0x4 c:/program files/emblocks/2.10/share/em_armgcc/bin/../lib/gcc/arm-none-eabi/4.7.3/../../../../arm-none-eabi/lib/armv7e-m/fpu\libnosys.a(sbrk.o)
 *(COMMON)
 COMMON         0x20017994       0x40 obj\debug\freertos\src\queue.o
                0x20017994                xQueueRegistry
 COMMON         0x200179d4       0x15 obj\debug\src\dhcp.o
                0x200179d4                DHCP_CHADDR
                0x200179dc                DHCP_XID
                0x200179e0                DHCP_SIP
                0x200179e4                pDHCPMSG
                0x200179e8                DHCP_SOCKET
 *fill*         0x200179e9        0x3 
 COMMON         0x200179ec        0xe obj\debug\src\dns.o
                0x200179ec                DNS_SOCKET
                0x200179f0                dns_1s_tick
                0x200179f4                pDNSMSG
                0x200179f8                DNS_MSGID
 *fill*         0x200179fa        0x2 
 COMMON         0x200179fc      0x1f4 obj\debug\src\main.o
                0x200179fc                xEventBits
                0x20017a00                xSemaphoreWRAM
                0x20017a04                xSemaphoreSPI2
                0x20017a08                my_TX_queue
                0x20017b14                xSemaphoreWIZCHIP
                0x20017b18                my_KEYS_queue
                0x20017b34                LCD
                0x20017b64                my_RX_queue
 COMMON         0x20017bf0        0x4 c:/program files/emblocks/2.10/share/em_armgcc/bin/../lib/gcc/arm-none-eabi/4.7.3/../../../../arm-none-eabi/lib/armv7e-m/fpu\libc_n.a(lib_a-reent.o)
                0x20017bf0                errno
                0x20017bf4                __bss_end__ = .

.heap           0x20017bf8        0x0
                0x20017bf8                __end__ = .
                0x20017bf8                end = __end__
 *(.heap*)
 .heap          0x20017bf8        0x0 obj\debug\src\startup_stm32f4xx.o
                0x20017bf8                __HeapLimit = .

.stack_dummy    0x20017bf8      0x100
 *(.stack)
 .stack         0x20017bf8      0x100 obj\debug\src\startup_stm32f4xx.o
                0x20018000                __StackTop = (ORIGIN (RAM) + 0x18000)
                0x20017f00                __StackLimit = (__StackTop - SIZEOF (.stack_dummy))
                0x20018000                PROVIDE (__stack, __StackTop)
                0x00000001                ASSERT ((__StackLimit >= __HeapLimit), region RAM overflowed with stack)
LOAD obj\debug\spl\src\misc.o
LOAD obj\debug\spl\src\stm32f4xx_adc.o
LOAD obj\debug\spl\src\stm32f4xx_can.o
LOAD obj\debug\spl\src\stm32f4xx_crc.o
LOAD obj\debug\spl\src\stm32f4xx_dac.o
LOAD obj\debug\spl\src\stm32f4xx_dbgmcu.o
LOAD obj\debug\spl\src\stm32f4xx_dcmi.o
LOAD obj\debug\spl\src\stm32f4xx_dma.o
LOAD obj\debug\spl\src\stm32f4xx_exti.o
LOAD obj\debug\spl\src\stm32f4xx_gpio.o
LOAD obj\debug\spl\src\stm32f4xx_i2c.o
LOAD obj\debug\spl\src\stm32f4xx_iwdg.o
LOAD obj\debug\spl\src\stm32f4xx_pwr.o
LOAD obj\debug\spl\src\stm32f4xx_rcc.o
LOAD obj\debug\spl\src\stm32f4xx_rng.o
LOAD obj\debug\spl\src\stm32f4xx_rtc.o
LOAD obj\debug\spl\src\stm32f4xx_sdio.o
LOAD obj\debug\spl\src\stm32f4xx_spi.o
LOAD obj\debug\spl\src\stm32f4xx_syscfg.o
LOAD obj\debug\spl\src\stm32f4xx_tim.o
LOAD obj\debug\spl\src\stm32f4xx_usart.o
LOAD obj\debug\spl\src\stm32f4xx_wwdg.o
LOAD obj\debug\freertos\src\croutine.o
LOAD obj\debug\freertos\src\event_groups.o
LOAD obj\debug\freertos\src\heap_4.o
LOAD obj\debug\freertos\src\list.o
LOAD obj\debug\freertos\src\port.o
LOAD obj\debug\freertos\src\queue.o
LOAD obj\debug\freertos\src\tasks.o
LOAD obj\debug\freertos\src\timers.o
LOAD obj\debug\src\lcdshield.o
LOAD obj\debug\src\analog_input.o
LOAD obj\debug\src\comm.o
LOAD obj\debug\src\data_blobs.o
LOAD obj\debug\src\dhcp.o
LOAD obj\debug\src\dns.o
LOAD obj\debug\src\main.o
LOAD obj\debug\src\my_helpers.o
LOAD obj\debug\src\socket.o
LOAD obj\debug\src\spliturl.o
LOAD obj\debug\src\startup_stm32f4xx.o
LOAD obj\debug\src\system_stm32f4xx.o
LOAD obj\debug\src\term_io.o
LOAD obj\debug\src\vs10xx.o
LOAD obj\debug\src\w5500.o
LOAD obj\debug\src\wizchip_conf.o
START GROUP
LOAD c:/program files/emblocks/2.10/share/em_armgcc/bin/../lib/gcc/arm-none-eabi/4.7.3/armv7e-m/fpu\libgcc.a
LOAD c:/program files/emblocks/2.10/share/em_armgcc/bin/../lib/gcc/arm-none-eabi/4.7.3/../../../../arm-none-eabi/lib/armv7e-m/fpu\libc_n.a
LOAD c:/program files/emblocks/2.10/share/em_armgcc/bin/../lib/gcc/arm-none-eabi/4.7.3/../../../../arm-none-eabi/lib/armv7e-m/fpu\libg_n.a
LOAD c:/program files/emblocks/2.10/share/em_armgcc/bin/../lib/gcc/arm-none-eabi/4.7.3/../../../../arm-none-eabi/lib/armv7e-m/fpu\libnosys.a
END GROUP
LOAD c:/program files/emblocks/2.10/share/em_armgcc/bin/../lib/gcc/arm-none-eabi/4.7.3/armv7e-m/fpu/crtend.o
LOAD c:/program files/emblocks/2.10/share/em_armgcc/bin/../lib/gcc/arm-none-eabi/4.7.3/armv7e-m/fpu/crtn.o
OUTPUT(bin\Debug\NewProject1.elf elf32-littlearm)

.ARM.attributes
                0x00000000       0x30
 .ARM.attributes
                0x00000000       0x22 c:/program files/emblocks/2.10/share/em_armgcc/bin/../lib/gcc/arm-none-eabi/4.7.3/armv7e-m/fpu/crti.o
 .ARM.attributes
                0x00000022       0x34 c:/program files/emblocks/2.10/share/em_armgcc/bin/../lib/gcc/arm-none-eabi/4.7.3/armv7e-m/fpu/crtbegin.o
 .ARM.attributes
                0x00000056       0x20 c:/program files/emblocks/2.10/share/em_armgcc/bin/../lib/gcc/arm-none-eabi/4.7.3/../../../../arm-none-eabi/lib/armv7e-m/fpu/crt0.o
 .ARM.attributes
                0x00000076       0x39 obj\debug\spl\src\misc.o
 .ARM.attributes
                0x000000af       0x39 obj\debug\spl\src\stm32f4xx_adc.o
 .ARM.attributes
                0x000000e8       0x39 obj\debug\spl\src\stm32f4xx_gpio.o
 .ARM.attributes
                0x00000121       0x39 obj\debug\spl\src\stm32f4xx_rcc.o
 .ARM.attributes
                0x0000015a       0x39 obj\debug\spl\src\stm32f4xx_spi.o
 .ARM.attributes
                0x00000193       0x39 obj\debug\spl\src\stm32f4xx_usart.o
 .ARM.attributes
                0x000001cc       0x39 obj\debug\freertos\src\event_groups.o
 .ARM.attributes
                0x00000205       0x39 obj\debug\freertos\src\heap_4.o
 .ARM.attributes
                0x0000023e       0x39 obj\debug\freertos\src\list.o
 .ARM.attributes
                0x00000277       0x39 obj\debug\freertos\src\port.o
 .ARM.attributes
                0x000002b0       0x39 obj\debug\freertos\src\queue.o
 .ARM.attributes
                0x000002e9       0x39 obj\debug\freertos\src\tasks.o
 .ARM.attributes
                0x00000322       0x39 obj\debug\freertos\src\timers.o
 .ARM.attributes
                0x0000035b       0x39 obj\debug\src\lcdshield.o
 .ARM.attributes
                0x00000394       0x39 obj\debug\src\analog_input.o
 .ARM.attributes
                0x000003cd       0x39 obj\debug\src\comm.o
 .ARM.attributes
                0x00000406       0x39 obj\debug\src\data_blobs.o
 .ARM.attributes
                0x0000043f       0x39 obj\debug\src\dhcp.o
 .ARM.attributes
                0x00000478       0x39 obj\debug\src\dns.o
 .ARM.attributes
                0x000004b1       0x39 obj\debug\src\main.o
 .ARM.attributes
                0x000004ea       0x39 obj\debug\src\my_helpers.o
 .ARM.attributes
                0x00000523       0x39 obj\debug\src\socket.o
 .ARM.attributes
                0x0000055c       0x1f obj\debug\src\startup_stm32f4xx.o
 .ARM.attributes
                0x0000057b       0x39 obj\debug\src\system_stm32f4xx.o
 .ARM.attributes
                0x000005b4       0x39 obj\debug\src\term_io.o
 .ARM.attributes
                0x000005ed       0x39 obj\debug\src\vs10xx.o
 .ARM.attributes
                0x00000626       0x39 obj\debug\src\w5500.o
 .ARM.attributes
                0x0000065f       0x39 obj\debug\src\wizchip_conf.o
 .ARM.attributes
                0x00000698       0x34 c:/program files/emblocks/2.10/share/em_armgcc/bin/../lib/gcc/arm-none-eabi/4.7.3/../../../../arm-none-eabi/lib/armv7e-m/fpu\libc_n.a(lib_a-__atexit2.o)
 .ARM.attributes
                0x000006cc       0x34 c:/program files/emblocks/2.10/share/em_armgcc/bin/../lib/gcc/arm-none-eabi/4.7.3/../../../../arm-none-eabi/lib/armv7e-m/fpu\libc_n.a(lib_a-exit.o)
 .ARM.attributes
                0x00000700       0x34 c:/program files/emblocks/2.10/share/em_armgcc/bin/../lib/gcc/arm-none-eabi/4.7.3/../../../../arm-none-eabi/lib/armv7e-m/fpu\libc_n.a(lib_a-fini.o)
 .ARM.attributes
                0x00000734       0x34 c:/program files/emblocks/2.10/share/em_armgcc/bin/../lib/gcc/arm-none-eabi/4.7.3/../../../../arm-none-eabi/lib/armv7e-m/fpu\libc_n.a(lib_a-impure.o)
 .ARM.attributes
                0x00000768       0x34 c:/program files/emblocks/2.10/share/em_armgcc/bin/../lib/gcc/arm-none-eabi/4.7.3/../../../../arm-none-eabi/lib/armv7e-m/fpu\libc_n.a(lib_a-init.o)
 .ARM.attributes
                0x0000079c       0x34 c:/program files/emblocks/2.10/share/em_armgcc/bin/../lib/gcc/arm-none-eabi/4.7.3/../../../../arm-none-eabi/lib/armv7e-m/fpu\libc_n.a(lib_a-memchr.o)
 .ARM.attributes
                0x000007d0       0x34 c:/program files/emblocks/2.10/share/em_armgcc/bin/../lib/gcc/arm-none-eabi/4.7.3/../../../../arm-none-eabi/lib/armv7e-m/fpu\libc_n.a(lib_a-memcmp.o)
 .ARM.attributes
                0x00000804       0x34 c:/program files/emblocks/2.10/share/em_armgcc/bin/../lib/gcc/arm-none-eabi/4.7.3/../../../../arm-none-eabi/lib/armv7e-m/fpu\libc_n.a(lib_a-memcpy.o)
 .ARM.attributes
                0x00000838       0x34 c:/program files/emblocks/2.10/share/em_armgcc/bin/../lib/gcc/arm-none-eabi/4.7.3/../../../../arm-none-eabi/lib/armv7e-m/fpu\libc_n.a(lib_a-memset.o)
 .ARM.attributes
                0x0000086c       0x34 c:/program files/emblocks/2.10/share/em_armgcc/bin/../lib/gcc/arm-none-eabi/4.7.3/../../../../arm-none-eabi/lib/armv7e-m/fpu\libc_n.a(lib_a-printf.o)
 .ARM.attributes
                0x000008a0       0x34 c:/program files/emblocks/2.10/share/em_armgcc/bin/../lib/gcc/arm-none-eabi/4.7.3/../../../../arm-none-eabi/lib/armv7e-m/fpu\libc_n.a(lib_a-snprintf.o)
 .ARM.attributes
                0x000008d4       0x34 c:/program files/emblocks/2.10/share/em_armgcc/bin/../lib/gcc/arm-none-eabi/4.7.3/../../../../arm-none-eabi/lib/armv7e-m/fpu\libc_n.a(lib_a-sprintf.o)
 .ARM.attributes
                0x00000908       0x34 c:/program files/emblocks/2.10/share/em_armgcc/bin/../lib/gcc/arm-none-eabi/4.7.3/../../../../arm-none-eabi/lib/armv7e-m/fpu\libc_n.a(lib_a-strchr.o)
 .ARM.attributes
                0x0000093c       0x34 c:/program files/emblocks/2.10/share/em_armgcc/bin/../lib/gcc/arm-none-eabi/4.7.3/../../../../arm-none-eabi/lib/armv7e-m/fpu\libc_n.a(lib_a-strcpy.o)
 .ARM.attributes
                0x00000970       0x34 c:/program files/emblocks/2.10/share/em_armgcc/bin/../lib/gcc/arm-none-eabi/4.7.3/../../../../arm-none-eabi/lib/armv7e-m/fpu\libc_n.a(lib_a-strlen.o)
 .ARM.attributes
                0x000009a4       0x34 c:/program files/emblocks/2.10/share/em_armgcc/bin/../lib/gcc/arm-none-eabi/4.7.3/../../../../arm-none-eabi/lib/armv7e-m/fpu\libc_n.a(lib_a-strncpy.o)
 .ARM.attributes
                0x000009d8       0x34 c:/program files/emblocks/2.10/share/em_armgcc/bin/../lib/gcc/arm-none-eabi/4.7.3/../../../../arm-none-eabi/lib/armv7e-m/fpu\libc_n.a(lib_a-svfprintf.o)
 .ARM.attributes
                0x00000a0c       0x34 c:/program files/emblocks/2.10/share/em_armgcc/bin/../lib/gcc/arm-none-eabi/4.7.3/../../../../arm-none-eabi/lib/armv7e-m/fpu\libc_n.a(lib_a-vfprintf.o)
 .ARM.attributes
                0x00000a40       0x34 c:/program files/emblocks/2.10/share/em_armgcc/bin/../lib/gcc/arm-none-eabi/4.7.3/../../../../arm-none-eabi/lib/armv7e-m/fpu\libc_n.a(lib_a-vfprintf_i.o)
 .ARM.attributes
                0x00000a74       0x34 c:/program files/emblocks/2.10/share/em_armgcc/bin/../lib/gcc/arm-none-eabi/4.7.3/../../../../arm-none-eabi/lib/armv7e-m/fpu\libc_n.a(lib_a-wbuf.o)
 .ARM.attributes
                0x00000aa8       0x34 c:/program files/emblocks/2.10/share/em_armgcc/bin/../lib/gcc/arm-none-eabi/4.7.3/../../../../arm-none-eabi/lib/armv7e-m/fpu\libc_n.a(lib_a-wsetup.o)
 .ARM.attributes
                0x00000adc       0x34 c:/program files/emblocks/2.10/share/em_armgcc/bin/../lib/gcc/arm-none-eabi/4.7.3/../../../../arm-none-eabi/lib/armv7e-m/fpu\libc_n.a(lib_a-fflush.o)
 .ARM.attributes
                0x00000b10       0x34 c:/program files/emblocks/2.10/share/em_armgcc/bin/../lib/gcc/arm-none-eabi/4.7.3/../../../../arm-none-eabi/lib/armv7e-m/fpu\libc_n.a(lib_a-findfp.o)
 .ARM.attributes
                0x00000b44       0x34 c:/program files/emblocks/2.10/share/em_armgcc/bin/../lib/gcc/arm-none-eabi/4.7.3/../../../../arm-none-eabi/lib/armv7e-m/fpu\libc_n.a(lib_a-freer.o)
 .ARM.attributes
                0x00000b78       0x34 c:/program files/emblocks/2.10/share/em_armgcc/bin/../lib/gcc/arm-none-eabi/4.7.3/../../../../arm-none-eabi/lib/armv7e-m/fpu\libc_n.a(lib_a-makebuf.o)
 .ARM.attributes
                0x00000bac       0x34 c:/program files/emblocks/2.10/share/em_armgcc/bin/../lib/gcc/arm-none-eabi/4.7.3/../../../../arm-none-eabi/lib/armv7e-m/fpu\libc_n.a(lib_a-mallocr.o)
 .ARM.attributes
                0x00000be0       0x34 c:/program files/emblocks/2.10/share/em_armgcc/bin/../lib/gcc/arm-none-eabi/4.7.3/../../../../arm-none-eabi/lib/armv7e-m/fpu\libc_n.a(lib_a-reallocr.o)
 .ARM.attributes
                0x00000c14       0x34 c:/program files/emblocks/2.10/share/em_armgcc/bin/../lib/gcc/arm-none-eabi/4.7.3/../../../../arm-none-eabi/lib/armv7e-m/fpu\libc_n.a(lib_a-sbrkr.o)
 .ARM.attributes
                0x00000c48       0x34 c:/program files/emblocks/2.10/share/em_armgcc/bin/../lib/gcc/arm-none-eabi/4.7.3/../../../../arm-none-eabi/lib/armv7e-m/fpu\libc_n.a(lib_a-stdio.o)
 .ARM.attributes
                0x00000c7c       0x34 c:/program files/emblocks/2.10/share/em_armgcc/bin/../lib/gcc/arm-none-eabi/4.7.3/../../../../arm-none-eabi/lib/armv7e-m/fpu\libc_n.a(lib_a-writer.o)
 .ARM.attributes
                0x00000cb0       0x34 c:/program files/emblocks/2.10/share/em_armgcc/bin/../lib/gcc/arm-none-eabi/4.7.3/../../../../arm-none-eabi/lib/armv7e-m/fpu\libc_n.a(lib_a-closer.o)
 .ARM.attributes
                0x00000ce4       0x34 c:/program files/emblocks/2.10/share/em_armgcc/bin/../lib/gcc/arm-none-eabi/4.7.3/../../../../arm-none-eabi/lib/armv7e-m/fpu\libc_n.a(lib_a-fstatr.o)
 .ARM.attributes
                0x00000d18       0x34 c:/program files/emblocks/2.10/share/em_armgcc/bin/../lib/gcc/arm-none-eabi/4.7.3/../../../../arm-none-eabi/lib/armv7e-m/fpu\libc_n.a(lib_a-isattyr.o)
 .ARM.attributes
                0x00000d4c       0x34 c:/program files/emblocks/2.10/share/em_armgcc/bin/../lib/gcc/arm-none-eabi/4.7.3/../../../../arm-none-eabi/lib/armv7e-m/fpu\libc_n.a(lib_a-lseekr.o)
 .ARM.attributes
                0x00000d80       0x34 c:/program files/emblocks/2.10/share/em_armgcc/bin/../lib/gcc/arm-none-eabi/4.7.3/../../../../arm-none-eabi/lib/armv7e-m/fpu\libc_n.a(lib_a-msizer.o)
 .ARM.attributes
                0x00000db4       0x34 c:/program files/emblocks/2.10/share/em_armgcc/bin/../lib/gcc/arm-none-eabi/4.7.3/../../../../arm-none-eabi/lib/armv7e-m/fpu\libc_n.a(lib_a-readr.o)
 .ARM.attributes
                0x00000de8       0x34 c:/program files/emblocks/2.10/share/em_armgcc/bin/../lib/gcc/arm-none-eabi/4.7.3/../../../../arm-none-eabi/lib/armv7e-m/fpu\libc_n.a(lib_a-reent.o)
 .ARM.attributes
                0x00000e1c       0x34 c:/program files/emblocks/2.10/share/em_armgcc/bin/../lib/gcc/arm-none-eabi/4.7.3/../../../../arm-none-eabi/lib/armv7e-m/fpu\libnosys.a(close.o)
 .ARM.attributes
                0x00000e50       0x34 c:/program files/emblocks/2.10/share/em_armgcc/bin/../lib/gcc/arm-none-eabi/4.7.3/../../../../arm-none-eabi/lib/armv7e-m/fpu\libnosys.a(fstat.o)
 .ARM.attributes
                0x00000e84       0x34 c:/program files/emblocks/2.10/share/em_armgcc/bin/../lib/gcc/arm-none-eabi/4.7.3/../../../../arm-none-eabi/lib/armv7e-m/fpu\libnosys.a(isatty.o)
 .ARM.attributes
                0x00000eb8       0x34 c:/program files/emblocks/2.10/share/em_armgcc/bin/../lib/gcc/arm-none-eabi/4.7.3/../../../../arm-none-eabi/lib/armv7e-m/fpu\libnosys.a(lseek.o)
 .ARM.attributes
                0x00000eec       0x34 c:/program files/emblocks/2.10/share/em_armgcc/bin/../lib/gcc/arm-none-eabi/4.7.3/../../../../arm-none-eabi/lib/armv7e-m/fpu\libnosys.a(read.o)
 .ARM.attributes
                0x00000f20       0x34 c:/program files/emblocks/2.10/share/em_armgcc/bin/../lib/gcc/arm-none-eabi/4.7.3/../../../../arm-none-eabi/lib/armv7e-m/fpu\libnosys.a(sbrk.o)
 .ARM.attributes
                0x00000f54       0x34 c:/program files/emblocks/2.10/share/em_armgcc/bin/../lib/gcc/arm-none-eabi/4.7.3/../../../../arm-none-eabi/lib/armv7e-m/fpu\libnosys.a(write.o)
 .ARM.attributes
                0x00000f88       0x34 c:/program files/emblocks/2.10/share/em_armgcc/bin/../lib/gcc/arm-none-eabi/4.7.3/../../../../arm-none-eabi/lib/armv7e-m/fpu\libnosys.a(_exit.o)
 .ARM.attributes
                0x00000fbc       0x34 c:/program files/emblocks/2.10/share/em_armgcc/bin/../lib/gcc/arm-none-eabi/4.7.3/armv7e-m/fpu/crtend.o
 .ARM.attributes
                0x00000ff0       0x22 c:/program files/emblocks/2.10/share/em_armgcc/bin/../lib/gcc/arm-none-eabi/4.7.3/armv7e-m/fpu/crtn.o

.comment        0x00000000       0x4e
 .comment       0x00000000       0x4e obj\debug\spl\src\misc.o
                                 0x4f (size before relaxing)
 .comment       0x00000000       0x4f obj\debug\spl\src\stm32f4xx_adc.o
 .comment       0x00000000       0x4f obj\debug\spl\src\stm32f4xx_gpio.o
 .comment       0x00000000       0x4f obj\debug\spl\src\stm32f4xx_rcc.o
 .comment       0x00000000       0x4f obj\debug\spl\src\stm32f4xx_spi.o
 .comment       0x00000000       0x4f obj\debug\spl\src\stm32f4xx_usart.o
 .comment       0x00000000       0x4f obj\debug\freertos\src\event_groups.o
 .comment       0x00000000       0x4f obj\debug\freertos\src\heap_4.o
 .comment       0x00000000       0x4f obj\debug\freertos\src\list.o
 .comment       0x00000000       0x4f obj\debug\freertos\src\port.o
 .comment       0x00000000       0x4f obj\debug\freertos\src\queue.o
 .comment       0x00000000       0x4f obj\debug\freertos\src\tasks.o
 .comment       0x00000000       0x4f obj\debug\freertos\src\timers.o
 .comment       0x00000000       0x4f obj\debug\src\lcdshield.o
 .comment       0x00000000       0x4f obj\debug\src\analog_input.o
 .comment       0x00000000       0x4f obj\debug\src\comm.o
 .comment       0x00000000       0x4f obj\debug\src\data_blobs.o
 .comment       0x00000000       0x4f obj\debug\src\dhcp.o
 .comment       0x00000000       0x4f obj\debug\src\dns.o
 .comment       0x00000000       0x4f obj\debug\src\main.o
 .comment       0x00000000       0x4f obj\debug\src\my_helpers.o
 .comment       0x00000000       0x4f obj\debug\src\socket.o
 .comment       0x00000000       0x4f obj\debug\src\system_stm32f4xx.o
 .comment       0x00000000       0x4f obj\debug\src\term_io.o
 .comment       0x00000000       0x4f obj\debug\src\vs10xx.o
 .comment       0x00000000       0x4f obj\debug\src\w5500.o
 .comment       0x00000000       0x4f obj\debug\src\wizchip_conf.o

.debug_info     0x00000000    0x18d4f
 .debug_info    0x00000000      0x6b4 obj\debug\spl\src\misc.o
 .debug_info    0x000006b4     0x161c obj\debug\spl\src\stm32f4xx_adc.o
 .debug_info    0x00001cd0      0xac0 obj\debug\spl\src\stm32f4xx_gpio.o
 .debug_info    0x00002790     0x176a obj\debug\spl\src\stm32f4xx_rcc.o
 .debug_info    0x00003efa     0x13e4 obj\debug\spl\src\stm32f4xx_spi.o
 .debug_info    0x000052de     0x12c6 obj\debug\spl\src\stm32f4xx_usart.o
 .debug_info    0x000065a4      0xa33 obj\debug\freertos\src\event_groups.o
 .debug_info    0x00006fd7      0x423 obj\debug\freertos\src\heap_4.o
 .debug_info    0x000073fa      0x2c2 obj\debug\freertos\src\list.o
 .debug_info    0x000076bc      0x42e obj\debug\freertos\src\port.o
 .debug_info    0x00007aea     0x15b8 obj\debug\freertos\src\queue.o
 .debug_info    0x000090a2     0x1b23 obj\debug\freertos\src\tasks.o
 .debug_info    0x0000abc5      0xfd8 obj\debug\freertos\src\timers.o
 .debug_info    0x0000bb9d      0xa8b obj\debug\src\lcdshield.o
 .debug_info    0x0000c628      0x7cd obj\debug\src\analog_input.o
 .debug_info    0x0000cdf5      0x43a obj\debug\src\comm.o
 .debug_info    0x0000d22f       0xf4 obj\debug\src\data_blobs.o
 .debug_info    0x0000d323      0xedd obj\debug\src\dhcp.o
 .debug_info    0x0000e200      0xc7c obj\debug\src\dns.o
 .debug_info    0x0000ee7c     0x3620 obj\debug\src\main.o
 .debug_info    0x0001249c      0x910 obj\debug\src\my_helpers.o
 .debug_info    0x00012dac     0x10ed obj\debug\src\socket.o
 .debug_info    0x00013e99       0x5f obj\debug\src\startup_stm32f4xx.o
 .debug_info    0x00013ef8      0x64b obj\debug\src\system_stm32f4xx.o
 .debug_info    0x00014543      0x625 obj\debug\src\term_io.o
 .debug_info    0x00014b68     0x2798 obj\debug\src\vs10xx.o
 .debug_info    0x00017300      0x7fa obj\debug\src\w5500.o
 .debug_info    0x00017afa     0x1255 obj\debug\src\wizchip_conf.o

.debug_abbrev   0x00000000     0x40be
 .debug_abbrev  0x00000000      0x16c obj\debug\spl\src\misc.o
 .debug_abbrev  0x0000016c      0x20d obj\debug\spl\src\stm32f4xx_adc.o
 .debug_abbrev  0x00000379      0x226 obj\debug\spl\src\stm32f4xx_gpio.o
 .debug_abbrev  0x0000059f      0x1f2 obj\debug\spl\src\stm32f4xx_rcc.o
 .debug_abbrev  0x00000791      0x217 obj\debug\spl\src\stm32f4xx_spi.o
 .debug_abbrev  0x000009a8      0x21d obj\debug\spl\src\stm32f4xx_usart.o
 .debug_abbrev  0x00000bc5      0x2b3 obj\debug\freertos\src\event_groups.o
 .debug_abbrev  0x00000e78      0x234 obj\debug\freertos\src\heap_4.o
 .debug_abbrev  0x000010ac       0xfb obj\debug\freertos\src\list.o
 .debug_abbrev  0x000011a7      0x210 obj\debug\freertos\src\port.o
 .debug_abbrev  0x000013b7      0x315 obj\debug\freertos\src\queue.o
 .debug_abbrev  0x000016cc      0x3c4 obj\debug\freertos\src\tasks.o
 .debug_abbrev  0x00001a90      0x30c obj\debug\freertos\src\timers.o
 .debug_abbrev  0x00001d9c      0x25b obj\debug\src\lcdshield.o
 .debug_abbrev  0x00001ff7      0x1d3 obj\debug\src\analog_input.o
 .debug_abbrev  0x000021ca      0x196 obj\debug\src\comm.o
 .debug_abbrev  0x00002360       0x71 obj\debug\src\data_blobs.o
 .debug_abbrev  0x000023d1      0x32f obj\debug\src\dhcp.o
 .debug_abbrev  0x00002700      0x304 obj\debug\src\dns.o
 .debug_abbrev  0x00002a04      0x4bd obj\debug\src\main.o
 .debug_abbrev  0x00002ec1      0x28c obj\debug\src\my_helpers.o
 .debug_abbrev  0x0000314d      0x1e2 obj\debug\src\socket.o
 .debug_abbrev  0x0000332f       0x14 obj\debug\src\startup_stm32f4xx.o
 .debug_abbrev  0x00003343      0x164 obj\debug\src\system_stm32f4xx.o
 .debug_abbrev  0x000034a7      0x1d5 obj\debug\src\term_io.o
 .debug_abbrev  0x0000367c      0x457 obj\debug\src\vs10xx.o
 .debug_abbrev  0x00003ad3      0x254 obj\debug\src\w5500.o
 .debug_abbrev  0x00003d27      0x397 obj\debug\src\wizchip_conf.o

.debug_loc      0x00000000     0xf5cd
 .debug_loc     0x00000000      0x26a obj\debug\spl\src\misc.o
 .debug_loc     0x0000026a     0x140c obj\debug\spl\src\stm32f4xx_adc.o
 .debug_loc     0x00001676      0x729 obj\debug\spl\src\stm32f4xx_gpio.o
 .debug_loc     0x00001d9f     0x16ff obj\debug\spl\src\stm32f4xx_rcc.o
 .debug_loc     0x0000349e      0xcc3 obj\debug\spl\src\stm32f4xx_spi.o
 .debug_loc     0x00004161      0xe79 obj\debug\spl\src\stm32f4xx_usart.o
 .debug_loc     0x00004fda      0xb3a obj\debug\freertos\src\event_groups.o
 .debug_loc     0x00005b14      0x3ba obj\debug\freertos\src\heap_4.o
 .debug_loc     0x00005ece       0xac obj\debug\freertos\src\list.o
 .debug_loc     0x00005f7a      0x1c6 obj\debug\freertos\src\port.o
 .debug_loc     0x00006140     0x1390 obj\debug\freertos\src\queue.o
 .debug_loc     0x000074d0     0x11a5 obj\debug\freertos\src\tasks.o
 .debug_loc     0x00008675      0x787 obj\debug\freertos\src\timers.o
 .debug_loc     0x00008dfc      0x387 obj\debug\src\lcdshield.o
 .debug_loc     0x00009183       0xd2 obj\debug\src\analog_input.o
 .debug_loc     0x00009255       0xa1 obj\debug\src\comm.o
 .debug_loc     0x000092f6      0xbc7 obj\debug\src\dhcp.o
 .debug_loc     0x00009ebd      0xfd9 obj\debug\src\dns.o
 .debug_loc     0x0000ae96      0x8cd obj\debug\src\main.o
 .debug_loc     0x0000b763      0x36b obj\debug\src\my_helpers.o
 .debug_loc     0x0000bace     0x11c6 obj\debug\src\socket.o
 .debug_loc     0x0000cc94      0x12d obj\debug\src\system_stm32f4xx.o
 .debug_loc     0x0000cdc1      0x906 obj\debug\src\term_io.o
 .debug_loc     0x0000d6c7      0xbad obj\debug\src\vs10xx.o
 .debug_loc     0x0000e274      0x6c2 obj\debug\src\w5500.o