Archive member included because of file (symbol)

c:/emblocks/2.10/share/em_armgcc/bin/../lib/gcc/arm-none-eabi/4.7.3/../../../../arm-none-eabi/lib/armv7e-m/fpu\libc_n.a(lib_a-__atexit2.o)
                              c:/emblocks/2.10/share/em_armgcc/bin/../lib/gcc/arm-none-eabi/4.7.3/../../../../arm-none-eabi/lib/armv7e-m/fpu/crt0.o (__register_exitproc)
c:/emblocks/2.10/share/em_armgcc/bin/../lib/gcc/arm-none-eabi/4.7.3/../../../../arm-none-eabi/lib/armv7e-m/fpu\libc_n.a(lib_a-atoi.o)
                              obj\debug\src\spliturl.o (atoi)
c:/emblocks/2.10/share/em_armgcc/bin/../lib/gcc/arm-none-eabi/4.7.3/../../../../arm-none-eabi/lib/armv7e-m/fpu\libc_n.a(lib_a-exit.o)
                              c:/emblocks/2.10/share/em_armgcc/bin/../lib/gcc/arm-none-eabi/4.7.3/../../../../arm-none-eabi/lib/armv7e-m/fpu/crt0.o (exit)
c:/emblocks/2.10/share/em_armgcc/bin/../lib/gcc/arm-none-eabi/4.7.3/../../../../arm-none-eabi/lib/armv7e-m/fpu\libc_n.a(lib_a-fini.o)
                              c:/emblocks/2.10/share/em_armgcc/bin/../lib/gcc/arm-none-eabi/4.7.3/../../../../arm-none-eabi/lib/armv7e-m/fpu/crt0.o (__libc_fini_array)
c:/emblocks/2.10/share/em_armgcc/bin/../lib/gcc/arm-none-eabi/4.7.3/../../../../arm-none-eabi/lib/armv7e-m/fpu\libc_n.a(lib_a-impure.o)
                              c:/emblocks/2.10/share/em_armgcc/bin/../lib/gcc/arm-none-eabi/4.7.3/../../../../arm-none-eabi/lib/armv7e-m/fpu\libc_n.a(lib_a-exit.o) (_global_impure_ptr)
c:/emblocks/2.10/share/em_armgcc/bin/../lib/gcc/arm-none-eabi/4.7.3/../../../../arm-none-eabi/lib/armv7e-m/fpu\libc_n.a(lib_a-init.o)
                              c:/emblocks/2.10/share/em_armgcc/bin/../lib/gcc/arm-none-eabi/4.7.3/../../../../arm-none-eabi/lib/armv7e-m/fpu/crt0.o (__libc_init_array)
c:/emblocks/2.10/share/em_armgcc/bin/../lib/gcc/arm-none-eabi/4.7.3/../../../../arm-none-eabi/lib/armv7e-m/fpu\libc_n.a(lib_a-memchr.o)
                              obj\debug\src\spliturl.o (memchr)
c:/emblocks/2.10/share/em_armgcc/bin/../lib/gcc/arm-none-eabi/4.7.3/../../../../arm-none-eabi/lib/armv7e-m/fpu\libc_n.a(lib_a-memcmp.o)
                              obj\debug\freertos\src\tasks.o (memcmp)
c:/emblocks/2.10/share/em_armgcc/bin/../lib/gcc/arm-none-eabi/4.7.3/../../../../arm-none-eabi/lib/armv7e-m/fpu\libc_n.a(lib_a-memcpy.o)
                              obj\debug\freertos\src\queue.o (memcpy)
c:/emblocks/2.10/share/em_armgcc/bin/../lib/gcc/arm-none-eabi/4.7.3/../../../../arm-none-eabi/lib/armv7e-m/fpu\libc_n.a(lib_a-memset.o)
                              c:/emblocks/2.10/share/em_armgcc/bin/../lib/gcc/arm-none-eabi/4.7.3/../../../../arm-none-eabi/lib/armv7e-m/fpu/crt0.o (memset)
c:/emblocks/2.10/share/em_armgcc/bin/../lib/gcc/arm-none-eabi/4.7.3/../../../../arm-none-eabi/lib/armv7e-m/fpu\libc_n.a(lib_a-snprintf.o)
                              obj\debug\src\main.o (snprintf)
c:/emblocks/2.10/share/em_armgcc/bin/../lib/gcc/arm-none-eabi/4.7.3/../../../../arm-none-eabi/lib/armv7e-m/fpu\libc_n.a(lib_a-sprintf.o)
                              obj\debug\src\main.o (sprintf)
c:/emblocks/2.10/share/em_armgcc/bin/../lib/gcc/arm-none-eabi/4.7.3/../../../../arm-none-eabi/lib/armv7e-m/fpu\libc_n.a(lib_a-strcat.o)
                              obj\debug\src\main.o (strcat)
c:/emblocks/2.10/share/em_armgcc/bin/../lib/gcc/arm-none-eabi/4.7.3/../../../../arm-none-eabi/lib/armv7e-m/fpu\libc_n.a(lib_a-strchr.o)
                              obj\debug\src\dns.o (strchr)
c:/emblocks/2.10/share/em_armgcc/bin/../lib/gcc/arm-none-eabi/4.7.3/../../../../arm-none-eabi/lib/armv7e-m/fpu\libc_n.a(lib_a-strcpy.o)
                              obj\debug\src\dns.o (strcpy)
c:/emblocks/2.10/share/em_armgcc/bin/../lib/gcc/arm-none-eabi/4.7.3/../../../../arm-none-eabi/lib/armv7e-m/fpu\libc_n.a(lib_a-strlen.o)
                              obj\debug\src\dns.o (strlen)
c:/emblocks/2.10/share/em_armgcc/bin/../lib/gcc/arm-none-eabi/4.7.3/../../../../arm-none-eabi/lib/armv7e-m/fpu\libc_n.a(lib_a-strncasecmp.o)
                              obj\debug\src\spliturl.o (strncasecmp)
c:/emblocks/2.10/share/em_armgcc/bin/../lib/gcc/arm-none-eabi/4.7.3/../../../../arm-none-eabi/lib/armv7e-m/fpu\libc_n.a(lib_a-strncmp.o)
                              obj\debug\src\main.o (strncmp)
c:/emblocks/2.10/share/em_armgcc/bin/../lib/gcc/arm-none-eabi/4.7.3/../../../../arm-none-eabi/lib/armv7e-m/fpu\libc_n.a(lib_a-strncpy.o)
                              obj\debug\src\dns.o (strncpy)
c:/emblocks/2.10/share/em_armgcc/bin/../lib/gcc/arm-none-eabi/4.7.3/../../../../arm-none-eabi/lib/armv7e-m/fpu\libc_n.a(lib_a-strtol.o)
                              c:/emblocks/2.10/share/em_armgcc/bin/../lib/gcc/arm-none-eabi/4.7.3/../../../../arm-none-eabi/lib/armv7e-m/fpu\libc_n.a(lib_a-atoi.o) (_strtol_r)
c:/emblocks/2.10/share/em_armgcc/bin/../lib/gcc/arm-none-eabi/4.7.3/../../../../arm-none-eabi/lib/armv7e-m/fpu\libc_n.a(lib_a-svfprintf.o)
[...]
Memory Configuration

Name             Origin             Length             Attributes
ROM              0x08000000         0x00080000         xr
RAM              0x20000000         0x00018000         xrw
*default*        0x00000000         0xffffffff

Linker script and memory map

LOAD c:/emblocks/2.10/share/em_armgcc/bin/../lib/gcc/arm-none-eabi/4.7.3/armv7e-m/fpu/crti.o
LOAD c:/emblocks/2.10/share/em_armgcc/bin/../lib/gcc/arm-none-eabi/4.7.3/armv7e-m/fpu/crtbegin.o
LOAD c:/emblocks/2.10/share/em_armgcc/bin/../lib/gcc/arm-none-eabi/4.7.3/../../../../arm-none-eabi/lib/armv7e-m/fpu/crt0.o
                0x00000000                __HEAP_SIZE = 0x0
                0x00000100                __STACK_SIZE = 0x100

.text           0x08000000    0x132dc
 *(.isr_vector)
 .isr_vector    0x08000000      0x188 obj\debug\src\startup_stm32f4xx.o
                0x08000000                __isr_vector
 *(.text*)
 .text          0x08000188       0x54 c:/emblocks/2.10/share/em_armgcc/bin/../lib/gcc/arm-none-eabi/4.7.3/armv7e-m/fpu/crtbegin.o
 .text          0x080001dc       0x70 c:/emblocks/2.10/share/em_armgcc/bin/../lib/gcc/arm-none-eabi/4.7.3/../../../../arm-none-eabi/lib/armv7e-m/fpu/crt0.o
                0x080001dc                _start
                0x080001dc                start
                0x080001dc                _mainCRTStartup
 .text.NVIC_Init
                0x0800024c       0x9c obj\debug\spl\src\misc.o
                0x0800024c                NVIC_Init
 .text.ADC_Init
                0x080002e8      0x154 obj\debug\spl\src\stm32f4xx_adc.o
                0x080002e8                ADC_Init
 .text.ADC_StructInit
                0x0800043c       0x14 obj\debug\spl\src\stm32f4xx_adc.o
                0x0800043c                ADC_StructInit
 .text.ADC_CommonInit
                0x08000450      0x10c obj\debug\spl\src\stm32f4xx_adc.o
                0x08000450                ADC_CommonInit
 .text.ADC_Cmd  0x0800055c       0x54 obj\debug\spl\src\stm32f4xx_adc.o
                0x0800055c                ADC_Cmd
 .text.ADC_RegularChannelConfig
                0x080005b0      0x100 obj\debug\spl\src\stm32f4xx_adc.o
                0x080005b0                ADC_RegularChannelConfig
 .text.ADC_SoftwareStartConv
                0x080006b0       0x38 obj\debug\spl\src\stm32f4xx_adc.o
                0x080006b0                ADC_SoftwareStartConv
 .text.ADC_GetConversionValue
                0x080006e8       0x34 obj\debug\spl\src\stm32f4xx_adc.o
                0x080006e8                ADC_GetConversionValue
 .text.ADC_GetFlagStatus
                0x0800071c       0x5c obj\debug\spl\src\stm32f4xx_adc.o
                0x0800071c                ADC_GetFlagStatus
 .text.DMA_DeInit
                0x08000778      0x190 obj\debug\spl\src\stm32f4xx_dma.o
                0x08000778                DMA_DeInit
 .text.DMA_Init
                0x08000908      0x224 obj\debug\spl\src\stm32f4xx_dma.o
                0x08000908                DMA_Init
 .text.DMA_StructInit
                0x08000b2c       0x22 obj\debug\spl\src\stm32f4xx_dma.o
                0x08000b2c                DMA_StructInit
 *fill*         0x08000b4e        0x2 
 .text.DMA_Cmd  0x08000b50       0xa0 obj\debug\spl\src\stm32f4xx_dma.o
                0x08000b50                DMA_Cmd
 .text.DMA_GetFlagStatus
                0x08000bf0      0x1e4 obj\debug\spl\src\stm32f4xx_dma.o
                0x08000bf0                DMA_GetFlagStatus
 .text.GPIO_Init
                0x08000dd4      0x138 obj\debug\spl\src\stm32f4xx_gpio.o
                0x08000dd4                GPIO_Init
 .text.GPIO_StructInit
                0x08000f0c       0x12 obj\debug\spl\src\stm32f4xx_gpio.o
                0x08000f0c                GPIO_StructInit
 *fill*         0x08000f1e        0x2 
 .text.GPIO_ReadInputDataBit
                0x08000f20       0xd4 obj\debug\spl\src\stm32f4xx_gpio.o
                0x08000f20                GPIO_ReadInputDataBit
 .text.GPIO_SetBits
                0x08000ff4       0x80 obj\debug\spl\src\stm32f4xx_gpio.o
                0x08000ff4                GPIO_SetBits
 .text.GPIO_ResetBits
                0x08001074       0x80 obj\debug\spl\src\stm32f4xx_gpio.o
                0x08001074                GPIO_ResetBits
 .text.GPIO_WriteBit
                0x080010f4       0xe4 obj\debug\spl\src\stm32f4xx_gpio.o
                0x080010f4                GPIO_WriteBit
 .text.GPIO_PinAFConfig
                0x080011d8       0xe8 obj\debug\spl\src\stm32f4xx_gpio.o
                0x080011d8                GPIO_PinAFConfig
 .text.RCC_GetClocksFreq
                0x080012c0       0x8c obj\debug\spl\src\stm32f4xx_rcc.o
                0x080012c0                RCC_GetClocksFreq
 .text.RCC_AHB1PeriphClockCmd
                0x0800134c       0x48 obj\debug\spl\src\stm32f4xx_rcc.o
                0x0800134c                RCC_AHB1PeriphClockCmd
 .text.RCC_APB1PeriphClockCmd
                0x08001394       0x48 obj\debug\spl\src\stm32f4xx_rcc.o
                0x08001394                RCC_APB1PeriphClockCmd
 .text.RCC_APB2PeriphClockCmd
                0x080013dc       0x48 obj\debug\spl\src\stm32f4xx_rcc.o
                0x080013dc                RCC_APB2PeriphClockCmd
 .text.SPI_Init
                0x08001424      0x14c obj\debug\spl\src\stm32f4xx_spi.o
                0x08001424                SPI_Init
 .text.SPI_StructInit
                0x08001570       0x18 obj\debug\spl\src\stm32f4xx_spi.o
                0x08001570                SPI_StructInit
 .text.SPI_Cmd  0x08001588       0x70 obj\debug\spl\src\stm32f4xx_spi.o
                0x08001588                SPI_Cmd
 .text.SPI_I2S_ReceiveData
                0x080015f8       0x58 obj\debug\spl\src\stm32f4xx_spi.o
                0x080015f8                SPI_I2S_ReceiveData
 .text.SPI_I2S_SendData
                0x08001650       0x58 obj\debug\spl\src\stm32f4xx_spi.o
                0x08001650                SPI_I2S_SendData
 .text.SPI_I2S_DMACmd
                0x080016a8       0x8c obj\debug\spl\src\stm32f4xx_spi.o
                0x080016a8                SPI_I2S_DMACmd
 .text.SPI_I2S_GetFlagStatus
                0x08001734       0x90 obj\debug\spl\src\stm32f4xx_spi.o
                0x08001734                SPI_I2S_GetFlagStatus
 .text.USART_Init
                0x080017c4      0x1c8 obj\debug\spl\src\stm32f4xx_usart.o
                0x080017c4                USART_Init
 .text.USART_StructInit
                0x0800198c       0x16 obj\debug\spl\src\stm32f4xx_usart.o
                0x0800198c                USART_StructInit
 *fill*         0x080019a2        0x2 
 .text.USART_Cmd
                0x080019a4       0x80 obj\debug\spl\src\stm32f4xx_usart.o
                0x080019a4                USART_Cmd
 .text.USART_SendData
                0x08001a24       0x70 obj\debug\spl\src\stm32f4xx_usart.o
                0x08001a24                USART_SendData
 .text.USART_ReceiveData
                0x08001a94       0x5c obj\debug\spl\src\stm32f4xx_usart.o
                0x08001a94                USART_ReceiveData
 .text.USART_ITConfig
                0x08001af0      0x108 obj\debug\spl\src\stm32f4xx_usart.o
                0x08001af0                USART_ITConfig
 .text.USART_GetFlagStatus
                0x08001bf8       0xc4 obj\debug\spl\src\stm32f4xx_usart.o
                0x08001bf8                USART_GetFlagStatus
 .text.USART_GetITStatus
                0x08001cbc      0x114 obj\debug\spl\src\stm32f4xx_usart.o
                0x08001cbc                USART_GetITStatus
 .text.xEventGroupCreate
                0x08001dd0       0x1a obj\debug\freertos\src\event_groups.o
                0x08001dd0                xEventGroupCreate
 .text.xEventGroupWaitBits
                0x08001dea       0xe2 obj\debug\freertos\src\event_groups.o
                0x08001dea                xEventGroupWaitBits
 .text.xEventGroupSetBits
                0x08001ecc       0x6a obj\debug\freertos\src\event_groups.o
                0x08001ecc                xEventGroupSetBits
 *fill*         0x08001f36        0x2 
 .text.prvInsertBlockIntoFreeList
                0x08001f38       0x4c obj\debug\freertos\src\heap_4.o
 .text.pvPortMalloc
                0x08001f84       0xec obj\debug\freertos\src\heap_4.o
                0x08001f84                pvPortMalloc
 .text.vPortFree
                0x08002070       0x58 obj\debug\freertos\src\heap_4.o
                0x08002070                vPortFree
 .text.vListInitialise
                0x080020c8       0x16 obj\debug\freertos\src\list.o
                0x080020c8                vListInitialise
 .text.vListInitialiseItem
                0x080020de        0x6 obj\debug\freertos\src\list.o
                0x080020de                vListInitialiseItem
 .text.vListInsertEnd
                0x080020e4       0x18 obj\debug\freertos\src\list.o
                0x080020e4                vListInsertEnd
 .text.vListInsert
                0x080020fc       0x30 obj\debug\freertos\src\list.o
                0x080020fc                vListInsert
 .text.uxListRemove
                0x0800212c       0x24 obj\debug\freertos\src\list.o
                0x0800212c                uxListRemove
 .text.prvPortStartFirstTask
                0x08002150       0x1c obj\debug\freertos\src\port.o
 .text.vPortEnableVFP
                0x0800216c       0x14 obj\debug\freertos\src\port.o
 .text.pxPortInitialiseStack
                0x08002180       0x24 obj\debug\freertos\src\port.o
                0x08002180                pxPortInitialiseStack
 .text.SVC_Handler
                0x080021a4       0x20 obj\debug\freertos\src\port.o
                0x080021a4                SVC_Handler
 .text.vPortYield
                0x080021c4       0x18 obj\debug\freertos\src\port.o
                0x080021c4                vPortYield
 .text.ulPortSetInterruptMask
                0x080021dc       0x10 obj\debug\freertos\src\port.o
                0x080021dc                ulPortSetInterruptMask
 .text.vPortEnterCritical
                0x080021ec       0x1c obj\debug\freertos\src\port.o
                0x080021ec                vPortEnterCritical
 .text.prvTaskExitError
                0x08002208       0x1c obj\debug\freertos\src\port.o
 .text.vPortClearInterruptMask
                0x08002224        0x6 obj\debug\freertos\src\port.o
                0x08002224                vPortClearInterruptMask
 *fill*         0x0800222a        0x2 
 .text.vPortExitCritical
                0x0800222c       0x24 obj\debug\freertos\src\port.o
                0x0800222c                vPortExitCritical
 .text.PendSV_Handler
                0x08002250       0x58 obj\debug\freertos\src\port.o
                0x08002250                PendSV_Handler
 .text.SysTick_Handler
                0x080022a8       0x24 obj\debug\freertos\src\port.o
                0x080022a8                SysTick_Handler
 .text.vPortSetupTimerInterrupt
                0x080022cc       0x24 obj\debug\freertos\src\port.o
                0x080022cc                vPortSetupTimerInterrupt
 .text.xPortStartScheduler
                0x080022f0       0x9c obj\debug\freertos\src\port.o
                0x080022f0                xPortStartScheduler
 .text.vPortValidateInterruptPriority
                0x0800238c       0x44 obj\debug\freertos\src\port.o
                0x0800238c                vPortValidateInterruptPriority
 .text.prvUnlockQueue
                0x080023d0       0x68 obj\debug\freertos\src\queue.o
 .text.unlikely.prvCopyDataFromQueue
                0x08002438       0x26 obj\debug\freertos\src\queue.o
 .text.prvCopyDataToQueue
                0x0800245e       0x66 obj\debug\freertos\src\queue.o
 .text.xQueueGenericReset
                0x080024c4       0x64 obj\debug\freertos\src\queue.o
                0x080024c4                xQueueGenericReset
 .text.xQueueGenericCreate
                0x08002528       0x46 obj\debug\freertos\src\queue.o
                0x08002528                xQueueGenericCreate
 .text.xQueueGenericSend
                0x0800256e      0x12e obj\debug\freertos\src\queue.o
                0x0800256e                xQueueGenericSend
 .text.xQueueCreateMutex
                0x0800269c       0x56 obj\debug\freertos\src\queue.o
                0x0800269c                xQueueCreateMutex
 .text.xQueueGenericSendFromISR
                0x080026f2       0x94 obj\debug\freertos\src\queue.o
                0x080026f2                xQueueGenericSendFromISR
 .text.xQueueGenericReceive
                0x08002786      0x146 obj\debug\freertos\src\queue.o
                0x08002786                xQueueGenericReceive
 .text.vQueueAddToRegistry
                0x080028cc       0x28 obj\debug\freertos\src\queue.o
                0x080028cc                vQueueAddToRegistry
 .text.vQueueWaitForMessageRestricted
                0x080028f4       0x3a obj\debug\freertos\src\queue.o
                0x080028f4                vQueueWaitForMessageRestricted
 *fill*         0x0800292e        0x2 
 .text.prvResetNextTaskUnblockTime
                0x08002930       0x24 obj\debug\freertos\src\tasks.o
 .text.prvAddCurrentTaskToDelayedList
                0x08002954       0x50 obj\debug\freertos\src\tasks.o
 .text.xTaskGenericCreate
                0x080029a4      0x190 obj\debug\freertos\src\tasks.o
                0x080029a4                xTaskGenericCreate
 .text.vTaskStartScheduler
                0x08002b34       0x5c obj\debug\freertos\src\tasks.o
                0x08002b34                vTaskStartScheduler
 .text.vTaskSuspendAll
                0x08002b90       0x10 obj\debug\freertos\src\tasks.o
                0x08002b90                vTaskSuspendAll
 .text.xTaskGetTickCount
                0x08002ba0       0x18 obj\debug\freertos\src\tasks.o
                0x08002ba0                xTaskGetTickCount
 .text.xTaskIncrementTick
                0x08002bb8      0x118 obj\debug\freertos\src\tasks.o
                0x08002bb8                xTaskIncrementTick
 .text.xTaskResumeAll
                0x08002cd0       0xd4 obj\debug\freertos\src\tasks.o
                0x08002cd0                xTaskResumeAll
 .text.prvIdleTask
                0x08002da4       0x64 obj\debug\freertos\src\tasks.o
 .text.vTaskDelay
                0x08002e08       0x4c obj\debug\freertos\src\tasks.o
                0x08002e08                vTaskDelay
 .text.vTaskSwitchContext
                0x08002e54       0xa8 obj\debug\freertos\src\tasks.o
                0x08002e54                vTaskSwitchContext
 .text.vTaskPlaceOnEventList
                0x08002efc       0x34 obj\debug\freertos\src\tasks.o
                0x08002efc                vTaskPlaceOnEventList
 .text.vTaskPlaceOnUnorderedEventList
                0x08002f30       0x4c obj\debug\freertos\src\tasks.o
                0x08002f30                vTaskPlaceOnUnorderedEventList
 .text.vTaskPlaceOnEventListRestricted
                0x08002f7c       0x34 obj\debug\freertos\src\tasks.o
                0x08002f7c                vTaskPlaceOnEventListRestricted
 .text.xTaskRemoveFromEventList
                0x08002fb0       0x74 obj\debug\freertos\src\tasks.o
                0x08002fb0                xTaskRemoveFromEventList
 .text.xTaskRemoveFromUnorderedEventList
                0x08003024       0x70 obj\debug\freertos\src\tasks.o
                0x08003024                xTaskRemoveFromUnorderedEventList
 .text.vTaskSetTimeOutState
                0x08003094       0x20 obj\debug\freertos\src\tasks.o
                0x08003094                vTaskSetTimeOutState
 .text.xTaskCheckForTimeOut
                0x080030b4       0x58 obj\debug\freertos\src\tasks.o
                0x080030b4                xTaskCheckForTimeOut
 .text.vTaskMissedYield
                0x0800310c        0xc obj\debug\freertos\src\tasks.o
                0x0800310c                vTaskMissedYield
 .text.xTaskGetCurrentTaskHandle
                0x08003118        0xc obj\debug\freertos\src\tasks.o
                0x08003118                xTaskGetCurrentTaskHandle
 .text.xTaskGetSchedulerState
                0x08003124       0x20 obj\debug\freertos\src\tasks.o
                0x08003124                xTaskGetSchedulerState
 .text.vTaskPriorityInherit
                0x08003144       0x78 obj\debug\freertos\src\tasks.o
                0x08003144                vTaskPriorityInherit
 .text.vTaskPriorityDisinherit
                0x080031bc       0x4c obj\debug\freertos\src\tasks.o
                0x080031bc                vTaskPriorityDisinherit
 .text.uxTaskResetEventItemValue
                0x08003208       0x18 obj\debug\freertos\src\tasks.o
                0x08003208                uxTaskResetEventItemValue
 .text.prvCheckForValidListAndQueue
                0x08003220       0x60 obj\debug\freertos\src\timers.o
 .text.prvInsertTimerInActiveList
                0x08003280       0x3c obj\debug\freertos\src\timers.o
 .text.xTimerCreateTimerTask
                0x080032bc       0x40 obj\debug\freertos\src\timers.o
                0x080032bc                xTimerCreateTimerTask
 .text.xTimerCreate
                0x080032fc       0x40 obj\debug\freertos\src\timers.o
                0x080032fc                xTimerCreate
 .text.xTimerGenericCommand
                0x0800333c       0x44 obj\debug\freertos\src\timers.o
                0x0800333c                xTimerGenericCommand
 .text.prvSwitchTimerLists
                0x08003380       0x74 obj\debug\freertos\src\timers.o
 .text.prvTimerTask
                0x080033f4      0x174 obj\debug\freertos\src\timers.o
 .text._lcd_write_byte
                0x08003568       0x9a obj\debug\src\lcdshield.o
 .text._lcd_write_command
                0x08003602       0x1c obj\debug\src\lcdshield.o
 *fill*         0x0800361e        0x2 
 .text.lcd_init_context
                0x08003620       0x48 obj\debug\src\lcdshield.o
                0x08003620                lcd_init_context
 .text.lcd_write
                0x08003668       0x26 obj\debug\src\lcdshield.o
                0x08003668                lcd_write
 .text.lcd_set_backlight
                0x0800368e       0x10 obj\debug\src\lcdshield.o
                0x0800368e                lcd_set_backlight
 .text.lcd_cls  0x0800369e        0x6 obj\debug\src\lcdshield.o
                0x0800369e                lcd_cls
 .text.lcd_init_gpio
                0x080036a4       0xd2 obj\debug\src\lcdshield.o
                0x080036a4                lcd_init_gpio
 .text.lcd_home
                0x08003776        0x6 obj\debug\src\lcdshield.o
                0x08003776                lcd_home
 .text.adc_configure
                0x0800377c       0x90 obj\debug\src\analog_input.o
                0x0800377c                adc_configure
 .text.adc_convert
                0x0800380c       0x24 obj\debug\src\analog_input.o
                0x0800380c                adc_convert
 .text.val2key  0x08003830       0x38 obj\debug\src\analog_input.o
                0x08003830                val2key
 .text.comm_put
                0x08003868       0x20 obj\debug\src\comm.o
                0x08003868                comm_put
 .text.default_ip_assign
                0x08003888       0x38 obj\debug\src\dhcp.o
                0x08003888                default_ip_assign
 .text.default_ip_conflict
                0x080038c0       0x24 obj\debug\src\dhcp.o
                0x080038c0                default_ip_conflict
 .text.default_ip_update
                0x080038e4       0x28 obj\debug\src\dhcp.o
                0x080038e4                default_ip_update
 .text.makeDHCPMSG
                0x0800390c       0xd8 obj\debug\src\dhcp.o
                0x0800390c                makeDHCPMSG
 .text.send_DHCP_DISCOVER
                0x080039e4      0x160 obj\debug\src\dhcp.o
                0x080039e4                send_DHCP_DISCOVER
 .text.send_DHCP_REQUEST
                0x08003b44      0x230 obj\debug\src\dhcp.o
                0x08003b44                send_DHCP_REQUEST
 .text.send_DHCP_DECLINE
                0x08003d74       0xf0 obj\debug\src\dhcp.o
                0x08003d74                send_DHCP_DECLINE
 .text.parseDHCPMSG
                0x08003e64      0x188 obj\debug\src\dhcp.o
                0x08003e64                parseDHCPMSG
 .text.check_DHCP_leasedIP
                0x08003fec       0x64 obj\debug\src\dhcp.o
                0x08003fec                check_DHCP_leasedIP
 .text.reset_DHCP_timeout
                0x08004050       0x20 obj\debug\src\dhcp.o
                0x08004050                reset_DHCP_timeout
 .text.DHCP_init
                0x08004070       0xa4 obj\debug\src\dhcp.o
                0x08004070                DHCP_init
 .text.check_DHCP_timeout
                0x08004114       0x90 obj\debug\src\dhcp.o
                0x08004114                check_DHCP_timeout
 .text.DHCP_run
                0x080041a4      0x194 obj\debug\src\dhcp.o
                0x080041a4                DHCP_run
 .text.DHCP_time_handler
                0x08004338       0x10 obj\debug\src\dhcp.o
                0x08004338                DHCP_time_handler
 .text.getIPfromDHCP
                0x08004348       0x18 obj\debug\src\dhcp.o
                0x08004348                getIPfromDHCP
 .text.getGWfromDHCP
                0x08004360       0x18 obj\debug\src\dhcp.o
                0x08004360                getGWfromDHCP
 .text.getSNfromDHCP
                0x08004378       0x18 obj\debug\src\dhcp.o
                0x08004378                getSNfromDHCP
 .text.getDNSfromDHCP
                0x08004390       0x18 obj\debug\src\dhcp.o
                0x08004390                getDNSfromDHCP
 .text.getDHCPLeasetime
                0x080043a8        0xc obj\debug\src\dhcp.o
                0x080043a8                getDHCPLeasetime
 .text.parse_name
                0x080043b4       0x94 obj\debug\src\dns.o
                0x080043b4                parse_name
 .text.dns_question
                0x08004448       0x1a obj\debug\src\dns.o
                0x08004448                dns_question
 .text.dns_answer
                0x08004462       0xaa obj\debug\src\dns.o
                0x08004462                dns_answer
 .text.parseDNSMSG
                0x0800450c       0xda obj\debug\src\dns.o
                0x0800450c                parseDNSMSG
 *fill*         0x080045e6        0x2 
 .text.dns_makequery
                0x080045e8       0xac obj\debug\src\dns.o
                0x080045e8                dns_makequery
 .text.check_DNS_timeout
                0x08004694       0x30 obj\debug\src\dns.o
                0x08004694                check_DNS_timeout
 .text.DNS_init
                0x080046c4       0x1c obj\debug\src\dns.o
                0x080046c4                DNS_init
 .text.DNS_run  0x080046e0       0xbc obj\debug\src\dns.o
                0x080046e0                DNS_run
 .text.DNS_time_handler
                0x0800479c       0x10 obj\debug\src\dns.o
                0x0800479c                DNS_time_handler
 .text.SERIAL_puts
                0x080047ac       0x58 obj\debug\src\main.o
                0x080047ac                SERIAL_puts
 .text.wiz_chip_deselect
                0x08004804       0x10 obj\debug\src\main.o
                0x08004804                wiz_chip_deselect
 .text.wiz_chip_select
                0x08004814       0x10 obj\debug\src\main.o
                0x08004814                wiz_chip_select
 .text.vTask2   0x08004824       0x70 obj\debug\src\main.o
 .text.vTimerCallback
                0x08004894        0xe obj\debug\src\main.o
                0x08004894                vTimerCallback
 *fill*         0x080048a2        0x2 
 .text.WIZ_SPI_SendByte
                0x080048a4       0x34 obj\debug\src\main.o
                0x080048a4                WIZ_SPI_SendByte
 .text.WIZ_SPI_ReadByte
                0x080048d8        0x6 obj\debug\src\main.o
                0x080048d8                WIZ_SPI_ReadByte
 *fill*         0x080048de        0x2 
 .text.wizchip_unlock
                0x080048e0       0x14 obj\debug\src\main.o
                0x080048e0                wizchip_unlock
 .text.wizchip_lock
                0x080048f4       0x14 obj\debug\src\main.o
                0x080048f4                wizchip_lock
 .text.USART1_IRQHandler
                0x08004908       0x38 obj\debug\src\main.o
                0x08004908                USART1_IRQHandler
 .text.USART2_IRQHandler
                0x08004940       0x84 obj\debug\src\main.o
                0x08004940                USART2_IRQHandler
 .text.USART1_hardware_init
                0x080049c4       0xb8 obj\debug\src\main.o
                0x080049c4                USART1_hardware_init
 .text.USART2_hardware_init
                0x08004a7c       0xcc obj\debug\src\main.o
                0x08004a7c                USART2_hardware_init
 .text.init_Wiz_SPI_GPIO
                0x08004b48       0xe4 obj\debug\src\main.o
                0x08004b48                init_Wiz_SPI_GPIO
 .text.vTaskDHCP
                0x08004c2c      0x240 obj\debug\src\main.o
 .text.VS_Get_Serial_Byte
                0x08004e6c       0x1c obj\debug\src\main.o
                0x08004e6c                VS_Get_Serial_Byte
 .text.stream_to_test_server
                0x08004e88      0x2c8 obj\debug\src\main.o
                0x08004e88                stream_to_test_server
 .text.vTaskApplication
                0x08005150      0x3e0 obj\debug\src\main.o
                0x08005150                vTaskApplication
 .text.startup.main
                0x08005530      0x150 obj\debug\src\main.o
                0x08005530                main
 .text.vApplicationStackOverflowHook
                0x08005680        0x2 obj\debug\src\main.o
                0x08005680                vApplicationStackOverflowHook
 *fill*         0x08005682        0x2 
 .text.assert_failed
                0x08005684       0x74 obj\debug\src\main.o
                0x08005684                assert_failed
 .text.dump_mac
                0x080056f8       0x44 obj\debug\src\my_helpers.o
                0x080056f8                dump_mac
 .text.dump_ip  0x0800573c       0x38 obj\debug\src\my_helpers.o
                0x0800573c                dump_ip
 .text.dump_network_info
                0x08005774       0xec obj\debug\src\my_helpers.o
                0x08005774                dump_network_info
 .text.jack_ringbuffer_create
                0x08005860       0x44 obj\debug\src\ringbuffer.o
                0x08005860                jack_ringbuffer_create
 .text.jack_ringbuffer_free
                0x080058a4       0x14 obj\debug\src\ringbuffer.o
                0x080058a4                jack_ringbuffer_free
 .text.jack_ringbuffer_read_space
                0x080058b8       0x1c obj\debug\src\ringbuffer.o
                0x080058b8                jack_ringbuffer_read_space
 .text.jack_ringbuffer_write_space
                0x080058d4       0x26 obj\debug\src\ringbuffer.o
                0x080058d4                jack_ringbuffer_write_space
 .text.jack_ringbuffer_read
                0x080058fa       0x6e obj\debug\src\ringbuffer.o
                0x080058fa                jack_ringbuffer_read
 .text.jack_ringbuffer_write
                0x08005968       0x6c obj\debug\src\ringbuffer.o
                0x08005968                jack_ringbuffer_write
 .text.close    0x080059d4       0x6c obj\debug\src\socket.o
                0x080059d4                close
 .text.socket   0x08005a40      0x110 obj\debug\src\socket.o
                0x08005a40                socket
 .text.connect  0x08005b50       0xd8 obj\debug\src\socket.o
                0x08005b50                connect
 .text.send     0x08005c28      0x12c obj\debug\src\socket.o
                0x08005c28                send
 .text.recv     0x08005d54       0xe4 obj\debug\src\socket.o
                0x08005d54                recv
 .text.sendto   0x08005e38      0x14c obj\debug\src\socket.o
                0x08005e38                sendto
 .text.recvfrom
                0x08005f84      0x1cc obj\debug\src\socket.o
                0x08005f84                recvfrom
 .text.base64encode
                0x08006150       0xc0 obj\debug\src\spliturl.o
                0x08006150                base64encode
 .text          0x08006210      0x110 obj\debug\src\startup_stm32f4xx.o
                0x08006210                Reset_Handler
                0x0800625e                NMI_Handler
                0x08006260                HardFault_Handler
                0x08006262                MemManage_Handler
                0x08006264                BusFault_Handler
                0x08006266                UsageFault_Handler
                0x0800626a                DebugMon_Handler
                0x08006270                Default_Handler
                0x08006272                WWDG_IRQHandler
                0x08006274                PVD_IRQHandler
                0x08006276                TAMP_STAMP_IRQHandler
                0x08006278                RTC_WKUP_IRQHandler
                0x0800627a                FLASH_IRQHandler
                0x0800627c                RCC_IRQHandler
                0x0800627e                EXTI0_IRQHandler
                0x08006280                EXTI1_IRQHandler
                0x08006282                EXTI2_IRQHandler
                0x08006284                EXTI3_IRQHandler
                0x08006286                EXTI4_IRQHandler
                0x08006288                DMA1_Stream0_IRQHandler
                0x0800628a                DMA1_Stream1_IRQHandler
                0x0800628c                DMA1_Stream2_IRQHandler
                0x0800628e                DMA1_Stream3_IRQHandler
                0x08006290                DMA1_Stream4_IRQHandler
                0x08006292                DMA1_Stream5_IRQHandler
                0x08006294                DMA1_Stream6_IRQHandler
                0x08006296                ADC_IRQHandler
                0x08006298                CAN1_TX_IRQHandler
                0x0800629a                CAN1_RX0_IRQHandler
                0x0800629c                CAN1_RX1_IRQHandler
                0x0800629e                CAN1_SCE_IRQHandler
                0x080062a0                EXTI9_5_IRQHandler
                0x080062a2                TIM1_BRK_TIM9_IRQHandler
                0x080062a4                TIM1_UP_TIM10_IRQHandler
                0x080062a6                TIM1_TRG_COM_TIM11_IRQHandler
                0x080062a8                TIM1_CC_IRQHandler
                0x080062aa                TIM2_IRQHandler
                0x080062ac                TIM3_IRQHandler
                0x080062ae                TIM4_IRQHandler
                0x080062b0                I2C1_EV_IRQHandler
                0x080062b2                I2C1_ER_IRQHandler
                0x080062b4                I2C2_EV_IRQHandler
                0x080062b6                I2C2_ER_IRQHandler
                0x080062b8                SPI1_IRQHandler
                0x080062ba                SPI2_IRQHandler
                0x080062c0                USART3_IRQHandler
                0x080062c4                RTC_Alarm_IRQHandler
                0x080062c6                OTG_FS_WKUP_IRQHandler
                0x080062c8                TIM8_BRK_TIM12_IRQHandler
                0x080062ca                TIM8_UP_TIM13_IRQHandler
                0x080062cc                TIM8_TRG_COM_TIM14_IRQHandler
                0x080062ce                TIM8_CC_IRQHandler
                0x080062d0                DMA1_Stream7_IRQHandler
                0x080062d2                FSMC_IRQHandler
                0x080062d4                SDIO_IRQHandler
                0x080062d6                TIM5_IRQHandler
                0x080062d8                SPI3_IRQHandler
                0x080062da                UART4_IRQHandler
                0x080062dc                UART5_IRQHandler
                0x080062de                TIM6_DAC_IRQHandler
                0x080062e0                TIM7_IRQHandler
                0x080062e2                DMA2_Stream0_IRQHandler
                0x080062e4                DMA2_Stream1_IRQHandler
                0x080062e6                DMA2_Stream2_IRQHandler
                0x080062e8                DMA2_Stream3_IRQHandler
                0x080062ea                DMA2_Stream4_IRQHandler
                0x080062ec                ETH_IRQHandler
                0x080062ee                ETH_WKUP_IRQHandler
                0x080062f0                CAN2_TX_IRQHandler
                0x080062f2                CAN2_RX0_IRQHandler
                0x080062f4                CAN2_RX1_IRQHandler
                0x080062f6                CAN2_SCE_IRQHandler
                0x080062f8                OTG_FS_IRQHandler
                0x080062fa                DMA2_Stream5_IRQHandler
                0x080062fc                DMA2_Stream6_IRQHandler
                0x080062fe                DMA2_Stream7_IRQHandler
                0x08006300                USART6_IRQHandler
                0x08006302                I2C3_EV_IRQHandler
                0x08006304                I2C3_ER_IRQHandler
                0x08006306                OTG_HS_EP1_OUT_IRQHandler
                0x08006308                OTG_HS_EP1_IN_IRQHandler
                0x0800630a                OTG_HS_WKUP_IRQHandler
                0x0800630c                OTG_HS_IRQHandler
                0x0800630e                DCMI_IRQHandler
                0x08006310                CRYP_IRQHandler
                0x08006312                HASH_RNG_IRQHandler
                0x08006314                FPU_IRQHandler
 .text.SystemInit
                0x08006320      0x130 obj\debug\src\system_stm32f4xx.o
                0x08006320                SystemInit
 .text.xputs    0x08006450       0x14 obj\debug\src\term_io.o
                0x08006450                xputs
 .text.xitoa    0x08006464       0x8c obj\debug\src\term_io.o
                0x08006464                xitoa
 .text.xprintf  0x080064f0       0xb6 obj\debug\src\term_io.o
                0x080064f0                xprintf
 .text.EXTI15_10_IRQHandler
                0x080065a6        0x2 obj\debug\src\vs10xx.o
                0x080065a6                EXTI15_10_IRQHandler
 .text.VS_SPI_GPIO_init
                0x080065a8      0x10c obj\debug\src\vs10xx.o
                0x080065a8                VS_SPI_GPIO_init
 .text.VS_Dreq_Wait
                0x080066b4       0x50 obj\debug\src\vs10xx.o
                0x080066b4                VS_Dreq_Wait
 .text.VS_SPI_SendByte
                0x08006704       0x34 obj\debug\src\vs10xx.o
                0x08006704                VS_SPI_SendByte
 .text.SPI2_SendZeroBytes
                0x08006738       0x16 obj\debug\src\vs10xx.o
                0x08006738                SPI2_SendZeroBytes
 *fill*         0x0800674e        0x2 
 .text.VS_Test_Sine
                0x08006750       0xd0 obj\debug\src\vs10xx.o
                0x08006750                VS_Test_Sine
 .text.VS_Read_SCI
                0x08006820       0x74 obj\debug\src\vs10xx.o
                0x08006820                VS_Read_SCI
 .text.VS_Write_SCI
                0x08006894       0x6c obj\debug\src\vs10xx.o
                0x08006894                VS_Write_SCI
 .text.VS_Write_mem
                0x08006900       0x48 obj\debug\src\vs10xx.o
                0x08006900                VS_Write_mem
 .text.VS_Read_Mem
                0x08006948       0x48 obj\debug\src\vs10xx.o
                0x08006948                VS_Read_Mem
 .text.VS_SDI_Write_Buffer
                0x08006990      0x13c obj\debug\src\vs10xx.o
                0x08006990                VS_SDI_Write_Buffer
 .text.VS_Volume_Set
                0x08006acc        0x8 obj\debug\src\vs10xx.o
                0x08006acc                VS_Volume_Set
 .text.LoadUserCode
                0x08006ad4       0x88 obj\debug\src\vs10xx.o
                0x08006ad4                LoadUserCode
 .text.VS_Soft_Reset
                0x08006b5c       0x64 obj\debug\src\vs10xx.o
                0x08006b5c                VS_Soft_Reset
 .text.VS_Registers_Init
                0x08006bc0       0x2e obj\debug\src\vs10xx.o
                0x08006bc0                VS_Registers_Init
 *fill*         0x08006bee        0x2 
 .text.VS_Hard_Reset
                0x08006bf0       0x80 obj\debug\src\vs10xx.o
                0x08006bf0                VS_Hard_Reset
 .text.VS_Encoder_Init
                0x08006c70       0xd8 obj\debug\src\vs10xx.o
                0x08006c70                VS_Encoder_Init
 .text.WIZCHIP_READ
                0x08006d48       0x3c obj\debug\src\w5500.o
                0x08006d48                WIZCHIP_READ
 .text.WIZCHIP_WRITE
                0x08006d84       0x40 obj\debug\src\w5500.o
                0x08006d84                WIZCHIP_WRITE
 .text.WIZCHIP_READ_BUF
                0x08006dc4       0x50 obj\debug\src\w5500.o
                0x08006dc4                WIZCHIP_READ_BUF
 .text.WIZCHIP_WRITE_BUF
                0x08006e14       0x54 obj\debug\src\w5500.o
                0x08006e14                WIZCHIP_WRITE_BUF
 .text.getSn_TX_FSR
                0x08006e68       0x44 obj\debug\src\w5500.o
                0x08006e68                getSn_TX_FSR
 .text.getSn_RX_RSR
                0x08006eac       0x44 obj\debug\src\w5500.o
                0x08006eac                getSn_RX_RSR
 .text.wiz_send_data
                0x08006ef0       0x62 obj\debug\src\w5500.o
                0x08006ef0                wiz_send_data
 .text.wiz_recv_data
                0x08006f52       0x62 obj\debug\src\w5500.o
                0x08006f52                wiz_recv_data
 .text.wiz_recv_ignore
                0x08006fb4       0x3c obj\debug\src\w5500.o
                0x08006fb4                wiz_recv_ignore
 .text.wizchip_cris_enter
                0x08006ff0        0x2 obj\debug\src\wizchip_conf.o
                0x08006ff0                wizchip_cris_enter
 .text.wizchip_cris_exit
                0x08006ff2        0x2 obj\debug\src\wizchip_conf.o
                0x08006ff2                wizchip_cris_exit
 .text.wizchip_cs_select
                0x08006ff4        0x2 obj\debug\src\wizchip_conf.o
                0x08006ff4                wizchip_cs_select
 .text.wizchip_cs_deselect
                0x08006ff6        0x2 obj\debug\src\wizchip_conf.o
                0x08006ff6                wizchip_cs_deselect
 .text.wizchip_spi_readbyte
                0x08006ff8        0x4 obj\debug\src\wizchip_conf.o
                0x08006ff8                wizchip_spi_readbyte
 .text.wizchip_spi_writebyte
                0x08006ffc        0x4 obj\debug\src\wizchip_conf.o
                0x08006ffc                wizchip_spi_writebyte
 .text.reg_wizchip_cris_cbfunc
                0x08007000       0x24 obj\debug\src\wizchip_conf.o
                0x08007000                reg_wizchip_cris_cbfunc
 .text.reg_wizchip_cs_cbfunc
                0x08007024       0x24 obj\debug\src\wizchip_conf.o
                0x08007024                reg_wizchip_cs_cbfunc
 .text.reg_wizchip_spi_cbfunc
                0x08007048       0x34 obj\debug\src\wizchip_conf.o
                0x08007048                reg_wizchip_spi_cbfunc
 .text.wizchip_sw_reset
                0x0800707c       0x74 obj\debug\src\wizchip_conf.o
                0x0800707c                wizchip_sw_reset
 .text.wizchip_init
                0x080070f0       0x7c obj\debug\src\wizchip_conf.o
                0x080070f0                wizchip_init
 .text.wizchip_clrinterrupt
                0x0800716c       0x1e obj\debug\src\wizchip_conf.o
                0x0800716c                wizchip_clrinterrupt
 .text.wizchip_getinterrupt
                0x0800718a       0x22 obj\debug\src\wizchip_conf.o
                0x0800718a                wizchip_getinterrupt
 .text.wizchip_setinterruptmask
                0x080071ac       0x1c obj\debug\src\wizchip_conf.o
                0x080071ac                wizchip_setinterruptmask
 .text.wizchip_getinterruptmask
                0x080071c8       0x1c obj\debug\src\wizchip_conf.o
                0x080071c8                wizchip_getinterruptmask
 .text.wizphy_getphylink
                0x080071e4       0x10 obj\debug\src\wizchip_conf.o
                0x080071e4                wizphy_getphylink
 .text.wizphy_getphypmode
                0x080071f4       0x16 obj\debug\src\wizchip_conf.o
                0x080071f4                wizphy_getphypmode
 .text.wizphy_reset
                0x0800720a       0x30 obj\debug\src\wizchip_conf.o
                0x0800720a                wizphy_reset
 .text.wizphy_setphyconf
                0x0800723a       0x4a obj\debug\src\wizchip_conf.o
                0x0800723a                wizphy_setphyconf
 .text.wizphy_getphyconf
                0x08007284       0x66 obj\debug\src\wizchip_conf.o
                0x08007284                wizphy_getphyconf
 .text.wizphy_setphypmode
                0x080072ea       0x52 obj\debug\src\wizchip_conf.o
                0x080072ea                wizphy_setphypmode
 .text.ctlwizchip
                0x0800733c       0xe0 obj\debug\src\wizchip_conf.o
                0x0800733c                ctlwizchip
 .text.wizchip_setnetinfo
                0x0800741c       0x5c obj\debug\src\wizchip_conf.o
                0x0800741c                wizchip_setnetinfo
 .text.wizchip_getnetinfo
                0x08007478       0x5c obj\debug\src\wizchip_conf.o
                0x08007478                wizchip_getnetinfo
 .text.wizchip_setnetmode
                0x080074d4       0x26 obj\debug\src\wizchip_conf.o
                0x080074d4                wizchip_setnetmode
 .text.wizchip_getnetmode
                0x080074fa        0x6 obj\debug\src\wizchip_conf.o
                0x080074fa                wizchip_getnetmode
 .text.wizchip_settimeout
                0x08007500       0x28 obj\debug\src\wizchip_conf.o
                0x08007500                wizchip_settimeout
 .text.wizchip_gettimeout
                0x08007528       0x28 obj\debug\src\wizchip_conf.o
                0x08007528                wizchip_gettimeout
 .text.ctlnetwork
                0x08007550       0x4c obj\debug\src\wizchip_conf.o
                0x08007550                ctlnetwork
 .text.__register_exitproc
                0x0800759c       0x14 c:/emblocks/2.10/share/em_armgcc/bin/../lib/gcc/arm-none-eabi/4.7.3/../../../../arm-none-eabi/lib/armv7e-m/fpu\libc_n.a(lib_a-__atexit2.o)
                0x0800759c                __register_exitproc
 .text.exit     0x080075b0       0x2c c:/emblocks/2.10/share/em_armgcc/bin/../lib/gcc/arm-none-eabi/4.7.3/../../../../arm-none-eabi/lib/armv7e-m/fpu\libc_n.a(lib_a-exit.o)
                0x080075b0                exit
 .text.__libc_fini_array
                0x080075dc       0x30 c:/emblocks/2.10/share/em_armgcc/bin/../lib/gcc/arm-none-eabi/4.7.3/../../../../arm-none-eabi/lib/armv7e-m/fpu\libc_n.a(lib_a-fini.o)
                0x080075dc                __libc_fini_array
 .text.__libc_init_array
                0x0800760c       0x4c c:/emblocks/2.10/share/em_armgcc/bin/../lib/gcc/arm-none-eabi/4.7.3/../../../../arm-none-eabi/lib/armv7e-m/fpu\libc_n.a(lib_a-init.o)
                0x0800760c                __libc_init_array
 .text.memchr   0x08007658       0x1c c:/emblocks/2.10/share/em_armgcc/bin/../lib/gcc/arm-none-eabi/4.7.3/../../../../arm-none-eabi/lib/armv7e-m/fpu\libc_n.a(lib_a-memchr.o)
                0x08007658                memchr
 .text.memcmp   0x08007674       0x20 c:/emblocks/2.10/share/em_armgcc/bin/../lib/gcc/arm-none-eabi/4.7.3/../../../../arm-none-eabi/lib/armv7e-m/fpu\libc_n.a(lib_a-memcmp.o)
                0x08007674                memcmp
 .text.memcpy   0x08007694       0x12 c:/emblocks/2.10/share/em_armgcc/bin/../lib/gcc/arm-none-eabi/4.7.3/../../../../arm-none-eabi/lib/armv7e-m/fpu\libc_n.a(lib_a-memcpy.o)
                0x08007694                memcpy
 .text.memset   0x080076a6       0x10 c:/emblocks/2.10/share/em_armgcc/bin/../lib/gcc/arm-none-eabi/4.7.3/../../../../arm-none-eabi/lib/armv7e-m/fpu\libc_n.a(lib_a-memset.o)
                0x080076a6                memset
 *fill*         0x080076b6        0x2 
 .text.snprintf
                0x080076b8       0x64 c:/emblocks/2.10/share/em_armgcc/bin/../lib/gcc/arm-none-eabi/4.7.3/../../../../arm-none-eabi/lib/armv7e-m/fpu\libc_n.a(lib_a-snprintf.o)
                0x080076b8                sniprintf
                0x080076b8                snprintf
 .text.sprintf  0x0800771c       0x48 c:/emblocks/2.10/share/em_armgcc/bin/../lib/gcc/arm-none-eabi/4.7.3/../../../../arm-none-eabi/lib/armv7e-m/fpu\libc_n.a(lib_a-sprintf.o)
                0x0800771c                siprintf
                0x0800771c                sprintf
 .text.strcat   0x08007764       0x1a c:/emblocks/2.10/share/em_armgcc/bin/../lib/gcc/arm-none-eabi/4.7.3/../../../../arm-none-eabi/lib/armv7e-m/fpu\libc_n.a(lib_a-strcat.o)
                0x08007764                strcat
 .text.strchr   0x0800777e       0x1a c:/emblocks/2.10/share/em_armgcc/bin/../lib/gcc/arm-none-eabi/4.7.3/../../../../arm-none-eabi/lib/armv7e-m/fpu\libc_n.a(lib_a-strchr.o)
                0x0800777e                strchr
 .text.strcpy   0x08007798       0x10 c:/emblocks/2.10/share/em_armgcc/bin/../lib/gcc/arm-none-eabi/4.7.3/../../../../arm-none-eabi/lib/armv7e-m/fpu\libc_n.a(lib_a-strcpy.o)
                0x08007798                strcpy
 .text.strlen   0x080077a8       0x10 c:/emblocks/2.10/share/em_armgcc/bin/../lib/gcc/arm-none-eabi/4.7.3/../../../../arm-none-eabi/lib/armv7e-m/fpu\libc_n.a(lib_a-strlen.o)
                0x080077a8                strlen
 .text.strncmp  0x080077b8       0x32 c:/emblocks/2.10/share/em_armgcc/bin/../lib/gcc/arm-none-eabi/4.7.3/../../../../arm-none-eabi/lib/armv7e-m/fpu\libc_n.a(lib_a-strncmp.o)
                0x080077b8                strncmp
 .text.strncpy  0x080077ea       0x2e c:/emblocks/2.10/share/em_armgcc/bin/../lib/gcc/arm-none-eabi/4.7.3/../../../../arm-none-eabi/lib/armv7e-m/fpu\libc_n.a(lib_a-strncpy.o)
                0x080077ea                strncpy
 .text.__ssputc_r
                0x08007818       0xb4 c:/emblocks/2.10/share/em_armgcc/bin/../lib/gcc/arm-none-eabi/4.7.3/../../../../arm-none-eabi/lib/armv7e-m/fpu\libc_n.a(lib_a-svfprintf.o)
                0x08007818                __ssputc_r
 .text._svfprintf_r
                0x080078cc      0x1fc c:/emblocks/2.10/share/em_armgcc/bin/../lib/gcc/arm-none-eabi/4.7.3/../../../../arm-none-eabi/lib/armv7e-m/fpu\libc_n.a(lib_a-svfprintf.o)
                0x080078cc                _svfiprintf_r
                0x080078cc                _svfprintf_r
 .text._printf_common
                0x08007ac8       0xde c:/emblocks/2.10/share/em_armgcc/bin/../lib/gcc/arm-none-eabi/4.7.3/../../../../arm-none-eabi/lib/armv7e-m/fpu\libc_n.a(lib_a-vfprintf_i.o)
                0x08007ac8                _printf_common
 *fill*         0x08007ba6        0x2 
 .text._printf_i
                0x08007ba8      0x24c c:/emblocks/2.10/share/em_armgcc/bin/../lib/gcc/arm-none-eabi/4.7.3/../../../../arm-none-eabi/lib/armv7e-m/fpu\libc_n.a(lib_a-vfprintf_i.o)
                0x08007ba8                _printf_i
 .text._free_r  0x08007df4       0x84 c:/emblocks/2.10/share/em_armgcc/bin/../lib/gcc/arm-none-eabi/4.7.3/../../../../arm-none-eabi/lib/armv7e-m/fpu\libc_n.a(lib_a-freer.o)
                0x08007df4                _free_r
 .text._malloc_r
                0x08007e78       0x9c c:/emblocks/2.10/share/em_armgcc/bin/../lib/gcc/arm-none-eabi/4.7.3/../../../../arm-none-eabi/lib/armv7e-m/fpu\libc_n.a(lib_a-mallocr.o)
                0x08007e78                _malloc_r
 .text._realloc_r
                0x08007f14       0x48 c:/emblocks/2.10/share/em_armgcc/bin/../lib/gcc/arm-none-eabi/4.7.3/../../../../arm-none-eabi/lib/armv7e-m/fpu\libc_n.a(lib_a-reallocr.o)
                0x08007f14                _realloc_r
 .text._sbrk_r  0x08007f5c       0x20 c:/emblocks/2.10/share/em_armgcc/bin/../lib/gcc/arm-none-eabi/4.7.3/../../../../arm-none-eabi/lib/armv7e-m/fpu\libc_n.a(lib_a-sbrkr.o)
                0x08007f5c                _sbrk_r
 .text._malloc_usable_size_r
                0x08007f7c       0x12 c:/emblocks/2.10/share/em_armgcc/bin/../lib/gcc/arm-none-eabi/4.7.3/../../../../arm-none-eabi/lib/armv7e-m/fpu\libc_n.a(lib_a-msizer.o)
                0x08007f7c                _malloc_usable_size_r
 *fill*         0x08007f8e        0x2 
 .text._sbrk    0x08007f90       0x20 c:/emblocks/2.10/share/em_armgcc/bin/../lib/gcc/arm-none-eabi/4.7.3/../../../../arm-none-eabi/lib/armv7e-m/fpu\libnosys.a(sbrk.o)
                0x08007f90                _sbrk
 .text._exit    0x08007fb0        0x4 c:/emblocks/2.10/share/em_armgcc/bin/../lib/gcc/arm-none-eabi/4.7.3/../../../../arm-none-eabi/lib/armv7e-m/fpu\libnosys.a(_exit.o)
                0x08007fb0                _exit
 *(.init)
 .init          0x08007fb4        0x4 c:/emblocks/2.10/share/em_armgcc/bin/../lib/gcc/arm-none-eabi/4.7.3/armv7e-m/fpu/crti.o
                0x08007fb4                _init
 .init          0x08007fb8        0x8 c:/emblocks/2.10/share/em_armgcc/bin/../lib/gcc/arm-none-eabi/4.7.3/armv7e-m/fpu/crtn.o
 *(.fini)
 .fini          0x08007fc0        0x4 c:/emblocks/2.10/share/em_armgcc/bin/../lib/gcc/arm-none-eabi/4.7.3/armv7e-m/fpu/crti.o
                0x08007fc0                _fini
 .fini          0x08007fc4        0x8 c:/emblocks/2.10/share/em_armgcc/bin/../lib/gcc/arm-none-eabi/4.7.3/armv7e-m/fpu/crtn.o
 *crtbegin.o(.ctors)
 *crtbegin?.o(.ctors)
 *(EXCLUDE_FILE(*crtend.o *crtend?.o) .ctors)
 *(SORT(.ctors.*))
 *(.ctors)
 *crtbegin.o(.dtors)
 *crtbegin?.o(.dtors)
 *(EXCLUDE_FILE(*crtend.o *crtend?.o) .dtors)
 *(SORT(.dtors.*))
 *(.dtors)
 *(.rodata*)
 .rodata.str1.1
                0x08007fcc        0xf obj\debug\spl\src\misc.o
 .rodata.str1.1
                0x08007fdb       0x18 obj\debug\spl\src\stm32f4xx_adc.o
 .rodata.str1.1
                0x08007ff3       0x18 obj\debug\spl\src\stm32f4xx_dma.o
 .rodata.str1.1
                0x0800800b       0x19 obj\debug\spl\src\stm32f4xx_gpio.o
 .rodata.str1.1
                0x08008024       0x18 obj\debug\spl\src\stm32f4xx_rcc.o
 .rodata.str1.1
                0x0800803c       0x18 obj\debug\spl\src\stm32f4xx_spi.o
 .rodata.str1.1
                0x08008054       0x1a obj\debug\spl\src\stm32f4xx_usart.o
 .rodata.ucExpectedStackBytes.5250
                0x0800806e       0x14 obj\debug\freertos\src\tasks.o
 .rodata.str1.1
                0x08008082        0x5 obj\debug\freertos\src\tasks.o
 .rodata.str1.1
                0x08008087        0xd obj\debug\freertos\src\timers.o
 .rodata.plugin
                0x08008094     0x317c obj\debug\src\data_blobs.o
                0x08008094                plugin
 .rodata.sample_edwin
                0x0800b210     0x4e72 obj\debug\src\data_blobs.o
                0x0800b210                sample_edwin
 .rodata.sample_ben
                0x08010082     0x28b6 obj\debug\src\data_blobs.o
                0x08010082                sample_ben
 .rodata.str1.1
                0x08012938       0x12 obj\debug\src\dhcp.o
 .rodata        0x0801294a       0x27 obj\debug\src\main.o
 .rodata.zeroes
                0x08012971        0xa obj\debug\src\main.o
 .rodata.str1.1
                0x0801297b      0x468 obj\debug\src\main.o
                                0x4b9 (size before relaxing)
 .rodata.str1.1
                0x08012de3      0x248 obj\debug\src\my_helpers.o
                                0x24d (size before relaxing)
 .rodata.b64    0x0801302b       0x41 obj\debug\src\spliturl.o
 .rodata.__FUNCTION__.8916
                0x0801306c        0xd obj\debug\src\vs10xx.o
 .rodata.__FUNCTION__.8859
                0x08013079        0xe obj\debug\src\vs10xx.o
 .rodata.str1.1
                0x08013087      0x1eb obj\debug\src\vs10xx.o
 .rodata.__FUNCTION__.8877
                0x08013272        0xe obj\debug\src\vs10xx.o
 .rodata.use_230400
                0x08013280        0x1 obj\debug\src\vs10xx.o
                0x08013280                use_230400
 *fill*         0x08013281        0x1 
 .rodata.enc_presets
                0x08013282       0x1e obj\debug\src\vs10xx.o
 .rodata.str1.1
                0x00000000      0x1eb c:/emblocks/2.10/share/em_armgcc/bin/../lib/gcc/arm-none-eabi/4.7.3/../../../../arm-none-eabi/lib/armv7e-m/fpu\libc_n.a(lib_a-impure.o)
                                  0x2 (size before relaxing)
 .rodata._global_impure_ptr
                0x080132a0        0x4 c:/emblocks/2.10/share/em_armgcc/bin/../lib/gcc/arm-none-eabi/4.7.3/../../../../arm-none-eabi/lib/armv7e-m/fpu\libc_n.a(lib_a-impure.o)
                0x080132a0                _global_impure_ptr
 .rodata.str1.1
                0x080132a4       0x11 c:/emblocks/2.10/share/em_armgcc/bin/../lib/gcc/arm-none-eabi/4.7.3/../../../../arm-none-eabi/lib/armv7e-m/fpu\libc_n.a(lib_a-svfprintf.o)
 .rodata.str1.1
                0x080132b5       0x22 c:/emblocks/2.10/share/em_armgcc/bin/../lib/gcc/arm-none-eabi/4.7.3/../../../../arm-none-eabi/lib/armv7e-m/fpu\libc_n.a(lib_a-vfprintf_i.o)
 *(.eh_frame*)
 *fill*         0x080132d7        0x1 
 .eh_frame      0x080132d8        0x0 c:/emblocks/2.10/share/em_armgcc/bin/../lib/gcc/arm-none-eabi/4.7.3/armv7e-m/fpu/crtbegin.o
 .eh_frame      0x080132d8        0x4 c:/emblocks/2.10/share/em_armgcc/bin/../lib/gcc/arm-none-eabi/4.7.3/armv7e-m/fpu/crtend.o

.glue_7         0x080132dc        0x0
 .glue_7        0x00000000        0x0 linker stubs

.glue_7t        0x080132dc        0x0
 .glue_7t       0x00000000        0x0 linker stubs

.vfp11_veneer   0x080132dc        0x0
 .vfp11_veneer  0x00000000        0x0 linker stubs

.v4_bx          0x080132dc        0x0
 .v4_bx         0x00000000        0x0 linker stubs

.iplt           0x080132dc        0x0
 .iplt          0x00000000        0x0 c:/emblocks/2.10/share/em_armgcc/bin/../lib/gcc/arm-none-eabi/4.7.3/armv7e-m/fpu/crtbegin.o

.ARM.extab
 *(.ARM.extab* .gnu.linkonce.armextab.*)
                0x080132dc                __exidx_start = .

.ARM.exidx      0x080132dc        0x8
 *(.ARM.exidx* .gnu.linkonce.armexidx.*)
 .ARM.exidx     0x080132dc        0x8 c:/emblocks/2.10/share/em_armgcc/bin/../lib/gcc/arm-none-eabi/4.7.3/../../../../arm-none-eabi/lib/armv7e-m/fpu/crt0.o
                0x080132e4                __exidx_end = .
                0x080132e4                __etext = .

.rel.dyn        0x080132e4        0x0
 .rel.iplt      0x00000000        0x0 c:/emblocks/2.10/share/em_armgcc/bin/../lib/gcc/arm-none-eabi/4.7.3/armv7e-m/fpu/crtbegin.o

.data           0x20000000       0xd4 load address 0x080132e4
                0x20000000                __data_start__ = .
 *(vtable)
 *(.data*)
 .data.APBAHBPrescTable
                0x20000000       0x10 obj\debug\spl\src\stm32f4xx_rcc.o
 .data.xMinimumEverFreeBytesRemaining
                0x20000010        0x4 obj\debug\freertos\src\heap_4.o
 .data.xFreeBytesRemaining
                0x20000014        0x4 obj\debug\freertos\src\heap_4.o
 .data.uxCriticalNesting
                0x20000018        0x4 obj\debug\freertos\src\port.o
 .data.xNextTaskUnblockTime
                0x2000001c        0x4 obj\debug\freertos\src\tasks.o
 .data.dhcp_tick_next
                0x20000020        0x4 obj\debug\src\dhcp.o
                0x20000020                dhcp_tick_next
 .data.dhcp_ip_update
                0x20000024        0x4 obj\debug\src\dhcp.o
                0x20000024                dhcp_ip_update
 .data.dhcp_ip_assign
                0x20000028        0x4 obj\debug\src\dhcp.o
                0x20000028                dhcp_ip_assign
 .data.dhcp_ip_conflict
                0x2000002c        0x4 obj\debug\src\dhcp.o
                0x2000002c                dhcp_ip_conflict
 .data.dhcp_lease_time
                0x20000030        0x4 obj\debug\src\dhcp.o
                0x20000030                dhcp_lease_time
 .data.HOST_NAME
                0x20000034        0x8 obj\debug\src\dhcp.o
                0x20000034                HOST_NAME
 .data.sock_any_port
                0x2000003c        0x2 obj\debug\src\socket.o
 *fill*         0x2000003e        0x2 
 .data.SystemCoreClock
                0x20000040        0x4 obj\debug\src\system_stm32f4xx.o
                0x20000040                SystemCoreClock
 .data.WIZCHIP  0x20000044       0x20 obj\debug\src\wizchip_conf.o
                0x20000044                WIZCHIP
 .data.impure_data
                0x20000064       0x64 c:/emblocks/2.10/share/em_armgcc/bin/../lib/gcc/arm-none-eabi/4.7.3/../../../../arm-none-eabi/lib/armv7e-m/fpu\libc_n.a(lib_a-impure.o)
 .data._impure_ptr
                0x200000c8        0x4 c:/emblocks/2.10/share/em_armgcc/bin/../lib/gcc/arm-none-eabi/4.7.3/../../../../arm-none-eabi/lib/armv7e-m/fpu\libc_n.a(lib_a-impure.o)
                0x200000c8                _impure_ptr
                0x200000cc                . = ALIGN (0x4)
                0x200000cc                PROVIDE (__preinit_array_start, .)
 *(.preinit_array)
                0x200000cc                PROVIDE (__preinit_array_end, .)
                0x200000cc                . = ALIGN (0x4)
                0x200000cc                PROVIDE (__init_array_start, .)
 *(SORT(.init_array.*))
 *(.init_array)
 .init_array    0x200000cc        0x4 c:/emblocks/2.10/share/em_armgcc/bin/../lib/gcc/arm-none-eabi/4.7.3/armv7e-m/fpu/crtbegin.o
                0x200000d0                PROVIDE (__init_array_end, .)
                0x200000d0                . = ALIGN (0x4)
                0x200000d0                PROVIDE (__fini_array_start, .)
 *(SORT(.fini_array.*))
 *(.fini_array)
 .fini_array    0x200000d0        0x4 c:/emblocks/2.10/share/em_armgcc/bin/../lib/gcc/arm-none-eabi/4.7.3/armv7e-m/fpu/crtbegin.o
                0x200000d4                PROVIDE (__fini_array_end, .)
                0x200000d4                . = ALIGN (0x4)
                0x200000d4                __data_end__ = .

.jcr            0x200000d4        0x0 load address 0x080133b8
 .jcr           0x200000d4        0x0 c:/emblocks/2.10/share/em_armgcc/bin/../lib/gcc/arm-none-eabi/4.7.3/armv7e-m/fpu/crtbegin.o

.igot.plt       0x200000d4        0x0 load address 0x080133b8
 .igot.plt      0x00000000        0x0 c:/emblocks/2.10/share/em_armgcc/bin/../lib/gcc/arm-none-eabi/4.7.3/armv7e-m/fpu/crtbegin.o

.bss            0x200000d4    0x17b40 load address 0x080133b8
                0x200000d4                __bss_start__ = .
 *(.bss*)
 .bss           0x200000d4       0x1c c:/emblocks/2.10/share/em_armgcc/bin/../lib/gcc/arm-none-eabi/4.7.3/armv7e-m/fpu/crtbegin.o
 .bss.pxEnd     0x200000f0        0x4 obj\debug\freertos\src\heap_4.o
 .bss.xStart    0x200000f4        0x8 obj\debug\freertos\src\heap_4.o
 .bss.ucHeap    0x200000fc    0x17700 obj\debug\freertos\src\heap_4.o
 .bss.xBlockAllocatedBit
                0x200177fc        0x4 obj\debug\freertos\src\heap_4.o
 .bss.ucMaxSysCallPriority
                0x20017800        0x1 obj\debug\freertos\src\port.o
 *fill*         0x20017801        0x3 
 .bss.ulMaxPRIGROUPValue
                0x20017804        0x4 obj\debug\freertos\src\port.o
 .bss.xNumOfOverflows
                0x20017808        0x4 obj\debug\freertos\src\tasks.o
 .bss.pxDelayedTaskList
                0x2001780c        0x4 obj\debug\freertos\src\tasks.o
 .bss.xSchedulerRunning
                0x20017810        0x4 obj\debug\freertos\src\tasks.o
 .bss.uxTasksDeleted
                0x20017814        0x4 obj\debug\freertos\src\tasks.o
 .bss.xTasksWaitingTermination
                0x20017818       0x14 obj\debug\freertos\src\tasks.o
 .bss.xDelayedTaskList2
                0x2001782c       0x14 obj\debug\freertos\src\tasks.o
 .bss.uxPendedTicks
                0x20017840        0x4 obj\debug\freertos\src\tasks.o
 .bss.pxReadyTasksLists
                0x20017844       0x8c obj\debug\freertos\src\tasks.o
 .bss.uxSchedulerSuspended
                0x200178d0        0x4 obj\debug\freertos\src\tasks.o
 .bss.pxCurrentTCB
                0x200178d4        0x4 obj\debug\freertos\src\tasks.o
                0x200178d4                pxCurrentTCB
 .bss.xPendingReadyList
                0x200178d8       0x14 obj\debug\freertos\src\tasks.o
 .bss.xTickCount
                0x200178ec        0x4 obj\debug\freertos\src\tasks.o
 .bss.pxOverflowDelayedTaskList
                0x200178f0        0x4 obj\debug\freertos\src\tasks.o
 .bss.uxTaskNumber
                0x200178f4        0x4 obj\debug\freertos\src\tasks.o
 .bss.xDelayedTaskList1
                0x200178f8       0x14 obj\debug\freertos\src\tasks.o
 .bss.uxCurrentNumberOfTasks
                0x2001790c        0x4 obj\debug\freertos\src\tasks.o
 .bss.uxTopReadyPriority
                0x20017910        0x4 obj\debug\freertos\src\tasks.o
 .bss.xYieldPending
                0x20017914        0x4 obj\debug\freertos\src\tasks.o
 .bss.pxCurrentTimerList
                0x20017918        0x4 obj\debug\freertos\src\timers.o
 .bss.xActiveTimerList1
                0x2001791c       0x14 obj\debug\freertos\src\timers.o
 .bss.xActiveTimerList2
                0x20017930       0x14 obj\debug\freertos\src\timers.o
 .bss.xLastTime.5130
                0x20017944        0x4 obj\debug\freertos\src\timers.o
 .bss.xTimerQueue
                0x20017948        0x4 obj\debug\freertos\src\timers.o
 .bss.pxOverflowTimerList
                0x2001794c        0x4 obj\debug\freertos\src\timers.o
 .bss.dhcp_state
                0x20017950        0x1 obj\debug\src\dhcp.o
                0x20017950                dhcp_state
 .bss.DHCP_allocated_sn
                0x20017951        0x4 obj\debug\src\dhcp.o
                0x20017951                DHCP_allocated_sn
 *fill*         0x20017955        0x3 
 .bss.dhcp_tick_1s
                0x20017958        0x4 obj\debug\src\dhcp.o
                0x20017958                dhcp_tick_1s
 .bss.OLD_allocated_ip
                0x2001795c        0x4 obj\debug\src\dhcp.o
                0x2001795c                OLD_allocated_ip
 .bss.DHCP_allocated_gw
                0x20017960        0x4 obj\debug\src\dhcp.o
                0x20017960                DHCP_allocated_gw
 .bss.DHCP_allocated_ip
                0x20017964        0x4 obj\debug\src\dhcp.o
                0x20017964                DHCP_allocated_ip
 .bss.DHCP_allocated_dns
                0x20017968        0x4 obj\debug\src\dhcp.o
                0x20017968                DHCP_allocated_dns
 .bss.dhcp_retry_count
                0x2001796c        0x1 obj\debug\src\dhcp.o
                0x2001796c                dhcp_retry_count
 .bss.retry_count.5220
                0x2001796d        0x1 obj\debug\src\dns.o
 *fill*         0x2001796e        0x2 
 .bss.recorder_active_flag
                0x20017970        0x4 obj\debug\src\main.o
                0x20017970                recorder_active_flag
 .bss.sock_io_mode
                0x20017974        0x2 obj\debug\src\socket.o
 .bss.sock_is_sending
                0x20017976        0x2 obj\debug\src\socket.o
 .bss.sock_pack_info
                0x20017978        0x8 obj\debug\src\socket.o
 .bss.sock_remained_size
                0x20017980       0x10 obj\debug\src\socket.o
 .bss._DHCP_    0x20017990        0x1 obj\debug\src\wizchip_conf.o
 .bss._DNS_     0x20017991        0x4 obj\debug\src\wizchip_conf.o
 *fill*         0x20017995        0x3 
 .bss.__malloc_free_list
                0x20017998        0x4 c:/emblocks/2.10/share/em_armgcc/bin/../lib/gcc/arm-none-eabi/4.7.3/../../../../arm-none-eabi/lib/armv7e-m/fpu\libc_n.a(lib_a-mallocr.o)
                0x20017998                __malloc_free_list
 .bss.heap_end.4058
                0x2001799c        0x4 c:/emblocks/2.10/share/em_armgcc/bin/../lib/gcc/arm-none-eabi/4.7.3/../../../../arm-none-eabi/lib/armv7e-m/fpu\libnosys.a(sbrk.o)
 *(COMMON)
 COMMON         0x200179a0       0x40 obj\debug\freertos\src\queue.o
                0x200179a0                xQueueRegistry
 COMMON         0x200179e0       0x15 obj\debug\src\dhcp.o
                0x200179e0                DHCP_CHADDR
                0x200179e8                DHCP_XID
                0x200179ec                DHCP_SIP
                0x200179f0                pDHCPMSG
                0x200179f4                DHCP_SOCKET
 *fill*         0x200179f5        0x3 
 COMMON         0x200179f8        0xe obj\debug\src\dns.o
                0x200179f8                DNS_SOCKET
                0x200179fc                dns_1s_tick
                0x20017a00                pDNSMSG
                0x20017a04                DNS_MSGID
 *fill*         0x20017a06        0x2 
 COMMON         0x20017a08      0x208 obj\debug\src\main.o
                0x20017a08                xEventBits
                0x20017a0c                AssertStringBuffer
                0x20017a1c                streambuffer
                0x20017a20                xSemaphoreWRAM
                0x20017a24                xSemaphoreSPI2
                0x20017a28                my_TX_queue
                0x20017b34                xSemaphoreWIZCHIP
                0x20017b38                my_KEYS_queue
                0x20017b54                LCD
                0x20017b84                my_RX_queue
 COMMON         0x20017c10        0x4 c:/emblocks/2.10/share/em_armgcc/bin/../lib/gcc/arm-none-eabi/4.7.3/../../../../arm-none-eabi/lib/armv7e-m/fpu\libc_n.a(lib_a-reent.o)
                0x20017c10                errno
                0x20017c14                __bss_end__ = .

.heap           0x20017c18        0x0
                0x20017c18                __end__ = .
                0x20017c18                end = __end__
 *(.heap*)
 .heap          0x20017c18        0x0 obj\debug\src\startup_stm32f4xx.o
                0x20017c18                __HeapLimit = .

.stack_dummy    0x20017c18      0x100
 *(.stack)
 .stack         0x20017c18      0x100 obj\debug\src\startup_stm32f4xx.o
                0x20018000                __StackTop = (ORIGIN (RAM) + 0x18000)
                0x20017f00                __StackLimit = (__StackTop - SIZEOF (.stack_dummy))
                0x20018000                PROVIDE (__stack, __StackTop)
                0x00000001                ASSERT ((__StackLimit >= __HeapLimit), region RAM overflowed with stack)
LOAD obj\debug\spl\src\misc.o
LOAD obj\debug\spl\src\stm32f4xx_adc.o
LOAD obj\debug\spl\src\stm32f4xx_can.o
LOAD obj\debug\spl\src\stm32f4xx_crc.o
LOAD obj\debug\spl\src\stm32f4xx_dac.o
LOAD obj\debug\spl\src\stm32f4xx_dbgmcu.o
LOAD obj\debug\spl\src\stm32f4xx_dcmi.o
LOAD obj\debug\spl\src\stm32f4xx_dma.o
LOAD obj\debug\spl\src\stm32f4xx_exti.o
LOAD obj\debug\spl\src\stm32f4xx_gpio.o
LOAD obj\debug\spl\src\stm32f4xx_i2c.o
LOAD obj\debug\spl\src\stm32f4xx_iwdg.o
LOAD obj\debug\spl\src\stm32f4xx_pwr.o
LOAD obj\debug\spl\src\stm32f4xx_rcc.o
LOAD obj\debug\spl\src\stm32f4xx_rng.o
LOAD obj\debug\spl\src\stm32f4xx_rtc.o
LOAD obj\debug\spl\src\stm32f4xx_sdio.o
LOAD obj\debug\spl\src\stm32f4xx_spi.o
LOAD obj\debug\spl\src\stm32f4xx_syscfg.o
LOAD obj\debug\spl\src\stm32f4xx_tim.o
LOAD obj\debug\spl\src\stm32f4xx_usart.o
LOAD obj\debug\spl\src\stm32f4xx_wwdg.o
LOAD obj\debug\freertos\src\croutine.o
LOAD obj\debug\freertos\src\event_groups.o
LOAD obj\debug\freertos\src\heap_4.o
LOAD obj\debug\freertos\src\list.o
LOAD obj\debug\freertos\src\port.o
LOAD obj\debug\freertos\src\queue.o
LOAD obj\debug\freertos\src\tasks.o
LOAD obj\debug\freertos\src\timers.o
LOAD obj\debug\src\lcdshield.o
LOAD obj\debug\src\analog_input.o
LOAD obj\debug\src\comm.o
LOAD obj\debug\src\data_blobs.o
LOAD obj\debug\src\dhcp.o
LOAD obj\debug\src\dns.o
LOAD obj\debug\src\main.o
LOAD obj\debug\src\my_helpers.o
LOAD obj\debug\src\ringbuffer.o
LOAD obj\debug\src\socket.o
LOAD obj\debug\src\spliturl.o
LOAD obj\debug\src\startup_stm32f4xx.o
LOAD obj\debug\src\system_stm32f4xx.o
LOAD obj\debug\src\term_io.o
LOAD obj\debug\src\vs10xx.o
LOAD obj\debug\src\w5500.o
LOAD obj\debug\src\wizchip_conf.o
START GROUP
LOAD c:/emblocks/2.10/share/em_armgcc/bin/../lib/gcc/arm-none-eabi/4.7.3/armv7e-m/fpu\libgcc.a
LOAD c:/emblocks/2.10/share/em_armgcc/bin/../lib/gcc/arm-none-eabi/4.7.3/../../../../arm-none-eabi/lib/armv7e-m/fpu\libc_n.a
LOAD c:/emblocks/2.10/share/em_armgcc/bin/../lib/gcc/arm-none-eabi/4.7.3/../../../../arm-none-eabi/lib/armv7e-m/fpu\libg_n.a
LOAD c:/emblocks/2.10/share/em_armgcc/bin/../lib/gcc/arm-none-eabi/4.7.3/../../../../arm-none-eabi/lib/armv7e-m/fpu\libnosys.a
END GROUP
LOAD c:/emblocks/2.10/share/em_armgcc/bin/../lib/gcc/arm-none-eabi/4.7.3/armv7e-m/fpu/crtend.o
LOAD c:/emblocks/2.10/share/em_armgcc/bin/../lib/gcc/arm-none-eabi/4.7.3/armv7e-m/fpu/crtn.o
OUTPUT(bin\Debug\NewProject1.elf elf32-littlearm)

.ARM.attributes
                0x00000000       0x30
 .ARM.attributes
                0x00000000       0x22 c:/emblocks/2.10/share/em_armgcc/bin/../lib/gcc/arm-none-eabi/4.7.3/armv7e-m/fpu/crti.o
 .ARM.attributes
                0x00000022       0x34 c:/emblocks/2.10/share/em_armgcc/bin/../lib/gcc/arm-none-eabi/4.7.3/armv7e-m/fpu/crtbegin.o
 .ARM.attributes
                0x00000056       0x20 c:/emblocks/2.10/share/em_armgcc/bin/../lib/gcc/arm-none-eabi/4.7.3/../../../../arm-none-eabi/lib/armv7e-m/fpu/crt0.o
 .ARM.attributes
                0x00000076       0x39 obj\debug\spl\src\misc.o
 .ARM.attributes
                0x000000af       0x39 obj\debug\spl\src\stm32f4xx_adc.o
 .ARM.attributes
                0x000000e8       0x39 obj\debug\spl\src\stm32f4xx_dma.o
 .ARM.attributes
                0x00000121       0x39 obj\debug\spl\src\stm32f4xx_gpio.o
 .ARM.attributes
                0x0000015a       0x39 obj\debug\spl\src\stm32f4xx_rcc.o
 .ARM.attributes
                0x00000193       0x39 obj\debug\spl\src\stm32f4xx_spi.o
 .ARM.attributes
                0x000001cc       0x39 obj\debug\spl\src\stm32f4xx_usart.o
 .ARM.attributes
                0x00000205       0x39 obj\debug\freertos\src\event_groups.o
 .ARM.attributes
                0x0000023e       0x39 obj\debug\freertos\src\heap_4.o
 .ARM.attributes
                0x00000277       0x39 obj\debug\freertos\src\list.o
 .ARM.attributes
                0x000002b0       0x39 obj\debug\freertos\src\port.o
 .ARM.attributes
                0x000002e9       0x39 obj\debug\freertos\src\queue.o
 .ARM.attributes
                0x00000322       0x39 obj\debug\freertos\src\tasks.o
 .ARM.attributes
                0x0000035b       0x39 obj\debug\freertos\src\timers.o
 .ARM.attributes
                0x00000394       0x39 obj\debug\src\lcdshield.o
 .ARM.attributes
                0x000003cd       0x39 obj\debug\src\analog_input.o
 .ARM.attributes
                0x00000406       0x39 obj\debug\src\comm.o
 .ARM.attributes
                0x0000043f       0x39 obj\debug\src\data_blobs.o
 .ARM.attributes
                0x00000478       0x39 obj\debug\src\dhcp.o
 .ARM.attributes
                0x000004b1       0x39 obj\debug\src\dns.o
 .ARM.attributes
                0x000004ea       0x39 obj\debug\src\main.o
 .ARM.attributes
                0x00000523       0x39 obj\debug\src\my_helpers.o
 .ARM.attributes
                0x0000055c       0x39 obj\debug\src\ringbuffer.o
 .ARM.attributes
                0x00000595       0x39 obj\debug\src\socket.o
 .ARM.attributes
                0x000005ce       0x39 obj\debug\src\spliturl.o
 .ARM.attributes
                0x00000607       0x1f obj\debug\src\startup_stm32f4xx.o
 .ARM.attributes
                0x00000626       0x39 obj\debug\src\system_stm32f4xx.o
 .ARM.attributes
                0x0000065f       0x39 obj\debug\src\term_io.o
 .ARM.attributes
                0x00000698       0x39 obj\debug\src\vs10xx.o
 .ARM.attributes
                0x000006d1       0x39 obj\debug\src\w5500.o
 .ARM.attributes
                0x0000070a       0x39 obj\debug\src\wizchip_conf.o
 .ARM.attributes
                0x00000743       0x34 c:/emblocks/2.10/share/em_armgcc/bin/../lib/gcc/arm-none-eabi/4.7.3/../../../../arm-none-eabi/lib/armv7e-m/fpu\libc_n.a(lib_a-__atexit2.o)
 .ARM.attributes
                0x00000777       0x34 c:/emblocks/2.10/share/em_armgcc/bin/../lib/gcc/arm-none-eabi/4.7.3/../../../../arm-none-eabi/lib/armv7e-m/fpu\libc_n.a(lib_a-exit.o)
 .ARM.attributes
                0x000007ab       0x34 c:/emblocks/2.10/share/em_armgcc/bin/../lib/gcc/arm-none-eabi/4.7.3/../../../../arm-none-eabi/lib/armv7e-m/fpu\libc_n.a(lib_a-fini.o)
 .ARM.attributes
                0x000007df       0x34 c:/emblocks/2.10/share/em_armgcc/bin/../lib/gcc/arm-none-eabi/4.7.3/../../../../arm-none-eabi/lib/armv7e-m/fpu\libc_n.a(lib_a-impure.o)
 .ARM.attributes
                0x00000813       0x34 c:/emblocks/2.10/share/em_armgcc/bin/../lib/gcc/arm-none-eabi/4.7.3/../../../../arm-none-eabi/lib/armv7e-m/fpu\libc_n.a(lib_a-init.o)
 .ARM.attributes
                0x00000847       0x34 c:/emblocks/2.10/share/em_armgcc/bin/../lib/gcc/arm-none-eabi/4.7.3/../../../../arm-none-eabi/lib/armv7e-m/fpu\libc_n.a(lib_a-memchr.o)
 .ARM.attributes
                0x0000087b       0x34 c:/emblocks/2.10/share/em_armgcc/bin/../lib/gcc/arm-none-eabi/4.7.3/../../../../arm-none-eabi/lib/armv7e-m/fpu\libc_n.a(lib_a-memcmp.o)
 .ARM.attributes
                0x000008af       0x34 c:/emblocks/2.10/share/em_armgcc/bin/../lib/gcc/arm-none-eabi/4.7.3/../../../../arm-none-eabi/lib/armv7e-m/fpu\libc_n.a(lib_a-memcpy.o)
 .ARM.attributes
                0x000008e3       0x34 c:/emblocks/2.10/share/em_armgcc/bin/../lib/gcc/arm-none-eabi/4.7.3/../../../../arm-none-eabi/lib/armv7e-m/fpu\libc_n.a(lib_a-memset.o)
 .ARM.attributes
                0x00000917       0x34 c:/emblocks/2.10/share/em_armgcc/bin/../lib/gcc/arm-none-eabi/4.7.3/../../../../arm-none-eabi/lib/armv7e-m/fpu\libc_n.a(lib_a-snprintf.o)
 .ARM.attributes
                0x0000094b       0x34 c:/emblocks/2.10/share/em_armgcc/bin/../lib/gcc/arm-none-eabi/4.7.3/../../../../arm-none-eabi/lib/armv7e-m/fpu\libc_n.a(lib_a-sprintf.o)
 .ARM.attributes
                0x0000097f       0x34 c:/emblocks/2.10/share/em_armgcc/bin/../lib/gcc/arm-none-eabi/4.7.3/../../../../arm-none-eabi/lib/armv7e-m/fpu\libc_n.a(lib_a-strcat.o)
 .ARM.attributes
                0x000009b3       0x34 c:/emblocks/2.10/share/em_armgcc/bin/../lib/gcc/arm-none-eabi/4.7.3/../../../../arm-none-eabi/lib/armv7e-m/fpu\libc_n.a(lib_a-strchr.o)
 .ARM.attributes
                0x000009e7       0x34 c:/emblocks/2.10/share/em_armgcc/bin/../lib/gcc/arm-none-eabi/4.7.3/../../../../arm-none-eabi/lib/armv7e-m/fpu\libc_n.a(lib_a-strcpy.o)
 .ARM.attributes
                0x00000a1b       0x34 c:/emblocks/2.10/share/em_armgcc/bin/../lib/gcc/arm-none-eabi/4.7.3/../../../../arm-none-eabi/lib/armv7e-m/fpu\libc_n.a(lib_a-strlen.o)
 .ARM.attributes
                0x00000a4f       0x34 c:/emblocks/2.10/share/em_armgcc/bin/../lib/gcc/arm-none-eabi/4.7.3/../../../../arm-none-eabi/lib/armv7e-m/fpu\libc_n.a(lib_a-strncmp.o)
 .ARM.attributes
                0x00000a83       0x34 c:/emblocks/2.10/share/em_armgcc/bin/../lib/gcc/arm-none-eabi/4.7.3/../../../../arm-none-eabi/lib/armv7e-m/fpu\libc_n.a(lib_a-strncpy.o)
 .ARM.attributes
                0x00000ab7       0x34 c:/emblocks/2.10/share/em_armgcc/bin/../lib/gcc/arm-none-eabi/4.7.3/../../../../arm-none-eabi/lib/armv7e-m/fpu\libc_n.a(lib_a-svfprintf.o)
 .ARM.attributes
                0x00000aeb       0x34 c:/emblocks/2.10/share/em_armgcc/bin/../lib/gcc/arm-none-eabi/4.7.3/../../../../arm-none-eabi/lib/armv7e-m/fpu\libc_n.a(lib_a-vfprintf_i.o)
 .ARM.attributes
                0x00000b1f       0x34 c:/emblocks/2.10/share/em_armgcc/bin/../lib/gcc/arm-none-eabi/4.7.3/../../../../arm-none-eabi/lib/armv7e-m/fpu\libc_n.a(lib_a-freer.o)
 .ARM.attributes
                0x00000b53       0x34 c:/emblocks/2.10/share/em_armgcc/bin/../lib/gcc/arm-none-eabi/4.7.3/../../../../arm-none-eabi/lib/armv7e-m/fpu\libc_n.a(lib_a-mallocr.o)
 .ARM.attributes
                0x00000b87       0x34 c:/emblocks/2.10/share/em_armgcc/bin/../lib/gcc/arm-none-eabi/4.7.3/../../../../arm-none-eabi/lib/armv7e-m/fpu\libc_n.a(lib_a-reallocr.o)
 .ARM.attributes
                0x00000bbb       0x34 c:/emblocks/2.10/share/em_armgcc/bin/../lib/gcc/arm-none-eabi/4.7.3/../../../../arm-none-eabi/lib/armv7e-m/fpu\libc_n.a(lib_a-sbrkr.o)
 .ARM.attributes
                0x00000bef       0x34 c:/emblocks/2.10/share/em_armgcc/bin/../lib/gcc/arm-none-eabi/4.7.3/../../../../arm-none-eabi/lib/armv7e-m/fpu\libc_n.a(lib_a-msizer.o)
 .ARM.attributes
                0x00000c23       0x34 c:/emblocks/2.10/share/em_armgcc/bin/../lib/gcc/arm-none-eabi/4.7.3/../../../../arm-none-eabi/lib/armv7e-m/fpu\libc_n.a(lib_a-reent.o)
 .ARM.attributes
                0x00000c57       0x34 c:/emblocks/2.10/share/em_armgcc/bin/../lib/gcc/arm-none-eabi/4.7.3/../../../../arm-none-eabi/lib/armv7e-m/fpu\libnosys.a(sbrk.o)
 .ARM.attributes
                0x00000c8b       0x34 c:/emblocks/2.10/share/em_armgcc/bin/../lib/gcc/arm-none-eabi/4.7.3/../../../../arm-none-eabi/lib/armv7e-m/fpu\libnosys.a(_exit.o)
 .ARM.attributes
                0x00000cbf       0x34 c:/emblocks/2.10/share/em_armgcc/bin/../lib/gcc/arm-none-eabi/4.7.3/armv7e-m/fpu/crtend.o
 .ARM.attributes
                0x00000cf3       0x22 c:/emblocks/2.10/share/em_armgcc/bin/../lib/gcc/arm-none-eabi/4.7.3/armv7e-m/fpu/crtn.o

.comment        0x00000000       0x4e
 .comment       0x00000000       0x4e obj\debug\spl\src\misc.o
                                 0x4f (size before relaxing)
 .comment       0x00000000       0x4f obj\debug\spl\src\stm32f4xx_adc.o
 .comment       0x00000000       0x4f obj\debug\spl\src\stm32f4xx_dma.o
 .comment       0x00000000       0x4f obj\debug\spl\src\stm32f4xx_gpio.o
 .comment       0x00000000       0x4f obj\debug\spl\src\stm32f4xx_rcc.o
 .comment       0x00000000       0x4f obj\debug\spl\src\stm32f4xx_spi.o
 .comment       0x00000000       0x4f obj\debug\spl\src\stm32f4xx_usart.o
 .comment       0x00000000       0x4f obj\debug\freertos\src\event_groups.o
 .comment       0x00000000       0x4f obj\debug\freertos\src\heap_4.o
 .comment       0x00000000       0x4f obj\debug\freertos\src\list.o
 .comment       0x00000000       0x4f obj\debug\freertos\src\port.o
 .comment       0x00000000       0x4f obj\debug\freertos\src\queue.o
 .comment       0x00000000       0x4f obj\debug\freertos\src\tasks.o
 .comment       0x00000000       0x4f obj\debug\freertos\src\timers.o
 .comment       0x00000000       0x4f obj\debug\src\lcdshield.o
 .comment       0x00000000       0x4f obj\debug\src\analog_input.o
 .comment       0x00000000       0x4f obj\debug\src\comm.o
 .comment       0x00000000       0x4f obj\debug\src\data_blobs.o
 .comment       0x00000000       0x4f obj\debug\src\dhcp.o
 .comment       0x00000000       0x4f obj\debug\src\dns.o
 .comment       0x00000000       0x4f obj\debug\src\main.o
 .comment       0x00000000       0x4f obj\debug\src\my_helpers.o
 .comment       0x00000000       0x4f obj\debug\src\ringbuffer.o
 .comment       0x00000000       0x4f obj\debug\src\socket.o
 .comment       0x00000000       0x4f obj\debug\src\spliturl.o
 .comment       0x00000000       0x4f obj\debug\src\system_stm32f4xx.o
 .comment       0x00000000       0x4f obj\debug\src\term_io.o
 .comment       0x00000000       0x4f obj\debug\src\vs10xx.o
 .comment       0x00000000       0x4f obj\debug\src\w5500.o
 .comment       0x00000000       0x4f obj\debug\src\wizchip_conf.o

.debug_info     0x00000000    0x1b7db
 .debug_info    0x00000000      0x6b4 obj\debug\spl\src\misc.o
 .debug_info    0x000006b4     0x161c obj\debug\spl\src\stm32f4xx_adc.o
 .debug_info    0x00001cd0      0xcc7 obj\debug\spl\src\stm32f4xx_dma.o
 .debug_info    0x00002997      0xac0 obj\debug\spl\src\stm32f4xx_gpio.o
 .debug_info    0x00003457     0x176a obj\debug\spl\src\stm32f4xx_rcc.o
 .debug_info    0x00004bc1     0x13e4 obj\debug\spl\src\stm32f4xx_spi.o
 .debug_info    0x00005fa5     0x12c6 obj\debug\spl\src\stm32f4xx_usart.o
 .debug_info    0x0000726b      0xa33 obj\debug\freertos\src\event_groups.o
 .debug_info    0x00007c9e      0x423 obj\debug\freertos\src\heap_4.o
 .debug_info    0x000080c1      0x2c2 obj\debug\freertos\src\list.o
 .debug_info    0x00008383      0x42e obj\debug\freertos\src\port.o
 .debug_info    0x000087b1     0x15b8 obj\debug\freertos\src\queue.o
 .debug_info    0x00009d69     0x1b23 obj\debug\freertos\src\tasks.o
 .debug_info    0x0000b88c      0xfd8 obj\debug\freertos\src\timers.o
 .debug_info    0x0000c864      0xa8b obj\debug\src\lcdshield.o
 .debug_info    0x0000d2ef      0x7cd obj\debug\src\analog_input.o
 .debug_info    0x0000dabc      0x2f5 obj\debug\src\comm.o
 .debug_info    0x0000ddb1       0xf4 obj\debug\src\data_blobs.o
 .debug_info    0x0000dea5      0xea8 obj\debug\src\dhcp.o
 .debug_info    0x0000ed4d      0xc87 obj\debug\src\dns.o
 .debug_info    0x0000f9d4     0x3f4e obj\debug\src\main.o
 .debug_info    0x00013922      0x910 obj\debug\src\my_helpers.o
 .debug_info    0x00014232      0x74b obj\debug\src\ringbuffer.o
 .debug_info    0x0001497d     0x10ed obj\debug\src\socket.o
 .debug_info    0x00015a6a      0xba5 obj\debug\src\spliturl.o
 .debug_info    0x0001660f       0x63 obj\debug\src\startup_stm32f4xx.o
 .debug_info    0x00016672      0x64b obj\debug\src\system_stm32f4xx.o
 .debug_info    0x00016cbd      0x749 obj\debug\src\term_io.o
 .debug_info    0x00017406     0x2978 obj\debug\src\vs10xx.o
 .debug_info    0x00019d7e      0x7fe obj\debug\src\w5500.o
 .debug_info    0x0001a57c     0x125f obj\debug\src\wizchip_conf.o

.debug_abbrev   0x00000000     0x475a
 .debug_abbrev  0x00000000      0x16c obj\debug\spl\src\misc.o
 .debug_abbrev  0x0000016c      0x20d obj\debug\spl\src\stm32f4xx_adc.o
 .debug_abbrev  0x00000379      0x1d2 obj\debug\spl\src\stm32f4xx_dma.o
 .debug_abbrev  0x0000054b      0x226 obj\debug\spl\src\stm32f4xx_gpio.o
 .debug_abbrev  0x00000771      0x1f2 obj\debug\spl\src\stm32f4xx_rcc.o
 .debug_abbrev  0x00000963      0x217 obj\debug\spl\src\stm32f4xx_spi.o
 .debug_abbrev  0x00000b7a      0x21d obj\debug\spl\src\stm32f4xx_usart.o
 .debug_abbrev  0x00000d97      0x2b3 obj\debug\freertos\src\event_groups.o
 .debug_abbrev  0x0000104a      0x234 obj\debug\freertos\src\heap_4.o
 .debug_abbrev  0x0000127e       0xfb obj\debug\freertos\src\list.o
 .debug_abbrev  0x00001379      0x210 obj\debug\freertos\src\port.o
 .debug_abbrev  0x00001589      0x315 obj\debug\freertos\src\queue.o
 .debug_abbrev  0x0000189e      0x3c4 obj\debug\freertos\src\tasks.o
 .debug_abbrev  0x00001c62      0x30c obj\debug\freertos\src\timers.o
 .debug_abbrev  0x00001f6e      0x25b obj\debug\src\lcdshield.o
 .debug_abbrev  0x000021c9      0x1d3 obj\debug\src\analog_input.o
 .debug_abbrev  0x0000239c      0x158 obj\debug\src\comm.o
 .debug_abbrev  0x000024f4       0x71 obj\debug\src\data_blobs.o
 .debug_abbrev  0x00002565      0x317 obj\debug\src\dhcp.o
 .debug_abbrev  0x0000287c      0x304 obj\debug\src\dns.o
 .debug_abbrev  0x00002b80      0x4db obj\debug\src\main.o
 .debug_abbrev  0x0000305b      0x28c obj\debug\src\my_helpers.o
 .debug_abbrev  0x000032e7      0x216 obj\debug\src\ringbuffer.o
 .debug_abbrev  0x000034fd      0x1e2 obj\debug\src\socket.o
 .debug_abbrev  0x000036df      0x28e obj\debug\src\spliturl.o
 .debug_abbrev  0x0000396d       0x14 obj\debug\src\startup_stm32f4xx.o
 .debug_abbrev  0x00003981      0x164 obj\debug\src\system_stm32f4xx.o
 .debug_abbrev  0x00003ae5      0x20a obj\debug\src\term_io.o
 .debug_abbrev  0x00003cef      0x480 obj\debug\src\vs10xx.o
 .debug_abbrev  0x0000416f      0x254 obj\debug\src\w5500.o
 .debug_abbrev  0x000043c3      0x397 obj\debug\src\wizchip_conf.o

.debug_loc      0x00000000    0x12303
 .debug_loc     0x00000000      0x26a obj\debug\spl\src\misc.o
 .debug_loc     0x0000026a     0x140c obj\debug\spl\src\stm32f4xx_adc.o
 .debug_loc     0x00001676      0x8a6 obj\debug\spl\src\stm32f4xx_dma.o
 .debug_loc     0x00001f1c      0x729 obj\debug\spl\src\stm32f4xx_gpio.o
 .debug_loc     0x00002645     0x16ff obj\debug\spl\src\stm32f4xx_rcc.o
 .debug_loc     0x00003d44      0xcc3 obj\debug\spl\src\stm32f4xx_spi.o
 .debug_loc     0x00004a07      0xe79 obj\debug\spl\src\stm32f4xx_usart.o
 .debug_loc     0x00005880      0xb3a obj\debug\freertos\src\event_groups.o
 .debug_loc     0x000063ba      0x3ba obj\debug\freertos\src\heap_4.o
 .debug_loc     0x00006774       0xac obj\debug\freertos\src\list.o
 .debug_loc     0x00006820      0x1c6 obj\debug\freertos\src\port.o
 .debug_loc     0x000069e6     0x1390 obj\debug\freertos\src\queue.o
 .debug_loc     0x00007d76     0x11a5 obj\debug\freertos\src\tasks.o
 .debug_loc     0x00008f1b      0x787 obj\debug\freertos\src\timers.o
 .debug_loc     0x000096a2      0x38a obj\debug\src\lcdshield.o
 .debug_loc     0x00009a2c       0xd2 obj\debug\src\analog_input.o
 .debug_loc     0x00009afe       0x81 obj\debug\src\comm.o
 .debug_loc     0x00009b7f      0xbd3 obj\debug\src\dhcp.o
 .debug_loc     0x0000a752      0xfd9 obj\debug\src\dns.o
 .debug_loc     0x0000b72b      0xc91 obj\debug\src\main.o
 .debug_loc     0x0000c3bc      0x36b obj\debug\src\my_helpers.o
 .debug_loc     0x0000c727      0x778 obj\debug\src\ringbuffer.o
 .debug_loc     0x0000ce9f     0x11c6 obj\debug\src\socket.o
 .debug_loc     0x0000e065     0x187e obj\debug\src\spliturl.o
 .debug_loc     0x0000f8e3      0x12d obj\debug\src\system_stm32f4xx.o
 .debug_loc     0x0000fa10      0x971 obj\debug\src\term_io.o
 .debug_loc     0x00010381      0xc08 obj\debug\src\vs10xx.o
 .debug_loc     0x00010f89      0x6c2 obj\debug\src\w5500.o
 .debug_loc     0x0001164b      0xcb8 obj\debug\src\wizchip_conf.o

.debug_aranges  0x00000000     0x11a8
 .debug_aranges
                0x00000000       0x40 obj\debug\spl\src\misc.o
 .debug_aranges
                0x00000040      0x148 obj\debug\spl\src\stm32f4xx_adc.o
 .debug_aranges
                0x00000188       0xb0 obj\debug\spl\src\stm32f4xx_dma.o
 .debug_aranges
                0x00000238       0x88 obj\debug\spl\src\stm32f4xx_gpio.o
 .debug_aranges
                0x000002c0      0x1b8 obj\debug\spl\src\stm32f4xx_rcc.o
 .debug_aranges
                0x00000478       0xe0 obj\debug\spl\src\stm32f4xx_spi.o
 .debug_aranges
                0x00000558      0x100 obj\debug\spl\src\stm32f4xx_usart.o
 .debug_aranges
                0x00000658       0x68 obj\debug\freertos\src\event_groups.o
 .debug_aranges
                0x000006c0       0x48 obj\debug\freertos\src\heap_4.o
 .debug_aranges
                0x00000708       0x40 obj\debug\freertos\src\list.o
 .debug_aranges
                0x00000748       0x98 obj\debug\freertos\src\port.o
 .debug_aranges
                0x000007e0       0xe8 obj\debug\freertos\src\queue.o
 .debug_aranges
                0x000008c8      0x128 obj\debug\freertos\src\tasks.o
 .debug_aranges
                0x000009f0       0x68 obj\debug\freertos\src\timers.o
 .debug_aranges
                0x00000a58       0x68 obj\debug\src\lcdshield.o
 .debug_aranges
                0x00000ac0       0x30 obj\debug\src\analog_input.o
 .debug_aranges
                0x00000af0       0x30 obj\debug\src\comm.o
 .debug_aranges
                0x00000b20       0x18 obj\debug\src\data_blobs.o
 .debug_aranges
                0x00000b38       0xc0 obj\debug\src\dhcp.o
 .debug_aranges
                0x00000bf8       0x70 obj\debug\src\dns.o
 .debug_aranges
                0x00000c68       0xc8 obj\debug\src\main.o
 .debug_aranges
                0x00000d30       0x40 obj\debug\src\my_helpers.o
 .debug_aranges
                0x00000d70       0x80 obj\debug\src\ringbuffer.o
 .debug_aranges
                0x00000df0       0x78 obj\debug\src\socket.o
 .debug_aranges
                0x00000e68       0x58 obj\debug\src\spliturl.o
 .debug_aranges
                0x00000ec0       0x20 obj\debug\src\startup_stm32f4xx.o
 .debug_aranges
                0x00000ee0       0x28 obj\debug\src\system_stm32f4xx.o
 .debug_aranges
                0x00000f08       0x58 obj\debug\src\term_io.o
 .debug_aranges
                0x00000f60       0xc8 obj\debug\src\vs10xx.o
 .debug_aranges
                0x00001028       0x60 obj\debug\src\w5500.o
 .debug_aranges
                0x00001088      0x120 obj\debug\src\wizchip_conf.o

.debug_ranges   0x00000000     0x1310
 .debug_ranges  0x00000000       0x30 obj\debug\spl\src\misc.o
 .debug_ranges  0x00000030      0x138 obj\debug\spl\src\stm32f4xx_adc.o
 .debug_ranges  0x00000168       0xa0 obj\debug\spl\src\stm32f4xx_dma.o
 .debug_ranges  0x00000208       0x78 obj\debug\spl\src\stm32f4xx_gpio.o
 .debug_ranges  0x00000280      0x1a8 obj\debug\spl\src\stm32f4xx_rcc.o
 .debug_ranges  0x00000428       0xd0 obj\debug\spl\src\stm32f4xx_spi.o
 .debug_ranges  0x000004f8       0xf0 obj\debug\spl\src\stm32f4xx_usart.o
 .debug_ranges  0x000005e8       0xa8 obj\debug\freertos\src\event_groups.o
 .debug_ranges  0x00000690       0x38 obj\debug\freertos\src\heap_4.o
 .debug_ranges  0x000006c8       0x30 obj\debug\freertos\src\list.o
 .debug_ranges  0x000006f8       0x88 obj\debug\freertos\src\port.o
 .debug_ranges  0x00000780       0xd8 obj\debug\freertos\src\queue.o
 .debug_ranges  0x00000858      0x190 obj\debug\freertos\src\tasks.o
 .debug_ranges  0x000009e8       0xe8 obj\debug\freertos\src\timers.o
 .debug_ranges  0x00000ad0       0x58 obj\debug\src\lcdshield.o
 .debug_ranges  0x00000b28       0x20 obj\debug\src\analog_input.o
 .debug_ranges  0x00000b48       0x20 obj\debug\src\comm.o
 .debug_ranges  0x00000b68       0xb0 obj\debug\src\dhcp.o
 .debug_ranges  0x00000c18       0xa8 obj\debug\src\dns.o
 .debug_ranges  0x00000cc0      0x108 obj\debug\src\main.o
 .debug_ranges  0x00000dc8       0x48 obj\debug\src\my_helpers.o
 .debug_ranges  0x00000e10       0x70 obj\debug\src\ringbuffer.o
 .debug_ranges  0x00000e80       0x80 obj\debug\src\socket.o
 .debug_ranges  0x00000f00       0x48 obj\debug\src\spliturl.o
 .debug_ranges  0x00000f48       0x48 obj\debug\src\system_stm32f4xx.o
 .debug_ranges  0x00000f90       0xa8 obj\debug\src\term_io.o
 .debug_ranges  0x00001038      0x178 obj\debug\src\vs10xx.o
 .debug_ranges  0x000011b0       0x50 obj\debug\src\w5500.o
 .debug_ranges  0x00001200      0x110 obj\debug\src\wizchip_conf.o

.debug_macro    0x00000000    0x12ec6
 .debug_macro   0x00000000      0x188 obj\debug\spl\src\misc.o
 .debug_macro   0x00000188      0x82c obj\debug\spl\src\misc.o
 .debug_macro   0x000009b4       0x6a obj\debug\spl\src\misc.o
 .debug_macro   0x00000a1e       0x35 obj\debug\spl\src\misc.o
 .debug_macro   0x00000a53       0x3a obj\debug\spl\src\misc.o
 .debug_macro   0x00000a8d       0x10 obj\debug\spl\src\misc.o
 .debug_macro   0x00000a9d       0x2e obj\debug\spl\src\misc.o
 .debug_macro   0x00000acb       0xa2 obj\debug\spl\src\misc.o
 .debug_macro   0x00000b6d      0x20e obj\debug\spl\src\misc.o
 .debug_macro   0x00000d7b       0x18 obj\debug\spl\src\misc.o
 .debug_macro   0x00000d93       0x42 obj\debug\spl\src\misc.o
 .debug_macro   0x00000dd5      0x8cb obj\debug\spl\src\misc.o
 .debug_macro   0x000016a0     0x796c obj\debug\spl\src\misc.o
 .debug_macro   0x0000900c      0x44f obj\debug\spl\src\misc.o
 .debug_macro   0x0000945b       0xb2 obj\debug\spl\src\misc.o
 .debug_macro   0x0000950d      0x477 obj\debug\spl\src\misc.o
 .debug_macro   0x00009984       0xae obj\debug\spl\src\misc.o
 .debug_macro   0x00009a32      0x41c obj\debug\spl\src\misc.o
 .debug_macro   0x00009e4e      0x2b5 obj\debug\spl\src\misc.o
 .debug_macro   0x0000a103      0x2bb obj\debug\spl\src\misc.o
 .debug_macro   0x0000a3be       0x64 obj\debug\spl\src\misc.o
 .debug_macro   0x0000a422       0xe7 obj\debug\spl\src\misc.o
 .debug_macro   0x0000a509      0x628 obj\debug\spl\src\misc.o
 .debug_macro   0x0000ab31      0x57b obj\debug\spl\src\misc.o
 .debug_macro   0x0000b0ac      0x342 obj\debug\spl\src\misc.o
 .debug_macro   0x0000b3ee      0x36c obj\debug\spl\src\misc.o
 .debug_macro   0x0000b75a       0xf0 obj\debug\spl\src\misc.o
 .debug_macro   0x0000b84a      0x73b obj\debug\spl\src\misc.o
 .debug_macro   0x0000bf85      0x223 obj\debug\spl\src\misc.o
 .debug_macro   0x0000c1a8       0x34 obj\debug\spl\src\misc.o
 .debug_macro   0x0000c1dc       0x35 obj\debug\spl\src\misc.o
 .debug_macro   0x0000c211       0x7c obj\debug\spl\src\misc.o
 .debug_macro   0x0000c28d      0x206 obj\debug\spl\src\stm32f4xx_adc.o
 .debug_macro   0x0000c493       0x82 obj\debug\spl\src\stm32f4xx_adc.o
 .debug_macro   0x0000c515      0x1d6 obj\debug\spl\src\stm32f4xx_dma.o
 .debug_macro   0x0000c6eb      0x471 obj\debug\spl\src\stm32f4xx_dma.o
 .debug_macro   0x0000cb5c      0x182 obj\debug\spl\src\stm32f4xx_gpio.o
 .debug_macro   0x0000ccde      0x2af obj\debug\spl\src\stm32f4xx_gpio.o
 .debug_macro   0x0000cf8d      0x24c obj\debug\spl\src\stm32f4xx_rcc.o
 .debug_macro   0x0000d1d9      0x622 obj\debug\spl\src\stm32f4xx_rcc.o
 .debug_macro   0x0000d7fb      0x1ad obj\debug\spl\src\stm32f4xx_spi.o
 .debug_macro   0x0000d9a8      0x366 obj\debug\spl\src\stm32f4xx_spi.o
 .debug_macro   0x0000dd0e      0x19a obj\debug\spl\src\stm32f4xx_usart.o
 .debug_macro   0x0000dea8      0x21d obj\debug\spl\src\stm32f4xx_usart.o
 .debug_macro   0x0000e0c5      0x191 obj\debug\freertos\src\event_groups.o
 .debug_macro   0x0000e256       0x16 obj\debug\freertos\src\event_groups.o
 .debug_macro   0x0000e26c      0x10e obj\debug\freertos\src\event_groups.o